06-12 15:52:31.224 5039-17401/? W/StorageManager: getStorageLowBytes lowPercent : 5, lowBytes : 1332964147, maxLowBytes : 524288000
06-12 15:52:31.244 28542-29020/? D/GcOptimizer: Configure for next cold start: disable
06-12 15:52:31.268 26842-29008/? I/ExynosCameraMCPipe: [CAM_ID(0)][PIPE_3AA]-INFO(m_getBuffer[2254]):InternalFrame(5) frameCount(2)                    : captureNodeCount == 0 || checkRet(0) != NO_ERROR.                    so, setFrameState(FRAME_STATE_SKIPPED)
06-12 15:52:31.268 26842-29009/? I/ExynosCameraMCPipe: [CAM_ID(0)][PIPE_ISP]-INFO(m_putBuffer[1573]):Internal Frame(5), frameCount(2) (0)
06-12 15:52:31.268 26842-29009/? D/ExynosCameraMCPipe: [CAM_ID(0)][PIPE_ISP]-DEBUG(m_putBuffer[1864]):clean frame, frameCount(2)
    [CAM_ID(0)][PIPE_ISP]-DEBUG(m_completeFrame[2816]):NOT DONE frameCount(2)
06-12 15:52:31.268 26842-29009/? W/ExynosCameraMCPipe: [CAM_ID(0)][PIPE_ISP]-WARN(m_putBufferThreadFunc[1507]):m_putbuffer fail, ret(-38)
06-12 15:52:31.275 5039-5054/? W/BroadcastQueue: Permission Denial: broadcasting Intent { act=android.net.conn.CONNECTIVITY_CHANGE flg=0x4000010 (has extras) } from null (pid=-1, uid=-1) requires com.facebook.permission.prod.FB_APP_COMMUNICATION due to registered receiver BroadcastFilter{97a83f0 u0 ReceiverList{95b0433 28542 com.facebook.katana/10104/u0 remote:d161fa2}}
06-12 15:52:31.276 5039-5054/? W/BroadcastQueue: Permission Denial: broadcasting Intent { act=android.net.conn.INET_CONDITION_ACTION flg=0x4000010 (has extras) } from null (pid=-1, uid=-1) requires com.facebook.permission.prod.FB_APP_COMMUNICATION due to registered receiver BroadcastFilter{97a83f0 u0 ReceiverList{95b0433 28542 com.facebook.katana/10104/u0 remote:d161fa2}}
06-12 15:52:31.303 26842-29009/? D/ExynosCameraMCPipe: [CAM_ID(0)][PIPE_ISP]-DEBUG(m_checkNodeGroupInfo[3548]):(ISP_OUTPUT):oldCropSize(0, 0, 0, 0 / 0, 0, 0, 0) -> newCropSize(0, 0, 4032, 3024 / 0, 0, 4032, 3024)
    [CAM_ID(0)][PIPE_ISP]-DEBUG(m_checkNodeGroupInfo[3548]):(MCSC_PREVIEW):oldCropSize(0, 0, 0, 0 / 0, 0, 0, 0) -> newCropSize(0, 0, 4032, 3024 / 0, 0, 640, 480)
    [CAM_ID(0)][PIPE_ISP]-DEBUG(m_checkNodeGroupInfo[3548]):(MCSC_PREVIEW_CALLBACK):oldCropSize(0, 0, 0, 0 / 0, 0, 0, 0) -> newCropSize(0, 378, 4032, 2268 / 0, 0, 1920, 1080)
    [CAM_ID(0)][PIPE_ISP]-DEBUG(m_checkNodeGroupInfo[3548]):(MCSC_RECORDING):oldCropSize(0, 0, 0, 0 / 0, 0, 0, 0) -> newCropSize(0, 0, 4032, 3024 / 0, 0, 4032, 3024)
06-12 15:52:31.313 28542-29022/? W/fb4a.ServiceInfoParser: X.447: Service com.facebook.analytics2.logger.LollipopUploadService is missing meta key com.facebook.common.jobscheduler.compat.jobIds
    X.447: Service com.facebook.backgroundlocation.reporting.periodic.PeriodicSignalCollectorJobService is missing meta key com.facebook.common.jobscheduler.compat.jobIds
06-12 15:52:31.333 28420-28972/? I/native: cameras.cc:823 Timebase offset intialized to 0
06-12 15:52:31.334 28420-28456/? W/GLConsumer: [SurfaceTexture--1-28420-0] bindTextureImage: clearing GL error: 0x500
06-12 15:52:31.335 28420-28940/? I/native: arcore_feature_extractor_wrapper.cc:29 Extracting features using  ArcoreFeatureExtractorWrapper.
    arcore_feature_extractor_wrapper.cc:48 Narrow camera model.
06-12 15:52:31.343 26842-28989/? D/ExynosCameraBufferManager: [CAM_ID(0)][PREVIEW_CB_STREAM_BUF]-DEBUG(getIndexByHandle[3160]): assigned new buffer handle(0x0) Index(23)
    [CAM_ID(0)][PREVIEW_STREAM_BUF]-DEBUG(getIndexByHandle[3160]): assigned new buffer handle(0x0) Index(23)
06-12 15:52:31.345 3092-3092/? E/audit: avc:  denied  { find } for interface=android.hardware.memtrack::IMemtrack pid=28542 scontext=u:r:untrusted_app_25:s0:c512,c768 tcontext=u:object_r:hal_memtrack_hwservice:s0 tclass=hwservice_manager
06-12 15:52:31.347 3092-3092/? E/audit: avc:  denied  { find } for interface=android.hardware.memtrack::IMemtrack pid=28542 scontext=u:r:untrusted_app_25:s0:c512,c768 tcontext=u:object_r:hal_memtrack_hwservice:s0 tclass=hwservice_manager
06-12 15:52:31.348 26842-29016/? I/ExynosCamera3: [CAM_ID(0)][]-INFO(m_monitorThreadFunc[8024]):@FIMC_IS_SYNC 1
06-12 15:52:31.348 26842-29016/? D/ExynosCameraMCPipe: [CAM_ID(0)][PIPE_3AA]-DEBUG(syncLog[1299])
06-12 15:52:31.350 28542-29004/? E/memtrack: Couldn't load memtrack module
06-12 15:52:31.350 28542-29004/? W/android.os.Debug: failed to get memory consumption info: -1
06-12 15:52:31.352 28420-28940/? I/ATRACE: Using __system_property_wait to update tags
06-12 15:52:31.352 28420-29023/? I/ATRACE: Updated trace tags to 4097
06-12 15:52:31.374 26842-28989/? D/ExynosCameraBufferManager: [CAM_ID(0)][PREVIEW_CB_STREAM_BUF]-DEBUG(getIndexByHandle[3160]): assigned new buffer handle(0x0) Index(22)
06-12 15:52:31.405 26842-28989/? D/ExynosCameraBufferManager: [CAM_ID(0)][PREVIEW_CB_STREAM_BUF]-DEBUG(getIndexByHandle[3160]): assigned new buffer handle(0x0) Index(21)
06-12 15:52:31.406 28542-29022/? W/fb4a.ServiceInfoParser: X.447: Service com.facebook.push.fbpushdata.FbPushDataHandlerService is missing meta key com.facebook.common.jobscheduler.compat.jobIds
06-12 15:52:31.414 5039-17401/? I/EDMNativeHelperService: isCameraEnabled
06-12 15:52:31.416 28420-28945/? W/native: gyro_helper.cc:59 Gyro samples do not cover << [ 0 ; 611682.479328318965 ] sec. Use identity R. Gyro samples cover [ 611681.539617247996 ; 611682.597603705944 ] sec.
    feature_processing.cc:152 Skipping first feature measurement because we don't have a previous to diff against.
06-12 15:52:31.417 28420-28942/? I/native: vio_initializer.cc:635 Not accepting frame as first BA keyframe.
06-12 15:52:31.419 26842-29017/? W/ExynosCamera3: [CAM_ID(0)][]-WARN(m_internalFrameThreadFunc):wait timeout
06-12 15:52:31.438 26842-28989/? D/ExynosCameraBufferManager: [CAM_ID(0)][PREVIEW_CB_STREAM_BUF]-DEBUG(getIndexByHandle[3160]): assigned new buffer handle(0x0) Index(20)
06-12 15:52:31.455 5039-17401/? D/ConnectivityService: filterNetworkStateForUid() uid: 10104 networkInfo: [type: WIFI[] - WIFI, state: CONNECTED/CONNECTED, reason: (unspecified), extra: "Bearwithme", failover: false, available: true, roaming: false, metered: false]
06-12 15:52:31.457 5039-17401/? D/ConnectivityService: filterNetworkStateForUid() uid: 10104 networkInfo: [type: WIFI[] - WIFI, state: CONNECTED/CONNECTED, reason: (unspecified), extra: "Bearwithme", failover: false, available: true, roaming: false, metered: false]
06-12 15:52:31.461 5039-5054/? W/BroadcastQueue: Permission Denial: broadcasting Intent { act=android.net.conn.CONNECTIVITY_CHANGE flg=0x4000010 (has extras) } from null (pid=-1, uid=-1) requires com.facebook.permission.prod.FB_APP_COMMUNICATION due to registered receiver BroadcastFilter{f6000fa u0 ReceiverList{ee78725 28542 com.facebook.katana/10104/u0 remote:69bef1c}}
06-12 15:52:31.472 26842-28989/? D/ExynosCameraBufferManager: [CAM_ID(0)][PREVIEW_CB_STREAM_BUF]-DEBUG(getIndexByHandle[3160]): assigned new buffer handle(0x0) Index(19)
06-12 15:52:31.505 28420-28943/? I/native: vio_initializer.cc:635 Not accepting frame as first BA keyframe.
06-12 15:52:31.506 26842-28989/? D/ExynosCameraBufferManager: [CAM_ID(0)][PREVIEW_CB_STREAM_BUF]-DEBUG(getIndexByHandle[3160]): assigned new buffer handle(0x0) Index(18)
06-12 15:52:31.540 26842-28989/? D/ExynosCameraBufferManager: [CAM_ID(0)][PREVIEW_CB_STREAM_BUF]-DEBUG(getIndexByHandle[3160]): assigned new buffer handle(0x0) Index(17)
06-12 15:52:31.573 26842-28989/? D/ExynosCameraBufferManager: [CAM_ID(0)][PREVIEW_CB_STREAM_BUF]-DEBUG(getIndexByHandle[3160]): assigned new buffer handle(0x0) Index(16)
06-12 15:52:31.598 28420-28942/? I/native: vio_initializer.cc:635 Not accepting frame as first BA keyframe.
06-12 15:52:31.605 26842-28989/? D/ExynosCameraBufferManager: [CAM_ID(0)][PREVIEW_CB_STREAM_BUF]-DEBUG(getIndexByHandle[3160]): assigned new buffer handle(0x0) Index(15)
06-12 15:52:31.638 26842-28989/? D/ExynosCameraBufferManager: [CAM_ID(0)][PREVIEW_CB_STREAM_BUF]-DEBUG(getIndexByHandle[3160]): assigned new buffer handle(0x0) Index(14)
06-12 15:52:31.639 5039-5716/? D/PackageManager: setEnabledSetting : userId = 0 packageName = com.facebook.katana cmp = com.facebook.inspiration.shortcut.InspirationCameraExternalShareActivity newState = 1 callingPackage = 10104/com.facebook.katana
06-12 15:52:31.652 5039-5716/? D/PackageManager: setEnabledSetting : userId = 0 packageName = com.facebook.katana cmp = com.facebook.inspiration.shortcut.InspirationCameraExternalShareActivityTestA newState = 2 callingPackage = 10104/com.facebook.katana
06-12 15:52:31.657 5039-5716/? D/PackageManager: setEnabledSetting : userId = 0 packageName = com.facebook.katana cmp = com.facebook.inspiration.shortcut.InspirationCameraExternalShareActivityTestB newState = 2 callingPackage = 10104/com.facebook.katana
06-12 15:52:31.662 5039-5716/? D/PackageManager: setEnabledSetting : userId = 0 packageName = com.facebook.katana cmp = com.facebook.inspiration.shortcut.InspirationCameraIntentLaunchActivity newState = 2 callingPackage = 10104/com.facebook.katana
06-12 15:52:31.672 26842-28989/? D/ExynosCameraBufferManager: [CAM_ID(0)][PREVIEW_CB_STREAM_BUF]-DEBUG(getIndexByHandle[3160]): assigned new buffer handle(0x0) Index(13)
06-12 15:52:31.675 28542-29020/? W/fb4a.0JA: Called user scoped provider with no viewer. ViewerContextManager was created with no ViewerContext. Using EmptyViewerContextManager to return fake logged in instance.
06-12 15:52:31.716 28542-29022/? W/fb4a.0JA: Called user scoped provider with no viewer. ViewerContextManager was created with no ViewerContext. Using EmptyViewerContextManager to return fake logged in instance.
06-12 15:52:31.720 5039-5054/? D/StorageManagerService: getExternalStorageMountMode : 1
06-12 15:52:31.722 5039-5054/? D/StorageManagerService: getExternalStorageMountMode : 3
    getExternalStorageMountMode : final mountMode=1, uid : 10005, packageName : com.sec.android.provider.badge
06-12 15:52:31.723 5039-5054/? I/ApplicationPolicy: isApplicationExternalStorageWhitelisted:com.sec.android.provider.badge user:0
06-12 15:52:31.723 5039-5054/? D/ApplicationPolicy: isApplicationExternalStorageWhitelisted: DO is not enabled on user 0. Allowed.
06-12 15:52:31.724 5039-5054/? D/ActivityManager: package  com.sec.android.provider.badge, user - 0 is SDcard whitelisted
06-12 15:52:31.724 5039-5054/? I/ApplicationPolicy: isApplicationExternalStorageBlacklisted:com.sec.android.provider.badge user:0
06-12 15:52:31.724 5039-5054/? D/ApplicationPolicy: isApplicationExternalStorageBlacklisted: DO is not enabled on user 0. Allowed.
06-12 15:52:31.750 28542-29020/? W/fb4a.0JA: Called user scoped provider with no viewer. ViewerContextManager was created with no ViewerContext. Using EmptyViewerContextManager to return fake logged in instance.
06-12 15:52:31.751 29029-29029/? E/Zygote: isWhitelistProcess - Process is Whitelisted
06-12 15:52:31.752 29029-29029/? E/libpersona: scanKnoxPersonas
    Couldn't open the File - /data/system/users/0/personalist.xml - No such file or directory
06-12 15:52:31.755 29029-29029/? W/SELinux: SELinux selinux_android_compute_policy_index : Policy Index[2],  Con:u:r:zygote:s0 RAM:SEPF_SM-G935F_8.0.0_0007, [-1 -1 -1 -1 0 1]
06-12 15:52:31.756 29029-29029/? I/SELinux: SELinux: seapp_context_lookup: seinfo=platform, level=s0:c512,c768, pkgname=com.sec.android.provider.badge 
06-12 15:52:31.759 29029-29029/? I/zygote64: Late-enabling -Xcheck:jni
06-12 15:52:31.765 5039-5054/? I/ActivityManager: Start proc 29029:com.sec.android.provider.badge/u0a5 for broadcast com.sec.android.provider.badge/.BadgeCountReceiver
06-12 15:52:31.790 29029-29029/? D/TimaKeyStoreProvider: TimaKeyStore is not enabled: cannot add TimaSignature Service and generateKeyPair Service
06-12 15:52:31.791 29029-29029/? D/ActivityThread: Added TimaKeyStore provider
06-12 15:52:31.799 5039-5716/? I/ActivityManager: DSS on for com.sec.android.provider.badge and scale is 1.0
06-12 15:52:31.823 5039-17401/? D/SamsungAlarmManager: setInexact Intent (T:0/F:0/AC:false) 20180618T130000 - CU:10104/CP:28542
06-12 15:52:31.841 29029-29029/? I/zygote64: no shared libraies, dex_files: 1
06-12 15:52:31.851 28542-29020/? W/fb4a.0JA: Called user scoped provider with no viewer. ViewerContextManager was created with no ViewerContext. Using EmptyViewerContextManager to return fake logged in instance.
06-12 15:52:31.865 29029-29029/? D/BadgeProvider: onCreate
06-12 15:52:31.866 29029-29029/? D/BadgeProvider: DatabaseHelper
06-12 15:52:31.876 29029-29029/? D/BadgeCountReceiver: badge intent : Intent { act=android.intent.action.BADGE_COUNT_UPDATE flg=0x10 cmp=com.sec.android.provider.badge/.BadgeCountReceiver (has extras) }
    packageName: com.facebook.katana, className: com.facebook.katana.LoginActivity, count: 0
06-12 15:52:31.901 29029-29029/? D/BadgeProvider: onOpen
06-12 15:52:31.903 29029-29029/? D/BaseReflect: null getOwnClass TEST
06-12 15:52:31.905 29029-29029/? D/MethodReflector: android.content.ContentResolver getClass TEST
06-12 15:52:31.906 29029-29029/? D/BaseReflect: class android.content.ContentResolver isSupportClass TEST
    class android.content.ContentResolver getOwnClass TEST
06-12 15:52:31.912 29029-29029/? D/MethodReflector: notifyChange is called
06-12 15:52:31.912 6516-6516/? D/CatchNotificationsService: Update badge
06-12 15:52:31.916 29029-29029/? D/BadgeProvider: sendNotify entered. [uri] : content://com.sec.badge/apps
    sendNotify, [notify] : null
06-12 15:52:31.916 5039-5039/? D/PreBindingService: handleMessage : 1
06-12 15:52:31.916 29029-29029/? D/BadgeProvider: sendNotify, [notify] : null
06-12 15:52:31.919 29029-29029/? D/BadgeProvider: update, getCallingPackage() : com.sec.android.provider.badge
    update, [uri] : content://com.sec.badge/apps
    update, [uri.query] : null
    update, [BadgeCount] : badgecount=0
    update, [UpdateCount] : 1
06-12 15:52:31.933 29029-29041/? D/BadgeProvider: query, [selection] : null
06-12 15:52:31.944 5039-5039/? D/PreBindingService: handleMessage : 1
06-12 15:52:31.950 6516-6516/? D/CatchNotificationsService: Update badge
06-12 15:52:31.957 29029-29041/? D/BadgeProvider: query, [selection] : null
06-12 15:52:31.959 28542-29024/? W/fb4a.BlueServiceQueue: Exception during service
    X.2Kv: auth token while building handleFetchConfiguration is null, user logged out?
        at X.2eL.E(:623505)
        at X.2KQ.A(:567489)
        at X.4d1.hjB(:945761)
        at X.1uR.run(:479459)
        at java.util.concurrent.Executors$RunnableAdapter.call(Executors.java:457)
        at java.util.concurrent.FutureTask.run(FutureTask.java:266)
        at X.11v.run(:238924)
        at android.os.Handler.handleCallback(Handler.java:789)
        at android.os.Handler.dispatchMessage(Handler.java:98)
        at android.os.Looper.loop(Looper.java:164)
        at android.os.HandlerThread.run(HandlerThread.java:65)
06-12 15:52:31.965 4727-4727/? V/APM_AudioPolicyManager: getAudioPolicyConfig: audioParam;outDevice
06-12 15:52:31.966 4727-4727/? V/APM_AudioPolicyManager: getNewOutputDevice() selected device 0
    ### curdevice : 2
06-12 15:52:31.967 4727-4727/? V/APM_AudioPolicyManager: getAudioPolicyConfig: audioParam;outDevice
    getNewOutputDevice() selected device 0
    ### curdevice : 2
    getAudioPolicyConfig: audioParam;outDevice
06-12 15:52:31.968 4727-4727/? V/APM_AudioPolicyManager: getNewOutputDevice() selected device 0
    ### curdevice : 2
06-12 15:52:31.980 4727-4727/? V/APM_AudioPolicyManager: getAudioPolicyConfig: audioParam;activeStream
    ### active stream : 0
06-12 15:52:31.981 5039-16069/? D/AudioService: active stream is 0x0
06-12 15:52:32.015 28420-28944/? I/native: ba_initialization_helpers.cc:518 Number of landmarks before eliminating short tracks 1230, and after elimination 500
06-12 15:52:32.017 28420-28944/? I/native: ba_initialization_helpers.cc:683 num_frames_for_dsolver: 4
    ba_initialization_helpers.cc:684 number_of_landmarks_for_dsolver: 50
    ba_initialization_helpers.cc:691 maximum_cam_meas_displacement_squared: 0.000722909
06-12 15:52:32.017 28420-28944/? W/native: ba_initialization_helpers.cc:699 Maximum displacement of landmark measurements: 0.026887
06-12 15:52:32.018 28420-28944/? W/native: ba_initialization_helpers.cc:701 Motion is close to static motion, use pure propagation to initialize small scale BA
06-12 15:52:32.018 28420-28944/? I/native: ba_initialization.cc:688 Deterministic initialization
06-12 15:52:32.044 28420-28944/? I/native: ba_initialization_helpers.cc:844 Num. landmarks before pruning 496
    ba_initialization_helpers.cc:845 Num. landmarks uninitialized: 4
06-12 15:52:32.045 28420-28944/? I/native: ba_initialization_helpers.cc:857 Num. landmarks initialized after pruning 60
    ba_initialization_helpers.cc:859 Num. landmarks uninitialized: 440
    ba_initialization.cc:197 Intrinsic vector size of the camera 0 is 7
06-12 15:52:32.096 6027-6027/? D/io_stats: !@   8,0 r 935390 47284212 w 752258 35191664 d 71691 44991464 f 263156 263128 iot 1013280 680646 th 338220 0 0 pt 0 inp 0 0 119637.792
06-12 15:52:32.116 6498-6498/? D/Notification.Badge: reloadBadges() entered.
06-12 15:52:32.125 28420-28944/? I/native: ba_initialization.cc:394 
    Solver Summary (v 1.14.0-eigen-(3.2.90)-no_lapack-suitesparse-(4.5.4)-no_openmp-no_tbb)
    
                                         Original                  Reduced
    Parameter blocks                           71                       68
    Parameters                                138                      124
    Effective parameters                      129                      116
    Residual blocks                           244                      244
    Residuals                                 531                      531
    
    Minimizer                        TRUST_REGION
    
    Dense linear algebra library            EIGEN
    Trust region strategy     LEVENBERG_MARQUARDT
    
                                            Given                     Used
    Linear solver                     DENSE_SCHUR              DENSE_SCHUR
    Threads                                     1                        1
    Linear solver ordering              AUTOMATIC                     62,6
    Schur structure                         d,d,d                    d,d,d
    
    Cost:
    Initial                          6.931037e+02
    Final                            7.889903e+01
    Change                           6.142047e+02
    
    Minimizer iterations                       14
    Successful steps                           11
    Unsuccessful steps                          3
    
    Time (in seconds):
    Preprocessor                         0.002597
    
      Residual only evaluation           0.021588 (13)
      Jacobian & residual evaluation     0.023802 (11)
      Linear solver                      0.017946 (13)
    Minimizer                            0.067934
    
    Postprocessor                        0.000052
    Total                                0.070587
    
    Termination:                     USER_SUCCESS (User callback returned SOLVER_TERMINATE_SUCCESSFULLY.)
06-12 15:52:32.126 28420-28944/? I/native: ba_initialization_helpers.h:186 Number of measurements used in BA initialization for temporal landmarks: 240
    ba_initialization_helpers.h:188 Number of good measurements (i.e., reprojection errors <= 3 pixels) in BA initialization for temporal landmarks: 234
06-12 15:52:32.129 29029-29044/? D/BadgeProvider: query, [selection] : null
06-12 15:52:32.133 6498-6578/? D/BadgeCache: 1. updateBadgeCounts: com.samsung.android.email.provider = -1
06-12 15:52:32.135 6498-6578/? D/BadgeCache: 2. updateBadgeCounts: com.samsung.android.email.provider/com.samsung.android.email.ui.activity.MessageListXL = -1
    1. updateBadgeCounts: com.android.mms = 0
06-12 15:52:32.136 6498-6578/? D/BadgeCache: 1. updateBadgeCounts: com.sec.android.app.samsungapps = 0
    1. updateBadgeCounts: com.android.settings = 0
    1. updateBadgeCounts: com.android.settings = 0
    1. updateBadgeCounts: com.samsung.android.sm = 0
    1. updateBadgeCounts: com.facebook.katana = 0
    1. updateBadgeCounts: com.android.vending = 0
    1. updateBadgeCounts: com.samsung.android.lool = 0
    1. updateBadgeCounts: com.samsung.android.spay = 0
    1. updateBadgeCounts: com.wssyncmldm = 0
    1. updateBadgeCounts: com.samsung.android.messaging = 0
    1. updateBadgeCounts: com.sec.android.app.myfiles = -1
    2. updateBadgeCounts: com.sec.android.app.myfiles/.common.MainActivity = -1
    1. updateBadgeCounts: com.samsung.android.app.cocktailbarservice.settings = 0
    1. updateBadgeCounts: com.samsung.android.scloud = 1
    2. updateBadgeCounts: com.samsung.android.scloud/.app.ui.splash.launcher = 1
06-12 15:52:32.139 6498-6578/? D/BadgeCache: updateBadgeCounts(), tempBadges.size() : [3], user : [UserHandle{0}]
06-12 15:52:32.140 6498-6578/? D/BadgeCache: updateBadgeCounts(), final size : 3
06-12 15:52:32.140 6498-6578/? D/Notification.Badge: reloadBadges(), badges count : 3
06-12 15:52:32.140 28420-28943/? I/native: visual_inertial_filter.cc:945 VIO sliding window is initialized, with sliding window size 4
06-12 15:52:32.149 28420-28943/? I/native: vio_fault_detector.cc:489 VIO did not use vision constraints.
06-12 15:52:32.187 28542-29022/? W/fb4a.0JA: Called user scoped provider with no viewer. ViewerContextManager was created with no ViewerContext. Using EmptyViewerContextManager to return fake logged in instance.
06-12 15:52:32.201 28420-28456/? I/ArPresto: ArPresto::Moving from ArPrestoStatus 101 to 100.
06-12 15:52:32.215 5039-17401/? D/SamsungAlarmManager: setInexact Intent (T:1/F:0/AC:false) 20180613T155232 - CU:10104/CP:28542
06-12 15:52:32.245 5039-17401/? D/SamsungAlarmManager: setExact Intent (T:2/F:1/AC:false) 20180612T160032 - CU:10104/CP:28542
06-12 15:52:32.250 28420-28951/? I/native: map_manager.cc:237 VIWLS Map Manager: Updating rolling shutter time from 0.0326218 to 0.0314604
06-12 15:52:32.257 5039-5716/? D/PackageManager: setEnabledSetting : userId = 0 packageName = com.facebook.katana cmp = com.facebook.qrcode.QRCodeActivityAlias newState = 2 callingPackage = 10104/com.facebook.katana
06-12 15:52:32.280 28420-28951/? I/native: visual_inertial_wls.cc:301 The number of keyframes in the current map is less than 2 keyframes. This is not a valid map right now.
06-12 15:52:32.387 5039-17401/? D/PackageManager: setEnabledSetting : userId = 0 packageName = com.facebook.katana cmp = com.facebook.timeline.profilevideo.ProfileVideoShareActivityAlias newState = 1 callingPackage = 10104/com.facebook.katana
06-12 15:52:32.398 5039-17401/? D/PackageManager: setEnabledSetting : userId = 0 packageName = com.facebook.katana cmp = com.facebook.timeline.stagingground.Fb4aProfilePictureShareActivityAlias newState = 1 callingPackage = 10104/com.facebook.katana
06-12 15:52:32.406 5039-17401/? D/PackageManager: setEnabledSetting : userId = 0 packageName = com.facebook.katana cmp = com.facebook.timeline.stagingground.WorkProfilePictureShareActivityAlias newState = 2 callingPackage = 10104/com.facebook.katana
06-12 15:52:32.417 5039-17401/? I/EDMNativeHelperService: isCameraEnabled
06-12 15:52:32.426 28542-29021/? D/SoLoader: About to merge: profilo_network / libcoldstart.so
06-12 15:52:33.075 28815-28825/? I/zygote64: WaitForGcToComplete blocked for 8.904ms for cause HeapTrim
06-12 15:52:33.096 5039-5181/? D/InputReader: Input event(3): value=1 when=119638792040000
    Input event(3): value=1 when=119638792040000
06-12 15:52:33.096 5039-5181/? I/InputReader: Touch event's action is 0x0 (deviceType=0) [pCnt=1, s=0.4702 ] when=119638792040000
06-12 15:52:33.097 5039-5180/? I/InputDispatcher: Delivering touch to (28420): action: 0x0, toolType: 1
06-12 15:52:33.098 28420-28420/? D/ViewRootImpl@9b1c497[UnityPlayerActivity]: ViewPostIme pointer 0
06-12 15:52:33.099 5039-5180/? D/PowerManagerService: [api] userActivityFromNative : 70 (event: 2 flags: 0) eventTime = 119638792
06-12 15:52:33.108 26842-28989/? D/ExynosCameraBufferManager: [CAM_ID(0)][PREVIEW_STREAM_BUF]-DEBUG(getIndexByHandle[3160]): assigned new buffer handle(0x0) Index(22)
06-12 15:52:33.147 28420-28456/? I/Unity: Flip. New scale: (-1.0, 1.0, 1.0)
    UnityEngine.DebugLogHandler:LogFormat(LogType, Object, String, Object[])
    UnityEngine.Logger:LogFormat(LogType, String, Object[])
    UnityEngine.Debug:LogFormat(String, Object[])
    Flip:Update()
     
    (Filename: ./Runtime/Export/Debug.bindings.h Line: 43)
06-12 15:52:33.154 5039-5181/? D/InputReader: Input event(3): value=0 when=119638850998000
    Input event(3): value=0 when=119638850998000
06-12 15:52:33.154 5039-5181/? I/InputReader: Touch event's action is 0x1 (deviceType=0) [pCnt=1, s=] when=119638850998000
06-12 15:52:33.155 5039-5180/? I/InputDispatcher: Delivering touch to (28420): action: 0x1, toolType: 1
06-12 15:52:33.156 28420-28420/? D/ViewRootImpl@9b1c497[UnityPlayerActivity]: ViewPostIme pointer 1
06-12 15:52:33.163 28420-28456/? W/Unity: BoxColliders does not support negative scale or size.
    The effective box size has been forced positive and is likely to give unexpected collision geometry.
    If you absolutely need to use negative scaling you can use the convex MeshCollider. Scene hierarchy path "Cube"
     
    (Filename:  Line: 0)
06-12 15:52:33.419 5039-5716/? I/EDMNativeHelperService: isCameraEnabled
06-12 15:52:33.639 5039-5054/? W/BroadcastQueue: Background execution not allowed: receiving Intent { act=com.google.android.music.START_DOWNLOAD_SCHEDULING flg=0x10 } to com.google.android.music/.autocache.AutoCacheSchedulingService$EnablingReceiver
06-12 15:52:33.641 5039-5053/? E/memtrack: Couldn't load memtrack module
06-12 15:52:33.641 5039-5053/? W/android.os.Debug: failed to get memory consumption info: -1
06-12 15:52:33.663 3185-3185/? I/android.hardware.wifi@1.0-service: getLinkLayerStats
06-12 15:52:33.806 28848-28908/? I/MediaStoreImporter: Update: incremental Added music: 0 Updated music: 0 Deleted music: 0 Created playlists: 0 Updated playlists: 0 Deleted playlists: 0 Inserted playlist items: 0 Deleted playlist items: 0 Removed orphaned playlist items: 0
06-12 15:52:33.811 28848-28848/? D/MusicLifecycle: com.google.android.music.download.EncapsulatedBroadcastReceiver$1 generated event: Broadcast received with context com.google.android.music.ui.PhoneMusicApplication@dd7bc4e and intent Intent { act=com.google.android.music.IMPORT_COMPLETE flg=0x10 }
06-12 15:52:34.423 5039-5716/? I/EDMNativeHelperService: isCameraEnabled
06-12 15:52:34.467 28434-28434/? D/AcmsServiceMonitor: StopSvcRunnable - run
06-12 15:52:34.481 28434-28434/? D/AcmsJobIntentService: Enter Oncreate
06-12 15:52:34.482 28434-28434/? D/AcmsServiceMonitor: AcmsServiceMonitor.getAcmsSvcMonitor() - Enter
06-12 15:52:34.490 28434-29050/? D/AcmsJobIntentService: Enter onHandleWork
    destroy ACMS process
06-12 15:52:34.504 28434-28434/? I/AcmsJobIntentService: onDestroy
06-12 15:52:34.504 28434-28434/? D/AcmsServiceMonitor: getSvcCounter - Counter value: 0
06-12 15:52:34.504 28434-28434/? I/AcmsJobIntentService: cleanUp - inside service clean up
06-12 15:52:34.505 28434-28434/? D/AcmsServiceMonitor: getSvcCounter - Counter value: 0
06-12 15:52:34.505 28434-28434/? D/AcmsJobIntentService: killing acms process
06-12 15:52:34.505 28434-28434/? I/Process: Sending signal. PID: 28434 SIG: 9
06-12 15:52:34.528 5039-17401/? I/ActivityManager: Process ACMS.Process (pid 28434) has died: fore SVC (87,1260)
06-12 15:52:34.534 5894-5971/? D/ForegroundUtils: could not check pending caller
06-12 15:52:34.708 5039-5181/? D/InputReader: Input event(3): value=1 when=119640405098000
    Input event(3): value=1 when=119640405098000
06-12 15:52:34.708 5039-5181/? I/InputReader: Touch event's action is 0x0 (deviceType=0) [pCnt=1, s=0.4703 ] when=119640405098000
06-12 15:52:34.709 5039-5180/? I/InputDispatcher: Delivering touch to (28420): action: 0x0, toolType: 1
06-12 15:52:34.709 28420-28420/? D/ViewRootImpl@9b1c497[UnityPlayerActivity]: ViewPostIme pointer 0
06-12 15:52:34.766 28420-28456/? I/Unity: Flip. New scale: (1.0, 1.0, 1.0)
    UnityEngine.DebugLogHandler:LogFormat(LogType, Object, String, Object[])
    UnityEngine.Logger:LogFormat(LogType, String, Object[])
    UnityEngine.Debug:LogFormat(String, Object[])
    Flip:Update()
     
    (Filename: ./Runtime/Export/Debug.bindings.h Line: 43)
06-12 15:52:34.775 5039-5181/? D/InputReader: Input event(3): value=0 when=119640472199000
    Input event(3): value=0 when=119640472199000
06-12 15:52:34.775 5039-5181/? I/InputReader: Touch event's action is 0x1 (deviceType=0) [pCnt=1, s=] when=119640472199000
06-12 15:52:34.775 5039-5180/? I/InputDispatcher: Delivering touch to (28420): action: 0x1, toolType: 1
06-12 15:52:34.777 28420-28420/? D/ViewRootImpl@9b1c497[UnityPlayerActivity]: ViewPostIme pointer 1
06-12 15:52:35.425 5039-17401/? I/EDMNativeHelperService: isCameraEnabled
06-12 15:52:35.866 28420-28940/? I/native: distribute.cc:92 No keypoints to prune.
06-12 15:52:35.982 28420-28945/? E/native: filter_update_base.cc:83 Temporary visual feature update failed when computing its residual and Jacobian.
06-12 15:52:35.983 28420-28945/? I/native: vio_fault_detector.cc:489 VIO did not use vision constraints.
06-12 15:52:36.066 28420-28940/? I/native: distribute.cc:92 No keypoints to prune.
06-12 15:52:36.085 28420-28943/? I/native: vio_fault_detector.cc:489 VIO did not use vision constraints.
06-12 15:52:36.188 28420-28945/? I/native: vio_fault_detector.cc:489 VIO did not use vision constraints.
06-12 15:52:36.267 28420-28940/? I/native: distribute.cc:92 No keypoints to prune.
06-12 15:52:36.267 5039-16069/? D/GameManagerService: identifyGamePackage. com.example.fliptest
06-12 15:52:36.269 5039-16069/? D/GamePkgDataHelper: getGamePkgData(). com.example.fliptest
06-12 15:52:36.286 28420-28944/? I/native: vio_fault_detector.cc:489 VIO did not use vision constraints.
06-12 15:52:36.387 28420-28945/? W/native: vio_fault_detector.cc:338 Fault: Lack of valid visual measurements.
    vio_status_monitor.cc:182 VIO is at fault conditions, wait for reset. Current timestamp 611687.46576401
06-12 15:52:36.387 28420-28949/? W/native: data_filter.cc:74 Vio_status reset, drop 11 bad vio status.
06-12 15:52:36.388 28420-28949/? I/native: data_manager.cc:158 Mapping backend detected fault.
06-12 15:52:36.389 28420-28949/? I/native: data_manager.cc:164 Saving current map to map buffer.
06-12 15:52:36.397 28420-28949/? I/native: data_manager.cc:185 Generated map # 0, ID e19da633-6cce-2f04-9940-c449a35e115e, non-marginalized keyframes 10, landmarks 0
06-12 15:52:36.406 28420-28456/? I/ArPresto: ArPresto::Moving from ArPrestoStatus 100 to 101.
06-12 15:52:36.427 5039-17401/? I/EDMNativeHelperService: isCameraEnabled
06-12 15:52:36.466 5039-17401/? V/WindowManager: rotationForOrientationLw(orient=9, last=0); user=0  sensorRotation=0 mLidState=-1 mDockMode=0 mHdmiPlugged=false
06-12 15:52:36.467 5039-17401/? D/SamsungPhoneWindowManager: setRotationLw() : rotation=2
    semDvfsWakeupBooster.acquire()
06-12 15:52:36.469 28420-28940/? I/native: distribute.cc:92 No keypoints to prune.
06-12 15:52:36.477 5039-17401/? D/CustomFrequencyManagerService: acquireDVFSLockLocked : type : DVFS_MIN_LIMIT  frequency : 2600000  uid : 1000  pid : 5039  pkgName : PWM_ROTATION@CPU_MIN@86
06-12 15:52:36.495 5039-17401/? D/InputDispatcher: setInputDispatchMode: enabled=1, frozen=1
06-12 15:52:36.497 3194-3194/? I/SurfaceFlinger: id=2929 createSurf (1080x1920),2 flag=4, ScreenshotSurface#0
06-12 15:52:36.499 5039-17401/? V/Surface: sf_framedrop debug : 0x4f4c, game : false, logging : 0
06-12 15:52:36.500 3194-3194/? V/Surface: sf_framedrop debug : 0x4f4c, game : false, logging : 0
06-12 15:52:36.518 5039-17401/? W/LocalDisplayAdapter: Unable to find color mode 0, ignoring request.
06-12 15:52:36.519 5039-5039/? D/GameManagerService: onDisplayChanged. displyId: 0, state: 2
    dpi: 480, longPixel: 1920, shortPixel: 1080
06-12 15:52:36.527 5039-5039/? I/CAE: handleMessage(CaPowerManager.java:173) - AP_WAKEUP_Already_Delivered
06-12 15:52:36.529 3194-3194/? I/SurfaceFlinger: Disp[0] Orientation 0=>2
06-12 15:52:36.530 5039-17401/? V/WindowManager: rotationForOrientationLw(orient=-1, last=0); user=0  sensorRotation=2 mLidState=-1 mDockMode=0 mHdmiPlugged=false
06-12 15:52:36.531 5039-5181/? I/InputReader: Reconfiguring input devices.  changes=0x00000004
    Device reconfigured: id=3, name='sec_touchscreen', size 1080x1920, orientation 2, mode 1, display id 0
06-12 15:52:36.531 5039-5181/? D/InputReader: Wrote command set_rotation_status,2
06-12 15:52:36.534 8747-8747/? D/ViewRootImpl@dd7bc4e[CocktailBarService]: MSG_RESIZED_REPORT: frame=Rect(1013, 423 - 1080, 782) ci=Rect(0, 0 - 0, 0) vi=Rect(0, 0 - 0, 0) or=1
06-12 15:52:36.534 28420-28420/? D/ViewRootImpl@9b1c497[UnityPlayerActivity]: MSG_RESIZED_REPORT: frame=Rect(0, 0 - 1080, 1920) ci=Rect(0, 0 - 0, 0) vi=Rect(0, 0 - 0, 0) or=1
06-12 15:52:36.536 3194-3194/? D/SurfaceFlinger:   Display[0] configurations (* current):
        * 0: 1440x2560, xdpi=537.882019, ydpi=532.982971, refresh=16949152
      numHwLayers=4, flags=00000000
        type   |  handle  | hint | flag | tr | blnd |   format    |     source crop (l,t,r,b)      |          frame         | name 
    -----------+----------+------+------+----+------+-------------+--------------------------------+------------------------+------
           HWC | 700fc27300 | 0000 | 0000 | 03 | 0100 | RGB_565     |    0.0,    0.0, 1080.0, 1920.0 |    0,    0, 1080, 1920 | SurfaceView - com.example.fliptest/com.unity3d.player.UnityPlayerActivity@bce0aa2@0#0
           HWC | 700bb09100 | 0000 | 0000 | 03 | 0105 | RGBA_8888   |    0.0,    0.0,   67.0,  359.0 |    0, 1138,   67, 1497 | com.samsung.android.app.cocktailbarservice/com.samsung.android.app.cocktailbarservice.CocktailBarService#0
           HWC | 700fc27e40 | 0000 | 0100 | 00 | 0105 | RGBA_8888   |    0.0,    0.0, 1080.0, 1920.0 |    0,    0, 1080, 1920 | ScreenshotSurface#0
     FB TARGET | 700bdf5e40 | 0000 | 0000 
    | 00 | 0105 | RGBA_8888   |    0.0,    0.0, 1440.0, 2560.0 |    0,    0, 1440, 2560 | HWC_FRAMEBUFFER_TARGET
06-12 15:52:36.538 5577-5577/? D/ViewRootImpl@be6b01d[StatusBar]: MSG_RESIZED_REPORT: frame=Rect(0, 0 - 1080, 72) ci=Rect(0, 0 - 0, 0) vi=Rect(0, 0 - 0, 0) or=1
06-12 15:52:36.541 5039-17295/? V/WindowManager: rotationForOrientationLw(orient=0, last=2); user=0  sensorRotation=0 mLidState=-1 mDockMode=0 mHdmiPlugged=false
06-12 15:52:36.541 5039-17295/? D/SamsungPhoneWindowManager: setRotationLw() : rotation=1
    semDvfsWakeupBooster.acquire()
06-12 15:52:36.541 5039-17295/? D/CustomFrequencyManagerService: acquireDVFSLockLocked : type : DVFS_MIN_LIMIT  frequency : 2600000  uid : 1000  pid : 5039  pkgName : PWM_ROTATION@CPU_MIN@86
06-12 15:52:36.542 5039-17295/? W/LocalDisplayAdapter: Unable to find color mode 0, ignoring request.
06-12 15:52:36.543 5039-5039/? D/GameManagerService: onDisplayChanged. displyId: 0, state: 2
06-12 15:52:36.544 5039-5039/? D/GameManagerService: dpi: 480, longPixel: 1920, shortPixel: 1080
06-12 15:52:36.544 5039-5039/? I/CAE: handleMessage(CaPowerManager.java:173) - AP_WAKEUP_Already_Delivered
06-12 15:52:36.546 3194-3194/? I/SurfaceFlinger: Disp[0] Orientation 2=>1
06-12 15:52:36.548 5039-29052/? D/TspStateManagerInternal: update cmd=set_grip_data,2,1,40,10
06-12 15:52:36.550 5039-17295/? V/WindowManager: rotationForOrientationLw(orient=-1, last=0); user=0  sensorRotation=1 mLidState=-1 mDockMode=0 mHdmiPlugged=false
06-12 15:52:36.551 5039-17295/? W/LocalDisplayAdapter: Unable to find color mode 0, ignoring request.
06-12 15:52:36.554 5894-5894/? D/NfcService: PROXIMITY SCREEN ON
06-12 15:52:36.556 5894-5894/? D/NfcService: PROXIMITY SCREEN ON
06-12 15:52:36.558 5894-29055/? D/NfcService: call the applyRouting
06-12 15:52:36.559 5894-29055/? D/NfcService: Screen Cmd value : 3
06-12 15:52:36.560 5894-29055/? D/NfcService: Discovery configuration equal, not updating.
06-12 15:52:36.563 5039-5716/? V/WindowManager: Relayout Window{cb0747b u0 com.samsung.android.app.cocktailbarservice/com.samsung.android.app.cocktailbarservice.CocktailBarService}: viewVisibility=0 req=67x359 WM.LayoutParams{(0,423)(67x359) gr=#35 sim=#20 ty=2226 fl=#1800348 pfl=0x50 fmt=-2 vsysui=0x2000 colorMode=0 naviIconColor=0}
06-12 15:52:36.563 5039-17295/? I/ActivityManager: Config changes=480 {0 1.0 themeSeq = 0 showBtnBg = 0 ?mcc?mnc [en_GB] ldltr sw360dp w640dp h336dp 480dpi nrml long land finger -keyb/v/h -nav/h appBounds=Rect(0, 0 - 1920, 1080) s.190 mkbd/h}
06-12 15:52:36.564 5039-17401/? V/WindowManager: Relayout Window{1d56543 u0 com.example.fliptest/com.unity3d.player.UnityPlayerActivity}: viewVisibility=0 req=1080x1920 WM.LayoutParams{(0,0)(fillxfill) sim=#20 ty=1 fl=#80810500 pfl=0x20000 fmt=-3 wanim=0x10302fd vsysui=0x1706 sysuil=true needsMenuKey=2 colorMode=0 naviIconColor=0}
06-12 15:52:36.565 8747-8747/? D/ViewRootImpl@dd7bc4e[CocktailBarService]: Relayout returned: old=[1013,423][1080,782] new=[1013,423][1080,782] result=0x3 surface={valid=true 499285532672} changed=false
06-12 15:52:36.567 28420-28420/? D/ViewRootImpl@9b1c497[UnityPlayerActivity]: Relayout returned: old=[0,0][1080,1920] new=[0,0][1080,1920] result=0x3 surface={valid=true 3666814976} changed=false
06-12 15:52:36.568 5894-29059/? D/NfcService: call the applyRouting
06-12 15:52:36.568 5039-5946/? V/WindowManager: Relayout Window{1450c51 u0 StatusBar}: viewVisibility=0 req=1080x72 WM.LayoutParams{(0,0)(fillx72) gr=#30 sim=#10 ty=2000 fl=#81840048 fmt=-3 vsysui=0x600 colorMode=0 naviIconColor=0}
06-12 15:52:36.568 5894-29059/? D/NfcService: Screen Cmd value : 3
    Discovery configuration equal, not updating.
06-12 15:52:36.572 5577-5577/? D/ViewRootImpl@be6b01d[StatusBar]: Relayout returned: old=[0,0][1080,72] new=[0,0][1080,72] result=0x3 surface={valid=true 499220418560} changed=false
06-12 15:52:36.573 5039-17401/? V/WindowManager: finishDrawingLocked: mDrawState=COMMIT_DRAW_PENDING Window{1d56543 u0 com.example.fliptest/com.unity3d.player.UnityPlayerActivity} in Surface(name=com.example.fliptest/com.unity3d.player.UnityPlayerActivity)
06-12 15:52:36.574 8747-8858/? D/OpenGLRenderer: eglDestroySurface = 0x745f642740
06-12 15:52:36.577 8747-8858/? D/mali_winsys: EGLint new_window_surface(egl_winsys_display *, void *, EGLSurface, EGLConfig, egl_winsys_surface **, egl_color_buffer_format *, EGLBoolean) returns 0x3000,  [67x359]-format:1
06-12 15:52:36.577 8747-8858/? D/OpenGLRenderer: eglCreateWindowSurface = 0x745f642740
06-12 15:52:36.580 5577-5980/? D/OpenGLRenderer: eglDestroySurface = 0x7454a14d10
06-12 15:52:36.582 5577-5980/? D/mali_winsys: EGLint new_window_surface(egl_winsys_display *, void *, EGLSurface, EGLConfig, egl_winsys_surface **, egl_color_buffer_format *, EGLBoolean) returns 0x3000,  [1080x72]-format:1
06-12 15:52:36.582 5577-5980/? D/OpenGLRenderer: eglCreateWindowSurface = 0x7454a14d10
06-12 15:52:36.585 5039-5181/? I/InputReader: Reconfiguring input devices.  changes=0x00000004
06-12 15:52:36.586 5039-5181/? I/InputReader: Device reconfigured: id=3, name='sec_touchscreen', size 1080x1920, orientation 1, mode 1, display id 0
06-12 15:52:36.586 5039-5181/? D/InputReader: Wrote command set_rotation_status,1
06-12 15:52:36.586 5039-5181/? I/InputReader: Reconfiguring input devices.  changes=0x00000004
06-12 15:52:36.590 5039-17295/? I/ActivityManager: Override config changes=480 {0 1.0 themeSeq = 0 showBtnBg = 0 ?mcc?mnc [en_GB] ldltr sw360dp w640dp h336dp 480dpi nrml long land finger -keyb/v/h -nav/h appBounds=Rect(0, 0 - 1920, 1080) s.190 mkbd/h} for displayId=0
06-12 15:52:36.590 5039-5039/? D/TelecomService: onConfigurationChanged {0 1.0 themeSeq = 0 showBtnBg = 0 ?mcc?mnc [en_GB] ldltr sw360dp w640dp h336dp 480dpi nrml long land finger -keyb/v/h -nav/h appBounds=Rect(0, 0 - 1920, 1080) s.190 mkbd/h}
06-12 15:52:36.592 5039-17295/? I/SamsungPhoneWindowManager: setInitialDisplaySize() width=1080, height=1920, density=480, initWidth=1440, initHeight=2560, initDensity=640
06-12 15:52:36.599 5039-17295/? D/TspStateManagerInternal: updateDefaultValue customSetting=null
06-12 15:52:36.601 5039-17295/? I/SamsungPhoneWindowManager: setInitialDisplaySize() width=1080, height=1920, density=480, initWidth=1440, initHeight=2560, initDensity=640
06-12 15:52:36.602 5039-17295/? D/VirtualScreen: computeScreenConfiguration - change rect to Rect(-1920, 0 - 0, 1080) mDefaultDisplayRect is Rect(0, 0 - 1920, 1080)
    setOffset() mXOffset : 0 mYOffset : 0
06-12 15:52:36.601 5039-17295/? D/TspStateManagerInternal: updateDefaultValue customSetting=null
06-12 15:52:36.608 5039-5063/? I/ActivityManager: Override config changes=480 {0 0.0 themeSeq = 0 showBtnBg = 0 ?mcc?mnc ?localeList ?layoutDir sw360dp w640dp h360dp 480dpi nrml long land ?uimode ?night finger -keyb/v/h -nav/h appBounds=Rect(0, 0 - 1920, 1080) mkbd/h} for displayId=1
06-12 15:52:36.612 5577-5847/? D/vol.VolumeDialogControl: onReceive ACTION_CONFIGURATION_CHANGED
06-12 15:52:36.617 5039-5055/? D/WindowManager: set systemUiVisibility : systemUiFlags= 0x170e fullscreenStackSysUiFlags= 0x0
06-12 15:52:36.620 5577-6393/? D/vol.VolumeDialogControl.VC: setLayoutDirection
06-12 15:52:36.641 3194-3315/? W/SurfaceFlinger: Ignoring duplicate VSYNC event from HWC (t=119642324382771)
06-12 15:52:36.650 5039-13974/? V/WindowManager: finishDrawingLocked: mDrawState=COMMIT_DRAW_PENDING Window{cb0747b u0 com.samsung.android.app.cocktailbarservice/com.samsung.android.app.cocktailbarservice.CocktailBarService} in Surface(name=com.samsung.android.app.cocktailbarservice/com.samsung.android.app.cocktailbarservice.CocktailBarService)
06-12 15:52:36.651 8747-8747/? D/ViewRootImpl@dd7bc4e[CocktailBarService]: MSG_RESIZED_REPORT: frame=Rect(1853, 423 - 1920, 782) ci=Rect(0, 0 - 0, 0) vi=Rect(0, 0 - 0, 0) or=2
06-12 15:52:36.652 28420-28420/? D/ViewRootImpl@9b1c497[UnityPlayerActivity]: MSG_RESIZED_REPORT: frame=Rect(0, 0 - 1920, 1080) ci=Rect(0, 0 - 0, 0) vi=Rect(0, 0 - 0, 0) or=2
06-12 15:52:36.653 5039-5062/? D/TetheringConfiguration: NAP is enabled by CSCfeature
06-12 15:52:36.672 5039-13974/? V/WindowManager: Relayout Window{1d56543 u0 com.example.fliptest/com.unity3d.player.UnityPlayerActivity}: viewVisibility=0 req=1920x1080 WM.LayoutParams{(0,0)(fillxfill) sim=#20 ty=1 fl=#80810500 pfl=0x20000 fmt=-3 wanim=0x10302fd vsysui=0x1706 sysuil=true needsMenuKey=2 colorMode=0 naviIconColor=0}
06-12 15:52:36.674 3185-3185/? I/android.hardware.wifi@1.0-service: getLinkLayerStats
06-12 15:52:36.682 28420-28420/? D/ViewRootImpl@9b1c497[UnityPlayerActivity]: Relayout returned: old=[0,0][1920,1080] new=[0,0][1920,1080] result=0x23 surface={valid=true 3666814976} changed=false
06-12 15:52:36.682 28420-28420/? D/SurfaceView: BG hide() Surface(name=Background for - SurfaceView - com.example.fliptest/com.unity3d.player.UnityPlayerActivity@bce0aa2@0) false true android.view.SurfaceView{bce0aa2 VFE...... .F....ID 0,0-1920,1080}
06-12 15:52:36.686 5894-5894/? V/Configuration:  needToUpdateOverlays
06-12 15:52:36.688 6534-6534/? V/Configuration:  needToUpdateOverlays
06-12 15:52:36.688 6534-6534/? I/chatty: uid=10035(u0_a35) com.samsung.android.service.peoplestripe identical 3 lines
06-12 15:52:36.688 6534-6534/? V/Configuration:  needToUpdateOverlays
06-12 15:52:36.696 5894-5894/? I/NfcP2pEventManager: changeConfiguration() in NfcService
06-12 15:52:36.696 28420-28420/? D/SurfaceView: surfaceChanged (1920,1080) 1 android.view.SurfaceView{bce0aa2 VFE...... .F....ID 0,0-1920,1080}
06-12 15:52:36.704 8747-8747/? V/Configuration:  needToUpdateOverlays
06-12 15:52:36.706 8747-8747/? I/chatty: uid=10008(u0_a8) com.samsung.android.app.cocktailbarservice identical 26 lines
06-12 15:52:36.708 8747-8747/? V/Configuration:  needToUpdateOverlays
06-12 15:52:36.709 5039-5062/? E/TetheringConfiguration: No numeric data
06-12 15:52:36.710 8747-8747/? V/Configuration:  needToUpdateOverlays
06-12 15:52:36.717 5039-13974/? V/WindowManager: finishDrawingLocked: mDrawState=COMMIT_DRAW_PENDING Window{1d56543 u0 com.example.fliptest/com.unity3d.player.UnityPlayerActivity} in Surface(name=com.example.fliptest/com.unity3d.player.UnityPlayerActivity)
06-12 15:52:36.710 8747-8747/? I/chatty: uid=10008(u0_a8) com.samsung.android.app.cocktailbarservice identical 20 lines
06-12 15:52:36.710 8747-8747/? V/Configuration:  needToUpdateOverlays
06-12 15:52:36.718 28420-28420/? D/ViewRootImpl@9b1c497[UnityPlayerActivity]: MSG_RESIZED_REPORT: frame=Rect(0, 0 - 1920, 1080) ci=Rect(0, 0 - 0, 0) vi=Rect(0, 0 - 0, 0) or=2
06-12 15:52:36.724 28420-28456/? D/mali_winsys: EGLint new_window_surface(egl_winsys_display *, void *, EGLSurface, EGLConfig, egl_winsys_surface **, egl_color_buffer_format *, EGLBoolean) returns 0x3000,  [1920x1080]-format:4
06-12 15:52:36.733 5039-17295/? V/WindowManager: Relayout Window{1d56543 u0 com.example.fliptest/com.unity3d.player.UnityPlayerActivity}: viewVisibility=0 req=1920x1080 WM.LayoutParams{(0,0)(fillxfill) sim=#20 ty=1 fl=#80810500 pfl=0x20000 fmt=-3 wanim=0x10302fd vsysui=0x1706 sysuil=true needsMenuKey=2 colorMode=0 naviIconColor=0}
06-12 15:52:36.742 28420-28420/? D/ViewRootImpl@9b1c497[UnityPlayerActivity]: Relayout returned: old=[0,0][1920,1080] new=[0,0][1920,1080] result=0x1 surface={valid=true 3666814976} changed=false
06-12 15:52:36.748 6498-6498/? V/Configuration:  needToUpdateOverlays
06-12 15:52:36.764 6498-6498/? I/chatty: uid=10070(u0_a70) com.sec.android.app.launcher identical 11 lines
06-12 15:52:36.764 6498-6498/? V/Configuration:  needToUpdateOverlays
06-12 15:52:36.770 5564-5564/? V/Configuration:  needToUpdateOverlays
06-12 15:52:36.772 5564-5564/? I/chatty: uid=10148(u0_a148) com.sec.android.inputmethod identical 28 lines
06-12 15:52:36.772 5564-5564/? V/Configuration:  needToUpdateOverlays
06-12 15:52:36.774 5564-5564/? I/SKBD: SamsungKeypad onConfigurationChanged2
06-12 15:52:36.774 6498-6498/? V/Configuration:  needToUpdateOverlays
06-12 15:52:36.774 6498-6498/? I/chatty: uid=10070(u0_a70) com.sec.android.app.launcher identical 4 lines
06-12 15:52:36.774 6498-6498/? V/Configuration:  needToUpdateOverlays
06-12 15:52:36.783 8747-8747/? V/Configuration:  needToUpdateOverlays
     needToUpdateOverlays
06-12 15:52:36.784 5564-5564/? I/SKBD: SamsungKeypad [IMI] onStartInput - caller pid : 28420, caller uid : 10242
06-12 15:52:36.788 8747-8747/? V/Configuration:  needToUpdateOverlays
06-12 15:52:36.797 5039-17295/? V/WindowManager: finishDrawingLocked: mDrawState=COMMIT_DRAW_PENDING Window{1450c51 u0 StatusBar} in Surface(name=StatusBar)
06-12 15:52:36.804 5039-5731/? V/WindowManager: Relayout Window{32e630d u0 InputMethod}: viewVisibility=8 req=1920x0 WM.LayoutParams{(0,0)(fillxwrap) gr=#50 sim=#20 ty=2011 fl=#800108 fmt=-2 wanim=0x7f0e00e1 vsysui=0x300 needsMenuKey=2 colorMode=0 naviIconColor=0 sfl=0x800}
06-12 15:52:36.804 8747-8747/? I/chatty: uid=10008(u0_a8) com.samsung.android.app.cocktailbarservice identical 71 lines
06-12 15:52:36.804 8747-8747/? V/Configuration:  needToUpdateOverlays
06-12 15:52:36.805 28848-28848/? D/MusicLifecycle: com.google.android.music.api.MusicPublicContentProvider generated event: initializing
06-12 15:52:36.806 32746-32746/? V/Configuration:  needToUpdateOverlays
06-12 15:52:36.810 8747-8747/? I/CocktailBarPositionManager: onOrientationChanged position not dirty
06-12 15:52:36.811 5577-5577/? V/Configuration:  needToUpdateOverlays
06-12 15:52:36.811 5564-5564/? D/ViewRootImpl@dab37d3[InputMethod]: Relayout returned: old=[0,516][1080,1920] new=[0,516][1080,1920] result=0x1 surface={valid=false 0} changed=false
06-12 15:52:36.814 5039-5138/? I/WindowManager: Screen frozen for +328ms due to Window{1450c51 u0 StatusBar}
06-12 15:52:36.816 3194-3194/? I/SurfaceFlinger: id=2930 createSurf (2160x1920),-1 flag=20004, BlackSurface#0
06-12 15:52:36.817 3194-3194/? I/SurfaceFlinger: id=2931 createSurf (1080x3840),-1 flag=20004, BlackSurface#0
06-12 15:52:36.818 8747-8747/? D/PanelDescriptionView: updateHelpView: News2130903044 --> 2130903044 helpview reapplied1
06-12 15:52:36.819 3194-3194/? I/SurfaceFlinger: id=2932 createSurf (2160x1920),-1 flag=20004, BlackSurface#0
06-12 15:52:36.819 8747-8747/? D/PanelDescriptionView: updateNaviIcon: News str=http://news.yahoo.com/
06-12 15:52:36.819 8747-8747/? D/AbstractCocktailPanelView: setPanelVisible: CocktailPortraitRemotePanelView2 will be hidden: 16
06-12 15:52:36.819 8747-8747/? D/CocktailBarPanelVisibilityManager: updateActivePanelView:  vis=false screenOn=true onTransit=false -hide: 16 current Active: 16
06-12 15:52:36.819 8747-8747/? E/CocktailBarContainerView: updateContainerVisibility: 0
06-12 15:52:36.820 3194-3194/? I/SurfaceFlinger: id=2933 createSurf (1080x3840),-1 flag=20004, BlackSurface#0
06-12 15:52:36.820 5039-5138/? D/InputDispatcher: setInputDispatchMode: enabled=1, frozen=0
06-12 15:52:36.822 5577-5577/? V/Configuration:  needToUpdateOverlays
06-12 15:52:36.822 5577-5577/? I/chatty: uid=10066(u0_a66) com.android.systemui identical 2 lines
06-12 15:52:36.822 5577-5577/? V/Configuration:  needToUpdateOverlays
06-12 15:52:36.823 8747-8747/? D/CocktailFeedsRemotePanel: updateConfiguration: invalid on non wake up 1
06-12 15:52:36.823 8747-8747/? D/CocktailBarUiController: onConfigurationChanged : orientation = true densityDpi = false
06-12 15:52:36.825 3176-3595/? D/audio_hw_primary: adev_set_parameters: enter: kvpairs: display_rotation=1
06-12 15:52:36.826 8747-8747/? D/CocktailBarTriggerContainerView: setContainerGravityState: 1 --> 1
06-12 15:52:36.828 5577-5577/? V/Configuration:  needToUpdateOverlays
06-12 15:52:36.830 5577-5577/? I/chatty: uid=10066(u0_a66) com.android.systemui identical 85 lines
06-12 15:52:36.830 5577-5577/? V/Configuration:  needToUpdateOverlays
06-12 15:52:36.830 4727-4727/? V/MultiRecordManager: setParameters(): io 0, keyvalue display_rotation=1, calling pid 5039
06-12 15:52:36.830 5577-5577/? I/chatty: uid=10066(u0_a66) com.android.systemui expire 85 lines
06-12 15:52:36.830 5577-5577/? V/Configuration:  needToUpdateOverlays
