06-12 15:52:36.840 8747-8747/? D/TrayStateController: putInputRect mDynamicInputRegion=250577410@LastEvent=t=1528807956566Rect(25, 0 - 67, 359),Rect=Rect(0, 0 - 0, 0)
06-12 15:52:36.843 8747-8747/? D/TrayStateController: putInputRect mDynamicInputRegion=250577410@LastEvent=t=1528807956566Rect(25, 0 - 67, 359),Rect=Rect(25, 0 - 67, 359)
06-12 15:52:36.844 8747-8747/? D/TrayStateTrigger: getTriggerMarginOnTop retY=423 halfHandleSize=180 getTriggerPosition=24.807692
06-12 15:52:36.847 8747-8747/? D/PanelDescriptionView: updateHelpView: News2130903044 --> 2130903044 helpview reapplied0
06-12 15:52:36.849 3194-3194/? D/SurfaceFlinger:   Display[0] configurations (* current):
        * 0: 1440x2560, xdpi=537.882019, ydpi=532.982971, refresh=16949152
      numHwLayers=3, flags=00000000
        type   |  handle  | hint | flag | tr | blnd |   format    |     source crop (l,t,r,b)      |          frame         | name 
    -----------+----------+------+------+----+------+-------------+--------------------------------+------------------------+------
           HWC | 700fc27000 | 0000 | 0000 | 07 | 0100 | RGB_565     |    0.0,  421.0, 1080.0, 1499.0 |    0,  419, 1080, 1501 | SurfaceView - com.example.fliptest/com.unity3d.player.UnityPlayerActivity@bce0aa2@0#0
           HWC | 700fc27e40 | 0000 | 0100 | 00 | 0105 | RGBA_8888   |    0.0,    0.0, 1080.0, 1920.0 |    0,    0, 1080, 1920 | ScreenshotSurface#0
     FB TARGET | 700bdf5e40 | 0000 | 0000 | 00 | 0105 | RGBA_8888   |    0.0,    0.0, 1440.0, 2560.0 |    0,    0, 1440, 2560 | HWC_FRAMEBUFFER_TARGET
06-12 15:52:36.853 8747-8747/? D/PanelDescriptionView: updateNaviIcon: News str=http://news.yahoo.com/
06-12 15:52:36.854 8747-8747/? D/AbstractCocktailPanelView: setPanelVisible: CocktailPortraitRemotePanelView2 will be hidden: 16
06-12 15:52:36.854 8747-8747/? D/CocktailBarPanelVisibilityManager: updateActivePanelView:  vis=false screenOn=true onTransit=false -hide: 16 current Active: 16
06-12 15:52:36.854 8747-8747/? E/CocktailBarContainerView: updateContainerVisibility: 0
06-12 15:52:36.854 8747-8747/? D/AbstractCocktailPanelView: setPanelVisible: CocktailPortraitRemotePanelView2 will be hidden: 16
06-12 15:52:36.854 8747-8747/? D/CocktailBarPanelVisibilityManager: updateActivePanelView:  vis=false screenOn=true onTransit=false -hide: 16 current Active: 16
06-12 15:52:36.854 8747-8747/? E/CocktailBarContainerView: updateContainerVisibility: 0
06-12 15:52:36.854 8747-8747/? I/Utils: isCurrentUser current = 0, ownerId = 0
06-12 15:52:36.854 8747-8747/? I/TrayVisibilityController: updateTrayVisible: State=257 visible=2 mCurrentVisible=1 specificMode=0
06-12 15:52:36.855 8747-8747/? D/TrayStateController: putInputRect mDynamicInputRegion=250577410@LastEvent=t=1528807956566Rect(25, 0 - 67, 359),Rect=Rect(0, 0 - 0, 0)
06-12 15:52:36.856 5039-5731/? W/CocktailBarStatePolicyController: updateWindowType: current window type is requested window type(1)
06-12 15:52:36.857 8747-8747/? D/TrayStateController: setUiState 2 : -isHideByOrientationPolicy 0 --> 2
06-12 15:52:36.868 20377-20377/? D/TuiService: onConfigurationChanged, old dpi=480, new dpi=480
06-12 15:52:36.870 8747-8747/? D/PanelDescriptionView: updateHelpView: News-1 --> 2130903044 helpview applied:8
06-12 15:52:36.870 3194-3194/? D/SurfaceFlinger:   Display[0] configurations (* current):
        * 0: 1440x2560, xdpi=537.882019, ydpi=532.982971, refresh=16949152
      numHwLayers=7, flags=00000000
        type   |  handle  | hint | flag | tr | blnd |   format    |     source crop (l,t,r,b)      |          frame         | name 
    -----------+----------+------+------+----+------+-------------+--------------------------------+------------------------+------
          GLES | 700fc27000 | 0000 | 0001 | 00 | 0100 | RGB_565     |    0.0,  203.0, 1080.0, 1717.0 |    0,  215, 1080, 1704 | SurfaceView - com.example.fliptest/com.unity3d.player.UnityPlayerActivity@bce0aa2@0#0
          GLES | 700fc27e40 | 0000 | 0101 | 00 | 0105 | RGBA_8888   |    0.0,    0.0, 1080.0, 1920.0 |    0,    0, 1080, 1920 | ScreenshotSurface#0
          GLES | 00000000 | 0000 | 0201 | 00 | 0105 | ? ffffffff  |   -0.4,   -0.9,   -0.9,   -1.0 |   37,    0, 1080,  219 | BlackSurface#0
          GLES | 00000000 | 0000 | 0201 | 00 | 0105 | ? ffffffff  |   -0.9,   -0.0,   -1.0,   -0.6 |    0,    0,  193, 1800 | BlackSurfa
06-12 15:52:36.871 3194-3194/? D/SurfaceFlinger: ce#0
          GLES | 00000000 | 0000 | 0201 | 00 | 0105 | ? ffffffff  |   -0.1,    0.0,   -0.6,   -0.1 |    0, 1701, 1043, 1920 | BlackSurface#0
          GLES | 00000000 | 0000 | 0201 | 00 | 0105 | ? ffffffff  |    0.0,   -0.4,   -0.1,   -1.0 |  887,  120, 1080, 1920 | BlackSurface#0
     FB TARGET | 700bdf5d80 | 0000 | 0000 | 00 | 0105 | RGBA_8888   |    0.0,    0.0, 1440.0, 2560.0 |    0,    0, 1440, 2560 | HWC_FRAMEBUFFER_TARGET
06-12 15:52:36.871 8747-8747/? D/PanelDescriptionView: updateNaviIcon: News str=http://news.yahoo.com/
06-12 15:52:36.871 8747-8747/? D/TrayStateController: setUiState 2 : -isHideByOrientationPolicy  already 2
06-12 15:52:36.874 5577-5844/? D/NetworkController.MobileSignalController(0/-2): getMobileIconGroup(): 0
06-12 15:52:36.874 8747-8858/? D/OpenGLRenderer: eglDestroySurface = 0x745f642740
06-12 15:52:36.875 8747-8747/? D/CocktailBarTriggerContainerView: onApplyWindowInsets bottom =0
06-12 15:52:36.876 5039-5731/? V/WindowManager: Relayout Window{cb0747b u0 com.samsung.android.app.cocktailbarservice/com.samsung.android.app.cocktailbarservice.CocktailBarService}: viewVisibility=8 req=67x359 WM.LayoutParams{(0,423)(67x359) gr=#35 sim=#20 ty=2226 fl=#1800348 pfl=0x50 fmt=-2 vsysui=0x2000 colorMode=0 naviIconColor=0}
06-12 15:52:36.876 5039-5731/? I/WindowManager: Destroying surface Surface(name=com.samsung.android.app.cocktailbarservice/com.samsung.android.app.cocktailbarservice.CocktailBarService) called by com.android.server.wm.WindowStateAnimator.destroySurface:2501 com.android.server.wm.WindowStateAnimator.destroySurfaceLocked:985 com.android.server.wm.WindowState.destroyOrSaveSurfaceUnchecked:3679 com.android.server.wm.WindowState.destroySurface:3627 com.android.server.wm.WindowManagerService.tryStartExitingAnimation:2677 com.android.server.wm.WindowManagerService.relayoutWindow:2461 com.android.server.wm.Session.relayout:253 android.view.IWindowSession$Stub.onTransact:288 
06-12 15:52:36.876 3194-3273/? I/SurfaceFlinger: id=2899 Removed com.samsung.android.app.cocktailbarservice/com.samsung.android.app.cocktailbarservice.CocktailBarService#0 (5/10)
06-12 15:52:36.877 3194-3273/? I/SurfaceFlinger: id=2899 Removed com.samsung.android.app.cocktailbarservice/com.samsung.android.app.cocktailbarservice.CocktailBarService#0 (-2/10)
06-12 15:52:36.879 3194-3194/? I/Layer: id=2899 onRemoved com.samsung.android.app.cocktailbarservice/com.samsung.android.app.cocktailbarservice.CocktailBarService#0 
06-12 15:52:36.879 8747-8747/? D/ViewRootImpl@dd7bc4e[CocktailBarService]: Relayout returned: old=[1853,423][1920,782] new=[1853,423][1920,782] result=0x5 surface={valid=false 0} changed=true
06-12 15:52:36.885 8747-8747/? I/AbstractCocktailPanelView: notifyPanelVisibilityChanged: visibility not changed 2 id: 16
06-12 15:52:36.885 8747-8747/? D/CocktailBarUiController: onCocktailBarStateChanged: flag=0x1 vis=2 bgType=0 showTimeout=-1 activate=true
06-12 15:52:36.885 5577-5844/? D/NetworkController: updateCarrierText : Emergency calls only
06-12 15:52:36.896 5039-17295/? V/WindowManager: Relayout Window{cb0747b u0 com.samsung.android.app.cocktailbarservice/com.samsung.android.app.cocktailbarservice.CocktailBarService}: viewVisibility=8 req=67x359 WM.LayoutParams{(0,423)(67x359) gr=#35 sim=#20 ty=2226 fl=#1800348 pfl=0x50 fmt=-2 vsysui=0x2000 colorMode=0 naviIconColor=0}
06-12 15:52:36.899 8747-8747/? D/ViewRootImpl@dd7bc4e[CocktailBarService]: Relayout returned: old=[1853,423][1920,782] new=[1853,423][1920,782] result=0x1 surface={valid=false 0} changed=false
06-12 15:52:36.902 5577-5577/? D/ViewRootImpl@892222d[AssistPreviewPanel]: setView = com.android.systemui.assist.AssistOrbContainer{8707362 G.E...... ......I. 0,0-0,0} TM=true MM=false
06-12 15:52:36.926 5577-5577/? D/ViewRootImpl@94e3837[DockedStackDivider]: setView = com.android.systemui.stackdivider.DividerView{cf8e1a4 I.E...... ......I. 0,0-0,0} TM=true MM=false
06-12 15:52:36.928 5577-5577/? D/ViewRootImpl@5f134c0[DividerButtonsGroup]: dispatchDetachedFromWindow
06-12 15:52:36.928 5577-5577/? D/InputEventReceiver: channel '7298821 DividerButtonsGroup (client)' ~ Disposing input event receiver.
    channel '7298821 DividerButtonsGroup (client)' ~NativeInputEventReceiver.
06-12 15:52:36.929 5039-17295/? W/AppOps: Finishing op nesting under-run: uid 10066 pkg com.android.systemui code 70 time=0 duration=0 nesting=0
06-12 15:52:36.950 5577-5577/? D/ViewRootImpl@fb9e872[DividerButtonsGroup]: setView = com.android.systemui.stackdivider.DividerButtonsGroup{126e4c3 I.E...... ......I. 0,0-0,0} TM=true MM=false
06-12 15:52:36.950 5577-5577/? D/ImageWallpaper: engine visible:false
06-12 15:52:36.950 5577-5577/? D/KeyguardUpdateMonitor: received broadcast android.intent.action.CONFIGURATION_CHANGED
06-12 15:52:36.953 5577-5577/? D/ViewRootImpl@be6b01d[StatusBar]: MSG_RESIZED_REPORT: frame=Rect(0, 0 - 1920, 72) ci=Rect(0, 0 - 0, 0) vi=Rect(0, 0 - 0, 0) or=2
06-12 15:52:36.955 5577-5577/? D/MetadataParser: onConfigurationChanged()
06-12 15:52:36.957 5039-17295/? D/SecContentProvider: query(), uri = 17 selection = isSettingsChangesAllowed
06-12 15:52:36.958 5039-17295/? D/SecContentProvider: called from android.uid.systemui:10066
06-12 15:52:36.958 5039-17295/? I/chatty: uid=1000(system) Binder:5039_1B identical 1 line
06-12 15:52:36.965 5039-17295/? D/SecContentProvider: query(), uri = 17 selection = isSettingsChangesAllowed
06-12 15:52:36.971 5577-5577/? I/NotificationShelf: show backgroud: :false
06-12 15:52:36.986 5039-17295/? V/WindowManager: Relayout Window{1450c51 u0 StatusBar}: viewVisibility=0 req=1920x72 WM.LayoutParams{(0,0)(fillx72) gr=#30 sim=#10 ty=2000 fl=#81840048 fmt=-3 vsysui=0x600 colorMode=0 naviIconColor=0}
06-12 15:52:36.991 5039-5160/? D/SensorHubManager: onGetSensorHubDataLocked: library(4) = 1, 1, 7, -1
06-12 15:52:36.991 5039-5161/? D/CAE: onGetSensorHubData(SensorHubParserProvider.java:91) - onGetSensorHubData Event [event buffer len :4], AP_WAKEUP
06-12 15:52:36.991 5039-5161/? I/CAE: parse(SensorHubParserProvider.java:192) - buffer size = 4
06-12 15:52:36.992 5039-5161/? I/CAE: parse(SensorHubParserProvider.java:203) - 1, 1, 7, -1,
06-12 15:52:36.992 5039-5161/? D/CAE: display(ContextProvider.java:375) - ================= AUTO_ROTATION =================
06-12 15:52:36.992 5039-5161/? I/CAE: display(ContextProvider.java:391) - Angle=[-1]
06-12 15:52:36.992 5039-5165/? D/SemContextService: Service.updateContext() : service = Auto Rotation
06-12 15:52:36.993 5039-5055/? D/SemContextManager: AutoRotationEvent : Angle = -1
06-12 15:52:36.993 5039-5055/? V/WindowOrientationListener: OrientationSensorJudge.onSemContextChanged, Rotation: -1
06-12 15:52:36.999 5577-5577/? D/ViewRootImpl@be6b01d[StatusBar]: Relayout returned: old=[0,0][1920,72] new=[0,0][1920,72] result=0x23 surface={valid=true 499220418560} changed=false
06-12 15:52:37.001 5577-5980/? D/OpenGLRenderer: eglDestroySurface = 0x7454a14d10
06-12 15:52:37.003 5577-5980/? D/mali_winsys: EGLint new_window_surface(egl_winsys_display *, void *, EGLSurface, EGLConfig, egl_winsys_surface **, egl_color_buffer_format *, EGLBoolean) returns 0x3000,  [1920x72]-format:1
06-12 15:52:37.003 5577-5980/? D/OpenGLRenderer: eglCreateWindowSurface = 0x7454a14d10
06-12 15:52:37.004 5577-5577/? D/ScrollView:  onsize change changed 
06-12 15:52:37.024 5577-5577/? D/ViewRootImpl@892222d[AssistPreviewPanel]: dispatchAttachedToWindow
06-12 15:52:37.024 5039-17295/? V/WindowManager: Relayout Window{5453e62 u0 AssistPreviewPanel}: viewVisibility=8 req=1920x750 WM.LayoutParams{(0,0)(fillx750) gr=#800053 sim=#31 ty=2033 fl=#1000118 fmt=-3 vsysui=0x700 colorMode=0 naviIconColor=0}
06-12 15:52:37.026 5577-5577/? D/ViewRootImpl@892222d[AssistPreviewPanel]: Relayout returned: old=[0,0][0,0] new=[0,1080][1920,1080] result=0x1 surface={valid=false 0} changed=false
06-12 15:52:37.027 5577-5577/? D/ViewRootImpl@94e3837[DockedStackDivider]: dispatchAttachedToWindow
06-12 15:52:37.027 5039-17295/? V/WindowManager: Relayout Window{a33b29 u0 DockedStackDivider}: viewVisibility=4 req=144x1008 WM.LayoutParams{(0,0)(144xfill) sim=#20 ty=2034 fl=#21840028 pfl=0x40 fmt=-3 vsysui=0x700 colorMode=0 naviIconColor=0}
06-12 15:52:37.043 5577-5577/? D/ViewRootImpl@94e3837[DockedStackDivider]: Relayout returned: old=[0,0][0,0] new=[0,175][1080,319] result=0x1 surface={valid=false 0} changed=false
06-12 15:52:37.065 5577-5577/? D/ViewRootImpl@fb9e872[DividerButtonsGroup]: dispatchAttachedToWindow
06-12 15:52:37.096 5039-5731/? V/WindowManager: Relayout Window{a58044f u0 DividerButtonsGroup}: viewVisibility=4 req=150x525 WM.LayoutParams{(0,0)(150x525) sim=#20 ty=2302 fl=#1040020 fmt=-3 vsysui=0x700 surfaceInsets=Rect(36, 36 - 36, 36) colorMode=0 naviIconColor=0}
06-12 15:52:37.097 6027-6027/? D/io_stats: !@   8,0 r 935836 47320764 w 752328 35192504 d 71731 44991828 f 263160 263132 iot 1013450 680796 th 343212 0 0 pt 0 inp 0 0 119642.794
06-12 15:52:37.099 5577-5577/? D/ViewRootImpl@fb9e872[DividerButtonsGroup]: Relayout returned: old=[0,0][0,0] new=[277,172][803,322] result=0x1 surface={valid=false 0} changed=false
06-12 15:52:37.099 5577-5577/? D/ViewRootImpl@4070889[AssistPreviewPanel]: dispatchDetachedFromWindow
06-12 15:52:37.099 5577-5577/? D/InputEventReceiver: channel '5555c9c AssistPreviewPanel (client)' ~ Disposing input event receiver.
    channel '5555c9c AssistPreviewPanel (client)' ~NativeInputEventReceiver.
06-12 15:52:37.101 5039-5731/? W/AppOps: Finishing op nesting under-run: uid 10066 pkg com.android.systemui code 70 time=0 duration=0 nesting=0
06-12 15:52:37.103 5577-5577/? D/KeyguardUpdateMonitor: updateCarrierTextInfo
06-12 15:52:37.104 5577-5577/? D/ViewRootImpl@1f1f8a8[DockedStackDivider]: dispatchDetachedFromWindow
06-12 15:52:37.104 5577-5577/? D/InputEventReceiver: channel '48d322b DockedStackDivider (client)' ~ Disposing input event receiver.
    channel '48d322b DockedStackDivider (client)' ~NativeInputEventReceiver.
06-12 15:52:37.139 5577-5577/? D/KeyguardUpdateMonitor: handleConfigurationChanged
06-12 15:52:37.146 5577-5844/? D/Tile.WifiTile: handleUpdateState enabledChanging
06-12 15:52:37.146 5577-6172/? V/SystemUIAnalytics: SAPreference : 1104 / 1
06-12 15:52:37.150 5577-6172/? V/SystemUIAnalytics: SAPreference : 2031 / 0
06-12 15:52:37.151 5577-6172/? V/SystemUIAnalytics: SAPreference : 1105 / 1
06-12 15:52:37.153 5577-5844/? D/Tile.RotationLockTile:  handleUpdateState: true orientation = true
06-12 15:52:37.156 5577-5844/? D/Tile.BluetoothTile: handleUpdateState enabled = false connected = false bluetoothState = 10
06-12 15:52:37.156 5577-5577/? D/KeyguardClockPage: onRefreshCarrierInfo(pre, now): false, false
06-12 15:52:37.156 5577-6172/? V/SystemUIAnalytics: SAPreference : 1106 / 0
06-12 15:52:37.156 5577-5577/? D/CarrierText: updateCarrierText(): subscriptionInfo Size = 0, DefaultText = No service
06-12 15:52:37.156 5577-5577/? D/MultiSimUtils: isSimStateReadyorNotReady() : simSlot = 0, simState = ABSENT
06-12 15:52:37.156 5577-5577/? D/CarrierText: Getting plmn/spn/subId sticky brdcst  plmn : Emergency calls only, spn : , subId :-2
    plmn Of NetworkController Impl : Emergency calls only
06-12 15:52:37.157 5577-5577/? D/CarrierText: setText : No SIM card | Emergency calls only
    updateCarrierText(): subscriptionInfo Size = 0, DefaultText = No service
06-12 15:52:37.157 5577-5577/? D/MultiSimUtils: isSimStateReadyorNotReady() : simSlot = 0, simState = ABSENT
06-12 15:52:37.157 5577-5577/? D/CarrierText: Getting plmn/spn/subId sticky brdcst  plmn : Emergency calls only, spn : , subId :-2
    plmn Of NetworkController Impl : Emergency calls only
    setText : No SIM card | Emergency calls only
06-12 15:52:37.159 5577-5844/? D/Tile.MobileDataTile: handleUpdateState : state false
06-12 15:52:37.159 5577-6172/? V/SystemUIAnalytics: SAPreference : 2012 / 0
06-12 15:52:37.169 3194-3194/? D/SurfaceFlinger:   Display[0] configurations (* current):
        * 0: 1440x2560, xdpi=537.882019, ydpi=532.982971, refresh=16949152
      numHwLayers=6, flags=00000000
        type   |  handle  | hint | flag | tr | blnd |   format    |     source crop (l,t,r,b)      |          frame         | name 
    -----------+----------+------+------+----+------+-------------+--------------------------------+------------------------+------
          GLES | 700fc27000 | 0000 | 0001 | 00 | 0100 | RGB_565     |    0.0,    0.0, 1080.0, 1920.0 |    0,    0, 1080, 1920 | SurfaceView - com.example.fliptest/com.unity3d.player.UnityPlayerActivity@bce0aa2@0#0
          GLES | 00000000 | 0000 | 0201 | 00 | 0105 | ? ffffffff  |   -0.5,   -1.0,   -1.0,   -1.0 | 1079,    0, 1080, 1919 | BlackSurface#0
          GLES | 00000000 | 0000 | 0201 | 00 | 0105 | ? ffffffff  |   -1.0,    0.0,   -1.0,   -0.5 |    0,    0, 1079,    1 | BlackSurface#0
          GLES | 00000000 | 0000 | 0201 | 00 | 0105 | ? ffffffff  |    0.0,    0.0,   -0.5,   -0.0 |    0,    1,    1, 1920 | BlackSurface#0
      
        GLES | 00000000 | 0000 | 0201 | 00 | 0105 | ? ffffffff  |    0.0,   -0.5,   -0.0,   -1.0 |    1, 1919, 1080, 1920 | BlackSurface#0
     FB TARGET | 700bdf5d80 | 0000 | 0000 | 00 | 0105 | RGBA_8888   |    0.0,    0.0, 1440.0, 2560.0 |    0,    0, 1440, 2560 | HWC_FRAMEBUFFER_TARGET
06-12 15:52:37.171 5577-6172/? V/SystemUIAnalytics: SAPreference : 1109 / 0
06-12 15:52:37.174 5577-5844/? D/TileLifecycleManager: Binding service Intent { cmp=com.android.settings/com.samsung.android.settings.qstile.PowerSavingTile (has extras) } UserHandle{0}
06-12 15:52:37.176 5039-5731/? D/StorageManagerService: getExternalStorageMountMode : 1
    getExternalStorageMountMode : 3
    getExternalStorageMountMode : final mountMode=1, uid : 1000, packageName : com.android.settings
06-12 15:52:37.176 5039-5731/? I/ApplicationPolicy: isApplicationExternalStorageWhitelisted:com.android.settings user:0
06-12 15:52:37.176 5039-5731/? D/ApplicationPolicy: isApplicationExternalStorageWhitelisted: DO is not enabled on user 0. Allowed.
06-12 15:52:37.176 5039-5731/? D/ActivityManager: package  com.android.settings, user - 0 is SDcard whitelisted
06-12 15:52:37.176 5039-5731/? I/ApplicationPolicy: isApplicationExternalStorageBlacklisted:com.android.settings user:0
06-12 15:52:37.176 5039-5731/? D/ApplicationPolicy: isApplicationExternalStorageBlacklisted: DO is not enabled on user 0. Allowed.
06-12 15:52:37.189 5039-5731/? I/ActivityManager: Start proc 29062:com.android.settings:QuickSettingsTile/1000 for service com.android.settings/com.samsung.android.settings.qstile.PowerSavingTile
06-12 15:52:37.189 29062-29062/? E/Zygote: isWhitelistProcess - Process is Whitelisted
06-12 15:52:37.190 29062-29062/? E/libpersona: scanKnoxPersonas
    Couldn't open the File - /data/system/users/0/personalist.xml - No such file or directory
06-12 15:52:37.191 29062-29062/? W/SELinux: SELinux selinux_android_compute_policy_index : Policy Index[2],  Con:u:r:zygote:s0 RAM:SEPF_SM-G935F_8.0.0_0007, [-1 -1 -2 -1 0 1]
06-12 15:52:37.191 29062-29062/? I/SELinux: SELinux: seapp_context_lookup: seinfo=platform, pkgname=com.android.settings:QuickSettingsTile 
06-12 15:52:37.193 5577-5844/? D/TileLifecycleManager: onStartListening
06-12 15:52:37.194 29062-29062/? I/zygote64: Late-enabling -Xcheck:jni
06-12 15:52:37.195 5577-5844/? D/Tile.AirplaneModeTile:  handleUpdateState:  value false  state.dim false
06-12 15:52:37.197 3194-3194/? D/SurfaceFlinger:   Display[0] configurations (* current):
        * 0: 1440x2560, xdpi=537.882019, ydpi=532.982971, refresh=16949152
      numHwLayers=2, flags=00000000
        type   |  handle  | hint | flag | tr | blnd |   format    |     source crop (l,t,r,b)      |          frame         | name 
    -----------+----------+------+------+----+------+-------------+--------------------------------+------------------------+------
           HWC | 700fc27900 | 0000 | 0000 | 00 | 0100 | RGB_565     |    1.0,    1.0, 1079.0, 1919.0 |    0,    0, 1080, 1920 | SurfaceView - com.example.fliptest/com.unity3d.player.UnityPlayerActivity@bce0aa2@0#0
     FB TARGET | 700bdf5f00 | 0000 | 0000 | 00 | 0105 | RGBA_8888   |    0.0,    0.0, 1440.0, 2560.0 |    0,    0, 1440, 2560 | HWC_FRAMEBUFFER_TARGET
06-12 15:52:37.199 5577-6172/? V/SystemUIAnalytics: SAPreference : 2014 / 0
    SAPreference : 2016 / 0
06-12 15:52:37.204 5577-5844/? D/TileLifecycleManager: Binding service Intent { cmp=com.samsung.android.lool/com.samsung.android.sm.ui.booster.PerformanceTile (has extras) } UserHandle{0}
06-12 15:52:37.206 5039-5731/? D/StorageManagerService: getExternalStorageMountMode : 1
    getExternalStorageMountMode : 3
    getExternalStorageMountMode : final mountMode=1, uid : 1000, packageName : com.samsung.android.lool
06-12 15:52:37.206 5039-5731/? I/ApplicationPolicy: isApplicationExternalStorageWhitelisted:com.samsung.android.lool user:0
06-12 15:52:37.206 5039-5731/? D/ApplicationPolicy: isApplicationExternalStorageWhitelisted: DO is not enabled on user 0. Allowed.
06-12 15:52:37.206 5039-5731/? D/ActivityManager: package  com.samsung.android.lool, user - 0 is SDcard whitelisted
06-12 15:52:37.206 5039-5731/? I/ApplicationPolicy: isApplicationExternalStorageBlacklisted:com.samsung.android.lool user:0
06-12 15:52:37.206 5039-5731/? D/ApplicationPolicy: isApplicationExternalStorageBlacklisted: DO is not enabled on user 0. Allowed.
06-12 15:52:37.217 29062-29062/? D/TimaKeyStoreProvider: TimaKeyStore is not enabled: cannot add TimaSignature Service and generateKeyPair Service
06-12 15:52:37.217 5039-5731/? I/ActivityManager: Start proc 29075:com.samsung.android.lool/1000 for service com.samsung.android.lool/com.samsung.android.sm.ui.booster.PerformanceTile
06-12 15:52:37.218 29062-29062/? D/ActivityThread: Added TimaKeyStore provider
06-12 15:52:37.218 29075-29075/? E/Zygote: isWhitelistProcess - Process is Whitelisted
06-12 15:52:37.218 5577-5844/? D/TileLifecycleManager: onStartListening
06-12 15:52:37.218 29075-29075/? E/libpersona: scanKnoxPersonas
    Couldn't open the File - /data/system/users/0/personalist.xml - No such file or directory
06-12 15:52:37.219 29075-29075/? W/SELinux: SELinux selinux_android_compute_policy_index : Policy Index[2],  Con:u:r:zygote:s0 RAM:SEPF_SM-G935F_8.0.0_0007, [-1 -1 -2 -1 0 1]
06-12 15:52:37.220 29075-29075/? I/SELinux: SELinux: seapp_context_lookup: seinfo=platform, pkgname=com.samsung.android.lool 
06-12 15:52:37.220 5577-5844/? D/Tile.RotationLockTile:  handleUpdateState: true orientation = true
06-12 15:52:37.220 5577-5844/? W/Tile.CustomTile: handleUpdateState : hasPendingBind Power
    saving
06-12 15:52:37.221 29075-29075/? I/zygote64: Late-enabling -Xcheck:jni
06-12 15:52:37.222 5039-17295/? I/ActivityManager: DSS on for com.android.settings and scale is 1.0
06-12 15:52:37.239 29075-29075/? D/TimaKeyStoreProvider: TimaKeyStore is not enabled: cannot add TimaSignature Service and generateKeyPair Service
06-12 15:52:37.240 29075-29075/? D/ActivityThread: Added TimaKeyStore provider
06-12 15:52:37.247 3194-3273/? I/SurfaceFlinger: id=2929 Removed ScreenshotSurface#0 (5/9)
    id=2929 Removed ScreenshotSurface#0 (-2/9)
06-12 15:52:37.248 3194-3467/? I/SurfaceFlinger: id=2930 Removed BlackSurface#0 (5/8)
06-12 15:52:37.248 3194-3273/? I/SurfaceFlinger: id=2931 Removed BlackSurface#0 (5/7)
    id=2931 Removed BlackSurface#0 (-2/7)
    id=2930 Removed BlackSurface#0 (-2/7)
    id=2932 Removed BlackSurface#0 (5/6)
06-12 15:52:37.248 5039-13974/? I/ActivityManager: DSS on for com.samsung.android.lool and scale is 1.0
06-12 15:52:37.249 3194-3275/? I/SurfaceFlinger: id=2932 Removed BlackSurface#0 (-2/6)
06-12 15:52:37.250 5577-5844/? W/Tile.CustomTile: handleUpdateState : hasPendingBind Performance
    mode
06-12 15:52:37.250 3194-4287/? I/SurfaceFlinger: id=2933 Removed BlackSurface#0 (5/5)
    id=2933 Removed BlackSurface#0 (-2/5)
06-12 15:52:37.262 29062-29062/? I/zygote64: find the special shared library, skip check
06-12 15:52:37.262 3194-3194/? I/Layer: id=2931 onRemoved BlackSurface#0 
06-12 15:52:37.263 3194-3194/? I/Layer: id=2932 onRemoved BlackSurface#0 
    id=2933 onRemoved BlackSurface#0 
    id=2929 onRemoved ScreenshotSurface#0 
    id=2930 onRemoved BlackSurface#0 
06-12 15:52:37.268 29062-29062/? I/zygote64: find the special shared library, skip check
06-12 15:52:37.281 5039-5138/? V/WindowManager: rotationForOrientationLw(orient=0, last=1); user=0  sensorRotation=-1 mLidState=-1 mDockMode=0 mHdmiPlugged=false
06-12 15:52:37.291 29075-29075/? I/zygote64: find the special shared library, skip check
06-12 15:52:37.292 29062-29062/? I/zygote64: find the special shared library, skip check
06-12 15:52:37.292 4713-4713/? E/audit: type=1400 audit(1528807957.282:3259): avc:  denied  { write } for  pid=29075 comm="ng.android.lool" name="com.samsung.android.lool-1" dev="dm-1" ino=197020 scontext=u:r:system_app:s0 tcontext=u:object_r:apk_data_file:s0 tclass=dir permissive=0 SEPF_SM-G935F_8.0.0_0007 audit_filtered
    type=1300 audit(1528807957.282:3259): arch=c00000b7 syscall=48 success=no exit=-13 a0=ffffff9c a1=745f667130 a2=2 a3=0 items=0 ppid=4724 pid=29075 auid=4294967295 uid=1000 gid=1000 euid=1000 suid=1000 fsuid=1000 egid=1000 sgid=1000 fsgid=1000 tty=(none) ses=4294967295 comm="ng.android.lool" exe="/system/bin/app_process64" subj=u:r:system_app:s0 key=(null)
    type=1327 audit(1528807957.282:3259): proctitle="com.samsung.android.lool"
    type=1400 audit(1528807957.282:3260): avc:  denied  { write } for  pid=29075 comm="ng.android.lool" name="com.samsung.android.lool-1" dev="dm-1" ino=197020 scontext=u:r:system_app:s0 tcontext=u:object_r:apk_data_file:s0 tclass=dir permissive=0 SEPF_SM-G935F_8.0.0_0007 audit_filtered
    type=1300 audit(1528807957.282:3260): arch=c00000b7 syscall=56 success=no exit=-13 a0=ffffff9c a1=7452c64a00 a2=42 a3=1b6 items=0 ppid=4724 pid=29075 auid=4294967295 uid=1000 gid=1000 euid=1000 suid=1000 fsuid=1000 egid=1000 sgid=1000 fsgid=1000 tty=(none) ses=4294967295 comm="ng.android.lool" exe="/system/bin/app_process64" subj=u:r:system_app:s0 key=(null)
    type=1327 audit(1528807957.282:3260): proctitle="com.samsung.android.lool"
06-12 15:52:37.335 29075-29075/? D/SamsungAnalytics111040: cf feature is supported
06-12 15:52:37.359 29075-29075/? D/SamsungAnalytics111040: newThread on Executor
    [Tracker] Tracker start:1.11.040
06-12 15:52:37.369 29075-29075/? I/PerformanceTile: onCreate, Performance0
06-12 15:52:37.376 5577-5577/? D/TileLifecycleManager: onServiceConnected ComponentInfo{com.samsung.android.lool/com.samsung.android.sm.ui.booster.PerformanceTile}
06-12 15:52:37.377 5577-5577/? D/TileLifecycleManager: Handling pending onStartListening
    onStartListening
06-12 15:52:37.383 5039-5731/? D/SecContentProvider: query(), uri = 17 selection = isSettingsChangesAllowed
06-12 15:52:37.384 5039-5731/? D/SecContentProvider: called from android.uid.system:1000
06-12 15:52:37.384 29075-29075/? I/PerformanceTile: updateState, mode=0, state=1
06-12 15:52:37.387 5577-6393/? D/Tile.CustomTile: updateState : Label = Performance
    mode, State = 1, Icon = Icon(typ=RESOURCE pkg=com.samsung.android.lool id=0x7f02008e)
06-12 15:52:37.431 5039-13974/? I/EDMNativeHelperService: isCameraEnabled
06-12 15:52:37.471 29062-29062/? W/zygote64: Class com.samsung.context.sdk.samsunganalytics.SamsungAnalytics failed lock verification and will run slower.
    Common causes for lock verification issues are non-optimized dex code
    and incorrect proguard optimizations.
06-12 15:52:37.473 29062-29062/? D/SamsungAnalytics: cf feature is supported
06-12 15:52:37.478 29062-29062/? D/SamsungAnalytics: newThread on Executor
    [Tracker] Tracker start:1.8.15
06-12 15:52:37.494 5577-5577/? D/TileLifecycleManager: onServiceConnected ComponentInfo{com.android.settings/com.samsung.android.settings.qstile.PowerSavingTile}
    Handling pending onStartListening
    onStartListening
06-12 15:52:37.505 29062-29062/? D/PSMUtils: getCurrentPowerSavingMode: 0
06-12 15:52:37.507 5039-5048/? I/zygote64: Background concurrent copying GC freed 61905(3MB) AllocSpace objects, 26(520KB) LOS objects, 36% free, 41MB/65MB, paused 768us total 200.642ms
06-12 15:52:37.509 5577-6393/? D/Tile.CustomTile: updateState : Label = Power
    saving, State = 1, Icon = Icon(typ=RESOURCE pkg=com.android.settings id=0x7f0805dd)
06-12 15:52:38.323 1399-1399/? E/adbd: recv: OPEN 00000855 00000000 0029:73 68 65 6C 6C 3A 61 6D 20 66 6F 72 63 65 2D 73 74 6F 70 20 63 6F 6D 2E 65 78 61 6D 70 6C 65 2E 66 6C 69 70 74 65 73 74 00 
    service_to_fd: shell:am force-stop com.example.fliptest
06-12 15:52:38.360 5039-5731/? I/ActivityManager: Force stopping com.example.fliptest appid=10242 user=0: from pid 29109
    Killing 28420:com.example.fliptest/u0a242 (adj 0): stop com.example.fliptest,from pid 29109
06-12 15:52:38.363 5039-5731/? W/ActivityManager: Force removing ActivityRecord{c836b92 u0 com.example.fliptest/com.unity3d.player.UnityPlayerActivity t206}: app died, no saved state
06-12 15:52:38.364 8747-8759/? I/TrayUsageStatesWatcher: notePauseComponent : ComponentInfo{com.example.fliptest/com.unity3d.player.UnityPlayerActivity}
06-12 15:52:38.368 5039-5731/? D/InputDispatcher: Focus left window: 28420
06-12 15:52:38.368 5039-5731/? I/WindowManager: Failed to capture screenshot of Token{3a77963 ActivityRecord{c836b92 u0 com.example.fliptest/com.unity3d.player.UnityPlayerActivity t206 f}} appWin=Window{1d56543 u0 com.example.fliptest/com.unity3d.player.UnityPlayerActivity} drawState=4
06-12 15:52:38.372 5039-5731/? I/WindowManager: Destroying surface Surface(name=com.example.fliptest/com.unity3d.player.UnityPlayerActivity) called by com.android.server.wm.WindowStateAnimator.destroySurface:2501 com.android.server.wm.WindowStateAnimator.destroySurfaceLocked:985 com.android.server.wm.WindowState.removeImmediately:2403 com.android.server.wm.WindowState.removeIfPossible:2605 com.android.server.wm.WindowState.removeIfPossible:2441 com.android.server.wm.WindowToken.removeAllWindowsIfPossible:143 com.android.server.wm.AppWindowToken.removeIfPossible:606 com.android.server.wm.AppWindowToken.onRemovedFromDisplay:674 
06-12 15:52:38.372 3194-4264/? I/SurfaceFlinger: id=2927 Removed com.example.fliptest/com.unity3d.player.UnityPlayerActivity#1 (1/4)
06-12 15:52:38.373 3194-4264/? I/SurfaceFlinger: id=2927 Removed com.example.fliptest/com.unity3d.player.UnityPlayerActivity#1 (-2/4)
06-12 15:52:38.374 5039-5731/? D/InputDispatcher: Focused application released
06-12 15:52:38.375 5039-5731/? W/MultiScreenManagerService: moveTaskBackToDisplayIfNeeded(): root activity or app is null, task=TaskRecord{b0140f8d0 #206 A=com.example.fliptest U=0 StackId=1 sz=0}, rootActivity=null
06-12 15:52:38.375 5039-5039/? D/MdnieScenarioControlService: Listener Real Multi Window State : true
06-12 15:52:38.379 5039-5731/? D/CustomFrequencyManagerService: acquireDVFSLockLocked : type : DVFS_MIN_LIMIT  frequency : 2600000  uid : 1000  pid : 5039  pkgName : AMS_APP_HOME@CPU_MIN@66
06-12 15:52:38.379 5039-5731/? D/ActivityManagerPerformance: AMP_acquire() HOME
06-12 15:52:38.380 5039-5731/? D/PersonaManagerService: Current focused persona service handled id set to : 0
06-12 15:52:38.380 5039-5731/? D/InputDispatcher: Focused application set to: xxxx
06-12 15:52:38.380 3194-3194/? I/Layer: id=2927 onRemoved com.example.fliptest/com.unity3d.player.UnityPlayerActivity#1 
    id=2926 onRemoved Background for - SurfaceView - com.example.fliptest/com.unity3d.player.UnityPlayerActivity@bce0aa2@0#0 
06-12 15:52:38.381 3194-3194/? I/Layer: id=2925 onRemoved SurfaceView - com.example.fliptest/com.unity3d.player.UnityPlayerActivity@bce0aa2@0#0 
06-12 15:52:38.382 5039-5731/? V/WindowManager: rotationForOrientationLw(orient=5, last=1); user=0  sensorRotation=-1 mLidState=-1 mDockMode=0 mHdmiPlugged=false
06-12 15:52:38.382 5039-5731/? D/SamsungPhoneWindowManager: setRotationLw() : rotation=0
    semDvfsWakeupBooster.acquire()
06-12 15:52:38.382 5039-5731/? D/CustomFrequencyManagerService: acquireDVFSLockLocked : type : DVFS_MIN_LIMIT  frequency : 2600000  uid : 1000  pid : 5039  pkgName : PWM_ROTATION@CPU_MIN@86
06-12 15:52:38.383 5039-29112/? D/TspStateManagerInternal: update cmd=set_grip_data,2,0
06-12 15:52:38.384 5039-5731/? D/InputDispatcher: setInputDispatchMode: enabled=1, frozen=1
06-12 15:52:38.387 3194-3194/? I/SurfaceFlinger: id=2934 createSurf (1080x1920),2 flag=4, ScreenshotSurface#0
06-12 15:52:38.387 5039-5731/? V/Surface: sf_framedrop debug : 0x4f4c, game : false, logging : 0
06-12 15:52:38.388 3194-3194/? V/Surface: sf_framedrop debug : 0x4f4c, game : false, logging : 0
06-12 15:52:38.398 5039-5731/? W/LocalDisplayAdapter: Unable to find color mode 0, ignoring request.
06-12 15:52:38.398 6498-6498/? I/Launcher: onWindowVisibilityChanged : false
06-12 15:52:38.413 3194-3194/? I/SurfaceFlinger: Disp[0] Orientation 1=>0
06-12 15:52:38.414 5039-5731/? V/WindowManager: rotationForOrientationLw(orient=-1, last=1); user=0  sensorRotation=0 mLidState=-1 mDockMode=0 mHdmiPlugged=false
06-12 15:52:38.414 5039-5731/? W/LocalDisplayAdapter: Unable to find color mode 0, ignoring request.
06-12 15:52:38.417 3194-3194/? D/SurfaceFlinger:   Display[0] configurations (* current):
        * 0: 1440x2560, xdpi=537.882019, ydpi=532.982971, refresh=16949152
      numHwLayers=2, flags=00000000
        type   |  handle  | hint | flag | tr | blnd |   format    |     source crop (l,t,r,b)      |          frame         | name 
    -----------+----------+------+------+----+------+-------------+--------------------------------+------------------------+------
           HWC | 700fc27f00 | 0000 | 0100 | 00 | 0105 | RGBA_8888   |    0.0,    0.0, 1080.0, 1920.0 |    0,    0, 1080, 1920 | ScreenshotSurface#0
     FB TARGET | 700bdf5d80 | 0000 | 0000 | 00 | 0105 | RGBA_8888   |    0.0,    0.0, 1440.0, 2560.0 |    0,    0, 1440, 2560 | HWC_FRAMEBUFFER_TARGET
06-12 15:52:38.430 5039-17295/? V/WindowManager: Relayout Window{d33acda u0 com.sec.android.app.launcher/com.sec.android.app.launcher.activities.LauncherActivity}: viewVisibility=4 req=1080x1920 WM.LayoutParams{(0,0)(fillxfill) sim=#30 ty=1 fl=#81910d02 pfl=0x20000 fmt=-2 wanim=0x10302ea vsysui=0x700 needsMenuKey=2 colorMode=0 dimDuration=444 naviIconColor=0 sfl=0x40}
06-12 15:52:38.431 5039-5731/? I/ActivityManager: Config changes=480 {0 1.0 themeSeq = 0 showBtnBg = 0 ?mcc?mnc [en_GB] ldltr sw360dp w360dp h616dp 480dpi nrml long port finger -keyb/v/h -nav/h appBounds=Rect(0, 0 - 1080, 1920) s.191 mkbd/h}
06-12 15:52:38.432 6498-6498/? D/ViewRootImpl@7fdfd02[LauncherActivity]: Relayout returned: old=[0,0][1080,1920] new=[0,0][1080,1920] result=0x1 surface={valid=false 0} changed=false
06-12 15:52:38.433 5039-17295/? I/EDMNativeHelperService: isCameraEnabled
06-12 15:52:38.438 5039-5731/? I/ActivityManager: Override config changes=480 {0 1.0 themeSeq = 0 showBtnBg = 0 ?mcc?mnc [en_GB] ldltr sw360dp w360dp h616dp 480dpi nrml long port finger -keyb/v/h -nav/h appBounds=Rect(0, 0 - 1080, 1920) s.191 mkbd/h} for displayId=0
06-12 15:52:38.438 5039-5039/? D/TelecomService: onConfigurationChanged {0 1.0 themeSeq = 0 showBtnBg = 0 ?mcc?mnc [en_GB] ldltr sw360dp w360dp h616dp 480dpi nrml long port finger -keyb/v/h -nav/h appBounds=Rect(0, 0 - 1080, 1920) s.191 mkbd/h}
06-12 15:52:38.439 5039-5731/? I/SamsungPhoneWindowManager: setInitialDisplaySize() width=1080, height=1920, density=480, initWidth=1440, initHeight=2560, initDensity=640
06-12 15:52:38.439 5039-5731/? D/TspStateManagerInternal: updateDefaultValue customSetting=null
06-12 15:52:38.440 5039-5731/? I/SamsungPhoneWindowManager: setInitialDisplaySize() width=1080, height=1920, density=480, initWidth=1440, initHeight=2560, initDensity=640
06-12 15:52:38.441 5039-5731/? D/VirtualScreen: computeScreenConfiguration - change rect to Rect(-1080, 0 - 0, 1920) mDefaultDisplayRect is Rect(0, 0 - 1080, 1920)
    setOffset() mXOffset : 0 mYOffset : 0
06-12 15:52:38.440 5039-5731/? D/TspStateManagerInternal: updateDefaultValue customSetting=null
06-12 15:52:38.447 5039-5731/? D/MARsPolicyManager: onPackageResumedFG pkgName = com.sec.android.app.launcher, userId = 0
06-12 15:52:38.449 5039-5468/? D/GameManagerService: handleForegroundChange(). pkgName: com.sec.android.app.launcher, clsName: com.android.launcher3.Launcher,FgActivityName:com.sec.android.app.launcher/com.android.launcher3.Launcher
    sem_perfomance_mode: 0
    notifyResumePause(). pkg: com.sec.android.app.launcher, type: 4, isMinimized: false, isTunableApp: false
      notifyResumePause(). unexpected mPrevNotiType: -1
06-12 15:52:38.450 8747-8759/? I/TrayUsageStatesWatcher: noteResumeComponent : ComponentInfo{com.sec.android.app.launcher/com.android.launcher3.Launcher}
06-12 15:52:38.458 6534-6534/? V/Configuration:  needToUpdateOverlays
06-12 15:52:38.458 6534-6534/? I/chatty: uid=10035(u0_a35) com.samsung.android.service.peoplestripe identical 3 lines
06-12 15:52:38.458 6534-6534/? V/Configuration:  needToUpdateOverlays
06-12 15:52:38.458 3184-3706/? I/Sensors: batch - accelerometer_sensor try to batching with 5000000
06-12 15:52:38.459 6498-6498/? V/Configuration:  needToUpdateOverlays
     needToUpdateOverlays
06-12 15:52:38.462 26842-28989/? E/Camera3-OutputStream: getBufferLockedCommon: Stream 0: Can't dequeue next output buffer: Broken pipe (-32)
06-12 15:52:38.462 26842-29014/? E/Surface: queueBuffer: error queuing buffer to SurfaceTexture, -32
06-12 15:52:38.463 26842-28995/? I/CameraService: evictClientIdByRemote: callingPid=26842, servicePid=26842, clientPid=28420
    evictClientIdByRemote: remove client from mActiveClientManager.
06-12 15:52:38.463 26842-29014/? E/Camera3-OutputStream: returnBufferCheckedLocked: Stream 0: Error queueing buffer to native window: Broken pipe (-32)
06-12 15:52:38.463 26842-28989/? E/Camera3-Device: RequestThread: Can't get output buffer, skipping request: Broken pipe (-32)
06-12 15:52:38.463 26842-29014/? E/Camera3-Device: Can't return buffer to its stream: Broken pipe (-32)
06-12 15:52:38.464 26842-29014/? E/Surface: queueBuffer: error queuing buffer to SurfaceTexture, -32
06-12 15:52:38.464 26842-29014/? E/Camera3-OutputStream: returnBufferCheckedLocked: Stream 1: Error queueing buffer to native window: Broken pipe (-32)
06-12 15:52:38.464 26842-29014/? E/Camera3-Device: Can't return buffer to its stream: Broken pipe (-32)
06-12 15:52:38.464 26842-28989/? E/Camera3-OutputStream: getBufferLockedCommon: Stream 0: Can't dequeue next output buffer: Broken pipe (-32)
06-12 15:52:38.464 26842-28989/? E/Camera3-Device: RequestThread: Can't get output buffer, skipping request: Broken pipe (-32)
06-12 15:52:38.464 26842-28989/? E/Camera3-OutputStream: getBufferLockedCommon: Stream 0: Can't dequeue next output buffer: Broken pipe (-32)
06-12 15:52:38.464 26842-28989/? E/Camera3-Device: RequestThread: Can't get output buffer, skipping request: Broken pipe (-32)
06-12 15:52:38.464 26842-28989/? E/Camera3-OutputStream: getBufferLockedCommon: Stream 0: Can't dequeue next output buffer: Broken pipe (-32)
06-12 15:52:38.465 26842-28989/? E/Camera3-Device: RequestThread: Can't get output buffer, skipping request: Broken pipe (-32)
06-12 15:52:38.465 26842-28989/? E/Camera3-OutputStream: getBufferLockedCommon: Stream 0: Can't dequeue next output buffer: Broken pipe (-32)
06-12 15:52:38.465 26842-28989/? E/Camera3-Device: RequestThread: Can't get output buffer, skipping request: Broken pipe (-32)
06-12 15:52:38.465 26842-28989/? E/Camera3-OutputStream: getBufferLockedCommon: Stream 0: Can't dequeue next output buffer: Broken pipe (-32)
06-12 15:52:38.465 26842-28989/? E/Camera3-Device: RequestThread: Can't get output buffer, skipping request: Broken pipe (-32)
06-12 15:52:38.465 26842-28989/? E/Camera3-OutputStream: getBufferLockedCommon: Stream 0: Can't dequeue next output buffer: Broken pipe (-32)
06-12 15:52:38.465 26842-28989/? E/Camera3-Device: RequestThread: Can't get output buffer, skipping request: Broken pipe (-32)
06-12 15:52:38.465 26842-28989/? E/Camera3-OutputStream: getBufferLockedCommon: Stream 0: Can't dequeue next output buffer: Broken pipe (-32)
06-12 15:52:38.465 26842-28989/? E/Camera3-Device: RequestThread: Can't get output buffer, skipping request: Broken pipe (-32)
06-12 15:52:38.465 26842-28989/? E/Camera3-OutputStream: getBufferLockedCommon: Stream 0: Can't dequeue next output buffer: Broken pipe (-32)
06-12 15:52:38.465 26842-28989/? E/Camera3-Device: RequestThread: Can't get output buffer, skipping request: Broken pipe (-32)
06-12 15:52:38.465 5039-5838/? D/SensorService: Calling activate off
06-12 15:52:38.465 26842-28989/? E/Camera3-OutputStream: getBufferLockedCommon: Stream 0: Can't dequeue next output buffer: Broken pipe (-32)
06-12 15:52:38.465 26842-28989/? E/Camera3-Device: RequestThread: Can't get output buffer, skipping request: Broken pipe (-32)
06-12 15:52:38.466 26842-28989/? E/Camera3-OutputStream: getBufferLockedCommon: Stream 0: Can't dequeue next output buffer: Broken pipe (-32)
06-12 15:52:38.466 26842-28989/? E/Camera3-Device: RequestThread: Can't get output buffer, skipping request: Broken pipe (-32)
06-12 15:52:38.466 26842-28989/? E/Camera3-OutputStream: getBufferLockedCommon: Stream 0: Can't dequeue next output buffer: Broken pipe (-32)
06-12 15:52:38.466 26842-28989/? E/Camera3-Device: RequestThread: Can't get output buffer, skipping request: Broken pipe (-32)
06-12 15:52:38.466 26842-28989/? E/Camera3-OutputStream: getBufferLockedCommon: Stream 0: Can't dequeue next output buffer: Broken pipe (-32)
06-12 15:52:38.466 26842-28989/? E/Camera3-Device: RequestThread: Can't get output buffer, skipping request: Broken pipe (-32)
06-12 15:52:38.466 26842-28989/? E/Camera3-OutputStream: getBufferLockedCommon: Stream 0: Can't dequeue next output buffer: Broken pipe (-32)
06-12 15:52:38.466 26842-28989/? E/Camera3-Device: RequestThread: Can't get output buffer, skipping request: Broken pipe (-32)
06-12 15:52:38.466 26842-28989/? E/Camera3-OutputStream: getBufferLockedCommon: Stream 0: Can't dequeue next output buffer: Broken pipe (-32)
06-12 15:52:38.466 26842-28989/? E/Camera3-Device: RequestThread: Can't get output buffer, skipping request: Broken pipe (-32)
06-12 15:52:38.466 26842-28989/? E/Camera3-OutputStream: getBufferLockedCommon: Stream 0: Can't dequeue next output buffer: Broken pipe (-32)
06-12 15:52:38.467 26842-28989/? E/Camera3-Device: RequestThread: Can't get output buffer, skipping request: Broken pipe (-32)
06-12 15:52:38.467 26842-28989/? E/Camera3-OutputStream: getBufferLockedCommon: Stream 0: Can't dequeue next output buffer: Broken pipe (-32)
06-12 15:52:38.467 26842-28989/? E/Camera3-Device: RequestThread: Can't get output buffer, skipping request: Broken pipe (-32)
06-12 15:52:38.467 26842-28989/? E/Camera3-OutputStream: getBufferLockedCommon: Stream 0: Can't dequeue next output buffer: Broken pipe (-32)
06-12 15:52:38.467 26842-28989/? E/Camera3-Device: RequestThread: Can't get output buffer, skipping request: Broken pipe (-32)
06-12 15:52:38.467 26842-28989/? E/Camera3-OutputStream: getBufferLockedCommon: Stream 0: Can't dequeue next output buffer: Broken pipe (-32)
06-12 15:52:38.467 26842-28989/? E/Camera3-Device: RequestThread: Can't get output buffer, skipping request: Broken pipe (-32)
06-12 15:52:38.467 26842-28989/? E/Camera3-OutputStream: getBufferLockedCommon: Stream 0: Can't dequeue next output buffer: Broken pipe (-32)
06-12 15:52:38.467 3184-3184/? I/Sensors: AccSensor old sensor_state 3, new sensor_state : 2 en : 0
06-12 15:52:38.467 26842-28989/? E/Camera3-Device: RequestThread: Can't get output buffer, skipping request: Broken pipe (-32)
06-12 15:52:38.467 26842-28995/? E/CameraDeviceClient: Disconnect from CameraDeviceClient
06-12 15:52:38.467 26842-28995/? D/CameraDeviceClient: disconnect:stop IT Policy checking thread
06-12 15:52:38.467 26842-28989/? E/Camera3-OutputStream: getBufferLockedCommon: Stream 0: Can't dequeue next output buffer: Broken pipe (-32)
06-12 15:52:38.467 26842-28989/? E/Camera3-Device: RequestThread: Can't get output buffer, skipping request: Broken pipe (-32)
06-12 15:52:38.467 26842-28989/? E/Camera3-OutputStream: getBufferLockedCommon: Stream 0: Can't dequeue next output buffer: Broken pipe (-32)
06-12 15:52:38.467 26842-28989/? E/Camera3-Device: RequestThread: Can't get output buffer, skipping request: Broken pipe (-32)
06-12 15:52:38.467 26842-28989/? E/Camera3-OutputStream: getBufferLockedCommon: Stream 0: Can't dequeue next output buffer: Broken pipe (-32)
06-12 15:52:38.467 26842-28989/? E/Camera3-Device: RequestThread: Can't get output buffer, skipping request: Broken pipe (-32)
06-12 15:52:38.468 26842-28989/? E/Camera3-OutputStream: getBufferLockedCommon: Stream 0: Can't dequeue next output buffer: Broken pipe (-32)
06-12 15:52:38.468 26842-28989/? E/Camera3-Device: RequestThread: Can't get output buffer, skipping request: Broken pipe (-32)
06-12 15:52:38.468 26842-28989/? E/Camera3-OutputStream: getBufferLockedCommon: Stream 0: Can't dequeue next output buffer: Broken pipe (-32)
06-12 15:52:38.468 26842-28989/? E/Camera3-Device: RequestThread: Can't get output buffer, skipping request: Broken pipe (-32)
06-12 15:52:38.468 26842-28989/? E/Camera3-OutputStream: getBufferLockedCommon: Stream 0: Can't dequeue next output buffer: Broken pipe (-32)
06-12 15:52:38.468 26842-28989/? E/Camera3-Device: RequestThread: Can't get output buffer, skipping request: Broken pipe (-32)
06-12 15:52:38.468 26842-29014/? E/Surface: queueBuffer: error queuing buffer to SurfaceTexture, -32
06-12 15:52:38.468 26842-29014/? E/Camera3-OutputStream: returnBufferCheckedLocked: Stream 0: Error queueing buffer to native window: Broken pipe (-32)
06-12 15:52:38.468 26842-28989/? E/Camera3-OutputStream: getBufferLockedCommon: Stream 0: Can't dequeue next output buffer: Broken pipe (-32)
06-12 15:52:38.468 26842-28989/? E/Camera3-Device: RequestThread: Can't get output buffer, skipping request: Broken pipe (-32)
06-12 15:52:38.468 26842-29014/? E/Camera3-Device: Can't return buffer to its stream: Broken pipe (-32)
06-12 15:52:38.469 26842-29014/? E/Surface: queueBuffer: error queuing buffer to SurfaceTexture, -32
06-12 15:52:38.469 26842-29014/? E/Camera3-OutputStream: returnBufferCheckedLocked: Stream 1: Error queueing buffer to native window: Broken pipe (-32)
06-12 15:52:38.469 26842-29014/? E/Camera3-Device: Can't return buffer to its stream: Broken pipe (-32)
06-12 15:52:38.469 26842-28995/? D/Camera3-Device: clearStreamingRequest: mInterfaceLock.lock()
    clearStreamingRequest: mInterfaceLock.unlock()
    waitUntilDrained: mInterfaceLock.lock()
06-12 15:52:38.469 26842-28989/? E/Camera3-OutputStream: getBufferLockedCommon: Stream 0: Can't dequeue next output buffer: Broken pipe (-32)
06-12 15:52:38.469 26842-28989/? E/Camera3-Device: RequestThread: Can't get output buffer, skipping request: Broken pipe (-32)
06-12 15:52:38.469 5039-5616/? D/SensorService: Calling activate off
06-12 15:52:38.470 3184-3184/? I/Sensors: GyroSensor old sensor_state 2, new sensor_state : 0 en : 0
06-12 15:52:38.470 26842-29007/? W/ExynosCameraMCPipe: [CAM_ID(0)][PIPE_3AA]-WRN(m_putBuffer[1720]):Capture node putbuffer is Zero, frameCount(221)
06-12 15:52:38.470 26842-29014/? E/Surface: queueBuffer: error queuing buffer to SurfaceTexture, -32
06-12 15:52:38.471 26842-29014/? E/Camera3-OutputStream: returnBufferCheckedLocked: Stream 0: Error queueing buffer to native window: Broken pipe (-32)
06-12 15:52:38.472 26842-29014/? E/Camera3-Device: Can't return buffer to its stream: Broken pipe (-32)
06-12 15:52:38.472 26842-29014/? E/Surface: queueBuffer: error queuing buffer to SurfaceTexture, -32
06-12 15:52:38.472 26842-29014/? E/Camera3-OutputStream: returnBufferCheckedLocked: Stream 1: Error queueing buffer to native window: Broken pipe (-32)
06-12 15:52:38.472 26842-29014/? E/Camera3-Device: Can't return buffer to its stream: Broken pipe (-32)
06-12 15:52:38.473 5039-5616/? D/SensorService: Calling activate off
06-12 15:52:38.473 6498-6498/? V/Configuration:  needToUpdateOverlays
06-12 15:52:38.476 6498-6498/? I/chatty: uid=10070(u0_a70) com.sec.android.app.launcher identical 9 lines
06-12 15:52:38.476 6498-6498/? V/Configuration:  needToUpdateOverlays
06-12 15:52:38.476 5577-5577/? V/Configuration:  needToUpdateOverlays
06-12 15:52:38.479 5577-5577/? I/chatty: uid=10066(u0_a66) com.android.systemui identical 26 lines
06-12 15:52:38.479 5577-5577/? V/Configuration:  needToUpdateOverlays
06-12 15:52:38.479 6498-6498/? V/Configuration:  needToUpdateOverlays
06-12 15:52:38.479 5577-5577/? V/Configuration:  needToUpdateOverlays
06-12 15:52:38.479 6498-6498/? V/Configuration:  needToUpdateOverlays
06-12 15:52:38.479 5577-5577/? V/Configuration:  needToUpdateOverlays
06-12 15:52:38.479 6498-6498/? V/Configuration:  needToUpdateOverlays
06-12 15:52:38.479 5577-5577/? V/Configuration:  needToUpdateOverlays
     needToUpdateOverlays
06-12 15:52:38.479 6498-6498/? V/Configuration:  needToUpdateOverlays
     needToUpdateOverlays
06-12 15:52:38.479 5577-5577/? V/Configuration:  needToUpdateOverlays
     needToUpdateOverlays
06-12 15:52:38.479 6498-6498/? V/Configuration:  needToUpdateOverlays
06-12 15:52:38.479 5577-5577/? V/Configuration:  needToUpdateOverlays
06-12 15:52:38.480 5577-5577/? I/chatty: uid=10066(u0_a66) com.android.systemui identical 80 lines
06-12 15:52:38.480 5577-5577/? V/Configuration:  needToUpdateOverlays
06-12 15:52:38.480 5894-5894/? V/Configuration:  needToUpdateOverlays
06-12 15:52:38.482 6498-6498/? D/HomeContainer: setAlpha : 0.0
06-12 15:52:38.482 5577-5577/? V/Configuration:  needToUpdateOverlays
