06-12 15:52:21.730 28288-28307/? I/GOS:DataManager: Create a DataManager
06-12 15:52:21.730 28288-28307/? D/GOS:DataManager: onPackageInstallStarted(). packageName :  com.example.fliptest
    addPkgDataFromServer(), packageName : com.example.fliptest
06-12 15:52:21.734 28288-28307/? W/GOS:DataManager: addPkgDataFromServer(), getInstallerPackageName() is failed. Unknown package: com.example.fliptest
06-12 15:52:21.735 28288-28307/? W/GOS:PackageUtil: isVrApp(). PackageManager.NameNotFoundException: com.example.fliptest
06-12 15:52:21.736 28288-28307/? D/GOS:RequestHeader: device_name : hero2lte
    model_name : SM-G935F
    version_r : 8.0.0
    version_i : G935FXXU2ERE8
    app_version_name : 1.2.12
    app_version_code : 1212
06-12 15:52:21.737 28288-28307/? D/GOS:RequestHeader: is_test : false
06-12 15:52:21.738 28288-28307/? D/GOS:RequestHeader: gms_version : 80.01
06-12 15:52:21.739 28288-28307/? D/GOS:RequestHeader: appVersionNameFull : 1.2.12.4
    appVersionCodeFull : 121200004
06-12 15:52:21.743 28288-28307/? D/GOS:RequestHeader: mcc : 244
    mnc : 91
06-12 15:52:21.744 28312-28312/? E/Zygote: isWhitelistProcess - Process is Whitelisted
06-12 15:52:21.745 28312-28312/? E/libpersona: scanKnoxPersonas
    Couldn't open the File - /data/system/users/0/personalist.xml - No such file or directory
06-12 15:52:21.748 28312-28312/? W/SELinux: SELinux selinux_android_compute_policy_index : Policy Index[2],  Con:u:r:zygote:s0 RAM:SEPF_SM-G935F_8.0.0_0007, [-1 -1 -1 -1 0 1]
06-12 15:52:21.749 28312-28312/? I/SELinux: SELinux: seapp_context_lookup: seinfo=platform, level=s0:c512,c768, pkgname=com.samsung.android.sm.devicesecurity 
06-12 15:52:21.752 28312-28312/? I/zygote64: Late-enabling -Xcheck:jni
06-12 15:52:21.778 28312-28312/? D/TimaKeyStoreProvider: TimaKeyStore is not enabled: cannot add TimaSignature Service and generateKeyPair Service
06-12 15:52:21.779 28312-28312/? D/ActivityThread: Added TimaKeyStore provider
06-12 15:52:21.792 5039-5054/? W/ActivityManager: Slow operation: 72ms so far, now at startProcess: building log message
06-12 15:52:21.792 5039-5054/? I/ActivityManager: Start proc 28312:com.samsung.android.sm.devicesecurity/5012 for broadcast com.samsung.android.sm.devicesecurity/.AppVerificationReceiver
06-12 15:52:21.792 5039-5054/? W/ActivityManager: Slow operation: 72ms so far, now at startProcess: starting to update pids map
    Slow operation: 72ms so far, now at startProcess: done updating pids map
    Slow operation: 72ms so far, now at startProcess: done starting proc!
06-12 15:52:21.794 5039-23509/? I/ActivityManager: DSS on for com.samsung.android.sm.devicesecurity and scale is 1.0
06-12 15:52:21.814 28312-28312/? I/zygote64: no shared libraies, dex_files: 1
06-12 15:52:21.845 5039-23509/? D/PackageManager: [VERIFY] verifyPendingInstall2(111, VERIFICATION_ALLOW), uid=5012
06-12 15:52:21.845 5039-5076/? D/PackageManager: [VERIFY] PACKAGE_VERIFIED: 
    PackageVerificationState{
        verifier packages=com.samsung.android.sm.devicesecurity(5012),
        intent=Intent { act=com.samsung.android.intent.action.PACKAGE_NEEDS_VERIFICATION2 dat=file:///data/app/vmdl772826109.tmp typ=application/vnd.android.package-archive flg=0x10000001 cmp=com.samsung.android.sm.devicesecurity/.AppVerificationReceiver (has extras) }
        others=111, false, false, false, false, false
    }
06-12 15:52:21.846 5039-5076/? D/PackageManager: [VERIFY] setVerifierResponse {verificationID=111, uid=5012, code=1}
    [VERIFY] packageVerificationCompletion: completed id=111
06-12 15:52:21.847 5039-5039/? D/PackageManager: [VERIFY] onReceive for RequiredVerifier id=111
06-12 15:52:21.849 5039-23509/? I/ActivityManager: KPU : put [com.sec.android.app.shealth:remote] : 0 K
06-12 15:52:21.850 5039-23509/? I/ActivityManager: Killing 27687:com.sec.android.app.shealth:remote/u0a40 (adj 906): DHA:empty #25
06-12 15:52:21.859 5039-5076/? W/PackageManager: verifying app can be installed or not
06-12 15:52:21.860 5039-5076/? D/ApplicationPolicy: isApplicationInstallationEnabled
    isApplicationInstallationEnabled :  Checking PKG WL - false
    isApplicationInstallationEnabled :  Checking PKG BL - true
    isApplicationInstallationEnabled :  Checking PERM BL - true
    isApplicationInstallationEnabled :  Checking SIG BL - true
    isApplicationInstallationEnabled :  enabled true
06-12 15:52:21.862 5039-5076/? I/MSTG:  com.example.fliptest is installing..
06-12 15:52:21.862 5039-5076/? I/AASAInstall: mAASAFirstWoring is changed into FALSE!!!!
06-12 15:52:21.863 5039-5076/? I/AASAInstall: ship device
06-12 15:52:21.884 27711-27711/? D/HealthConsole: Service for HealthDataStore is disconnected
06-12 15:52:21.884 5039-5050/? W/ActivityManager: Scheduling restart of crashed service com.sec.android.app.shealth/com.samsung.android.service.health.HealthService in 1000ms
06-12 15:52:21.887 5894-5971/? D/ForegroundUtils: could not check pending caller
06-12 15:52:21.905 5039-5946/? D/StorageManagerService: getExternalStorageMountMode : 3
    getExternalStorageMountMode : 3
06-12 15:52:21.906 5039-5946/? D/StorageManagerService: getExternalStorageMountMode : final mountMode=3, uid : 10040, packageName : com.sec.android.app.shealth
06-12 15:52:21.906 5039-5946/? I/ApplicationPolicy: isApplicationExternalStorageWhitelisted:com.sec.android.app.shealth user:0
06-12 15:52:21.906 5039-5946/? D/ApplicationPolicy: isApplicationExternalStorageWhitelisted: DO is not enabled on user 0. Allowed.
06-12 15:52:21.907 5039-5946/? D/ActivityManager: package  com.sec.android.app.shealth, user - 0 is SDcard whitelisted
06-12 15:52:21.907 5039-5946/? I/ApplicationPolicy: isApplicationExternalStorageBlacklisted:com.sec.android.app.shealth user:0
06-12 15:52:21.907 5039-5946/? D/ApplicationPolicy: isApplicationExternalStorageBlacklisted: DO is not enabled on user 0. Allowed.
06-12 15:52:21.923 5039-5946/? I/ActivityManager: Start proc 28328:com.sec.android.app.shealth:remote/u0a40 for service com.sec.android.app.shealth/com.samsung.android.service.health.HealthService
06-12 15:52:21.926 28328-28328/? E/Zygote: isWhitelistProcess - Process is Whitelisted
06-12 15:52:21.927 28328-28328/? E/libpersona: scanKnoxPersonas
    Couldn't open the File - /data/system/users/0/personalist.xml - No such file or directory
06-12 15:52:21.928 28288-28307/? D/GOS:RequestHeader: installed_sec_game_family : com.samsung.android.game.gamehome:disabled,com.samsung.android.game.gametools:disabled
06-12 15:52:21.928 28288-28307/? D/GOS:DataManager: getUUID(), UUID: c5fcefb3d1214660b18b246810430781
06-12 15:52:21.928 28288-28307/? D/GOS:RequestHeader: android_id_md5 (The actual value is UUID. android_id_md5 is just the key name for API header) : c5fcefb3d1214660b18b246810430781
06-12 15:52:21.931 28328-28328/? W/SELinux: SELinux selinux_android_compute_policy_index : Policy Index[2],  Con:u:r:zygote:s0 RAM:SEPF_SM-G935F_8.0.0_0007, [-1 -1 -1 -1 0 1]
06-12 15:52:21.931 28288-28307/? D/GOS:RequestHeader: available_feature_flag : 32719109415473431
06-12 15:52:21.932 28288-28307/? D/GOS:RequestHeader: server_feature_flag_policy : NNNNN000NNNNNN0N1NN00NN000NN00NNNN0N0NNNN0NNNNNNNNNN
    default_feature_flag : 22522671065633559
    enabled_feature_flag : 18014673387622679
06-12 15:52:21.932 28288-28307/? D/GOS:NetworkConnector: mBaseUrl: https://service.game-mode.net/gamemode
    getPkgData(), packageName : com.example.fliptest
06-12 15:52:21.932 28328-28328/? I/SELinux: SELinux: seapp_context_lookup: seinfo=release, level=s0:c512,c768, pkgname=com.sec.android.app.shealth:remote 
06-12 15:52:21.933 28288-28307/? D/GOS:NetworkConnector: sendGet(), Sending GET request to URL : https://service.game-mode.net/gamemode/v3/packages/?device_name=hero2lte&type=install&package_names=com.example.fliptest&installer_package_names=null
06-12 15:52:21.935 5039-5716/? D/ConnectivityService: filterNetworkStateForUid() uid: 10111 networkInfo: [type: WIFI[] - WIFI, state: CONNECTED/CONNECTED, reason: (unspecified), extra: "Bearwithme", failover: false, available: true, roaming: false, metered: false]
06-12 15:52:21.937 5039-5716/? D/ConnectivityService: filterNetworkStateForUid() uid: 10111 networkInfo: [type: MOBILE[] - MOBILE, state: DISCONNECTED/DISCONNECTED, reason: (unspecified), extra: (none), failover: false, available: true, roaming: false, metered: false]
06-12 15:52:21.939 28288-28307/? I/GOS:NetworkConnector: Network is connected
06-12 15:52:21.940 28328-28328/? I/zygote64: Late-enabling -Xcheck:jni
06-12 15:52:21.942 28288-28307/? D/NetworkSecurityConfig: No Network Security Config specified, using platform default
06-12 15:52:21.952 28288-28307/? D/GOS:NetworkConnector: sendGet(), Header Key : version_i, Value : G935FXXU2ERE8
    sendGet(), Header Key : mnc, Value : 91
    sendGet(), Header Key : tuner_eula_ver, Value : 0
    sendGet(), Header Key : version_r, Value : 8.0.0
    sendGet(), Header Key : appVersionNameFull, Value : 1.2.12.4
    sendGet(), Header Key : mcc, Value : 244
    sendGet(), Header Key : gms_version, Value : 80.01
    sendGet(), Header Key : device_name, Value : hero2lte
    sendGet(), Header Key : model_name, Value : SM-G935F
06-12 15:52:21.953 28288-28307/? D/GOS:NetworkConnector: sendGet(), Header Key : samsung_errorlog_agree, Value : 1
    sendGet(), Header Key : app_version_code, Value : 1212
    sendGet(), Header Key : android_id_md5, Value : c5fcefb3d1214660b18b246810430781
    sendGet(), Header Key : appVersionCodeFull, Value : 121200004
    sendGet(), Header Key : is_test, Value : false
    sendGet(), Header Key : installed_sec_game_family, Value : com.samsung.android.game.gamehome:disabled,com.samsung.android.game.gametools:disabled
    sendGet(), Header Key : app_version_name, Value : 1.2.12
06-12 15:52:21.954 28288-28307/? I/System.out: (HTTPLog)-Static: isSBSettingEnabled false
06-12 15:52:21.955 28288-28307/? I/System.out: (HTTPLog)-Static: isSBSettingEnabled false
06-12 15:52:21.958 4737-4866/? D/DnsProxyListener: DNSDBG::dns addrinfo af 2
06-12 15:52:21.967 5039-5076/? I/PackageManager.DexOptimizer: Running dexopt (dexoptNeeded=1) on: /data/app/vmdl772826109.tmp/base.apk pkg=com.example.fliptest isa=arm dexoptFlags=boot_complete,public target-filter=quicken oatDir=/data/app/vmdl772826109.tmp/oat sharedLibraries=null
06-12 15:52:21.969 28328-28328/? D/TimaKeyStoreProvider: TimaKeyStore is not enabled: cannot add TimaSignature Service and generateKeyPair Service
06-12 15:52:21.970 28328-28328/? D/ActivityThread: Added TimaKeyStore provider
06-12 15:52:21.972 5039-5716/? I/ActivityManager: DSS on for com.sec.android.app.shealth and scale is 1.0
06-12 15:52:22.015 28328-28328/? I/zygote64: no shared libraies, dex_files: 1
06-12 15:52:22.056 28343-28343/? I/dex2oat: /system/bin/dex2oat --input-vdex-fd=-1 --output-vdex-fd=20 --compiler-filter=quicken --classpath-dir=/data/app/vmdl772826109.tmp
06-12 15:52:22.060 28328-28328/? I/MultiDex: VM with version 2.1.0 has multidex support
    install
    VM has multidex support, MultiDex support library is disabled.
    install
    VM has multidex support, MultiDex support library is disabled.
06-12 15:52:22.070 28328-28328/? D/S HEALTH - SHealthApplication: [PERF] oncreate - start
06-12 15:52:22.075 28328-28328/? I/S HEALTH - OOBEManager: init state: NEEDED / remote
06-12 15:52:22.092 6027-6027/? D/io_stats: !@   8,0 r 934688 47246308 w 751747 35173076 d 71629 44987924 f 263085 263057 iot 1012740 680240 th 374300 0 0 pt 0 inp 0 0 119627.788
06-12 15:52:22.122 28343-28343/? I/dex2oat: Running dex2oat (parent PID = 4731)
06-12 15:52:22.173 5039-5716/? D/PackageManager: setEnabledSetting : userId = 0 packageName = com.sec.android.app.shealth cmp = com.sec.android.app.shealth.widget.WalkMateAppWidget newState = 1 callingPackage = 10040/com.sec.android.app.shealth
06-12 15:52:22.178 5039-5716/? D/PackageManager: setEnabledSetting : userId = 0 packageName = com.sec.android.app.shealth cmp = com.sec.android.app.shealth.widget.WalkMatePlainAppWidget newState = 1 callingPackage = 10040/com.sec.android.app.shealth
06-12 15:52:22.182 5039-5716/? D/PackageManager: setEnabledSetting : userId = 0 packageName = com.sec.android.app.shealth cmp = com.sec.android.app.shealth.widget.WalkMateAppEasyWidget newState = 1 callingPackage = 10040/com.sec.android.app.shealth
06-12 15:52:22.187 28343-28343/? I/dex2oat: ----------------------------------------------------
    <SS>: S T A R T I N G . . .
06-12 15:52:22.187 28343-28343/? D/dex2oat: <SS>: apk not found at /base.odex
    <SS>: trying at /data/app/vmdl772826109.tmp/base.apk
06-12 15:52:22.187 28343-28343/? I/dex2oat: <SS>: going to process manifest for 32-bit.../data/app/vmdl772826109.tmp/base.apk
    SS_ART_lib [I]: access to SS denied
06-12 15:52:22.188 28343-28343/? I/dex2oat: Finish SS_ART_lib()
06-12 15:52:22.189 28343-28343/? I/dex2oat: dex2oat took 133.302ms (183.181ms cpu) (threads: 8) arena alloc=20KB (20672B) java alloc=358KB (367272B) native alloc=1523KB (1560440B) free=4MB (4206728B)
06-12 15:52:22.194 28328-28328/? D/S HEALTH - SHealthApplication: [PERF] oncreate - end
06-12 15:52:22.196 5039-5076/? I/PackageManager.DexOptimizer: do mInstaller.syncDexopt : com.example.fliptest
06-12 15:52:22.200 5039-5076/? W/SELinux: SELinux: set fc_digest(/data/app/com.example.fliptest-l1t6QC7goPOUCN-JVIakLg==)
06-12 15:52:22.204 28328-28328/? D/NetworkSecurityConfig: No Network Security Config specified, using platform default
06-12 15:52:22.205 5039-5076/? D/PersonaServiceHelper: trimPersonaFromInstallation is called...
    User is not knox premium container 0
06-12 15:52:22.205 5039-5076/? W/SELinuxMMAC:  assignseinfovalue, <package name > = com.example.fliptest<seinfo> = untrusted:targetSdkVersion=27<bbcseinfo> = untrusted:targetSdkVersion=27<space> = 1023
06-12 15:52:22.205 5039-5076/? D/PackageManager: Resolved nativeLibraryRoot for com.example.fliptest to root=/data/app/com.example.fliptest-l1t6QC7goPOUCN-JVIakLg==/lib, isa=true
    Abis for package[com.example.fliptest] are primary=armeabi-v7a secondary=null
06-12 15:52:22.211 28328-28328/? I/Health.HealthService: HealthService: onCreate() start (28328)
06-12 15:52:22.212 5039-5076/? D/PackageManager: EAS IT Policy com.example.fliptest isPackageSignedByPlatform = false
06-12 15:52:22.213 5039-5076/? D/PackageManager: EAS IT Policy destCodeFile /data/app/com.example.fliptest-l1t6QC7goPOUCN-JVIakLg==
06-12 15:52:22.251 27711-27711/? D/HealthDataStore: Service for HealthDataStore is connected
06-12 15:52:22.253 5039-5716/? I/ActivityManager: KPU : put [com.sec.android.widgetapp.samsungapps] : 0 K
06-12 15:52:22.254 5039-5716/? I/ActivityManager: Killing 27726:com.sec.android.widgetapp.samsungapps/u0a110 (adj 906): DHA:empty #25
06-12 15:52:22.330 5039-5076/? D/AASAinstall: there is not AASApackages.xml file
06-12 15:52:22.404 5039-5076/? I/PackageManager: enforceEDMPermissionLI
06-12 15:52:22.404 5039-5716/? W/ActivityManager: Slow operation: 145ms so far, now at getContentProviderImpl: incProviderCountLocked
    Slow operation: 145ms so far, now at getContentProviderImpl: before updateOomAdj
    Slow operation: 145ms so far, now at getContentProviderImpl: after updateOomAdj
    Slow operation: 145ms so far, now at getContentProviderImpl: done!
06-12 15:52:22.406 28328-28328/? D/HealthDataStore: Service for HealthDataStore is connected
06-12 15:52:22.407 4731-10373/? I/SELinux: SELinux: seapp_context_lookup: seinfo=untrusted, level=s0:c512,c768, pkgname=com.example.fliptest 
06-12 15:52:22.409 4731-10373/? I/SELinux: SELinux: seapp_context_lookup: seinfo=untrusted, level=s0:c512,c768, pkgname=com.example.fliptest 
06-12 15:52:22.409 5894-5971/? D/ForegroundUtils: could not check pending caller
06-12 15:52:22.410 4731-10373/? I/SELinux: SELinux: seapp_context_lookup: seinfo=untrusted, level=s0:c512,c768, pkgname=com.example.fliptest 
06-12 15:52:22.411 27711-27711/? D/HealthDataStore: HealthConnectionErrorResult code : 9
06-12 15:52:22.411 4731-10373/? I/SELinux: SELinux: seapp_context_lookup: seinfo=untrusted, level=s0:c512,c768, pkgname=com.example.fliptest 
06-12 15:52:22.412 4731-10373/? I/chatty: uid=0(root) Binder:4731_7 identical 1 line
06-12 15:52:22.412 4731-10373/? I/SELinux: SELinux: seapp_context_lookup: seinfo=untrusted, level=s0:c512,c768, pkgname=com.example.fliptest 
06-12 15:52:22.415 28328-28328/? D/HealthDataStore: HealthConnectionErrorResult code : 9
06-12 15:52:22.416 4731-10373/? I/SELinux: SELinux: seapp_context_lookup: seinfo=untrusted, level=s0:c512,c768, pkgname=com.example.fliptest 
06-12 15:52:22.420 4731-10373/? I/chatty: uid=0(root) Binder:4731_7 identical 4 lines
06-12 15:52:22.421 4731-10373/? I/SELinux: SELinux: seapp_context_lookup: seinfo=untrusted, level=s0:c512,c768, pkgname=com.example.fliptest 
06-12 15:52:22.423 27711-27711/? D/HealthDataStore: Trying to connect with Health Service fails (error code: 9)
06-12 15:52:22.423 27711-27711/? E/HealthDataStore: disconnectService: Context instance is invalid
06-12 15:52:22.425 28328-28328/? D/HealthConsole: Service for HealthDataConsole is connected
06-12 15:52:22.425 4731-10373/? I/installed: secure_storage_pm pid = 28371
06-12 15:52:22.427 28328-28328/? D/HealthDataStore: Trying to connect with Health Service fails (error code: 9)
06-12 15:52:22.427 28328-28328/? E/HealthDataStore: disconnectService: Context instance is invalid
06-12 15:52:22.466 5039-5076/? W/PackageManager: Can't run secure_storage_pm!
06-12 15:52:22.469 5039-5076/? I/BackupManagerService: getAvailableRestoreToken() == 0
06-12 15:52:22.469 5039-5076/? V/BackupManagerService: restoreAtInstall pkg=com.example.fliptest token=73 restoreSet=0
06-12 15:52:22.469 5039-5076/? I/BackupManagerService: No restore set
06-12 15:52:22.469 5039-5076/? V/BackupManagerService: Finishing install immediately
06-12 15:52:22.487 5039-5076/? D/PackageManager: result of install: 1{15297036}
06-12 15:52:22.488 4731-10373/? E/installd: Failed to delete /data/app/vmdl772826109.tmp: No such file or directory
06-12 15:52:22.491 5039-23509/? I/ActivityManager: KPU : put [com.sec.spp.push] : 0 K
    Killing 27756:com.sec.spp.push/u0a43 (adj 906): DHA:empty #25
06-12 15:52:22.504 28240-28240/? I/Pm: Package com.example.fliptest installed in 3021 ms
06-12 15:52:22.505 5039-5076/? I/PackageManager: Result set changed, but no need to drop preferred activity for Intent { act=android.intent.action.MAIN cat=[android.intent.category.HOME,android.intent.category.DEFAULT] } type null
06-12 15:52:22.506 5039-23509/? D/PackageInstaller: Ignoring abandon after commit relinquished control
06-12 15:52:22.508 28240-28240/? I/app_process: System.exit called, status: 0
06-12 15:52:22.508 28240-28240/? I/AndroidRuntime: VM exiting with result code 0.
06-12 15:52:22.518 5039-5039/? D/UpdateReceiver:: Action: android.intent.action.PACKAGE_ADDED
06-12 15:52:22.523 5039-5039/? D/KnoxMUMContainerPolicy: mPackageReceiver : action - android.intent.action.PACKAGE_ADDED
06-12 15:52:22.523 5039-5061/? D/OverlayManager: getEnabledOverlayPackageNames for target android returning []
    getEnabledOverlayPackageNames for target com.example.fliptest returning []
06-12 15:52:22.537 5577-5577/? D/KeyguardUpdateMonitor: received broadcast android.intent.action.PACKAGE_ADDED
06-12 15:52:22.537 5577-5577/? D/MetadataParser: onPackageUpdated() key = com.example.fliptest
06-12 15:52:22.543 5039-5473/? D/UcmService: onReceive android.intent.action.PACKAGE_ADDED
    Package update in userId-0 and uid-10242
06-12 15:52:22.544 5772-5772/? D/PackageObserver_FLP: action : ACTION_PACKAGE_ADDED, packageName = com.example.fliptest
06-12 15:52:22.546 5920-5920/? D/ImsResolver: maybeAddedImsService, packageName: com.example.fliptest
06-12 15:52:22.548 5039-5473/? D/UcmService: isSystemUCMPlugin pkgName-com.example.fliptest
    isPCSCService pkgName-com.example.fliptest
06-12 15:52:22.565 1399-1399/? E/adbd: recv: OPEN 00000852 00000000 002b:73 68 65 6C 6C 3A 64 75 6D 70 73 79 73 20 70 61 63 6B 61 67 65 20 63 6F 6D 2E 65 78 61 6D 70 6C 65 2E 66 6C 69 70 74 65 73 74 00 
06-12 15:52:22.566 1399-1399/? E/adbd: service_to_fd: shell:dumpsys package com.example.fliptest
06-12 15:52:22.568 5039-5039/? D/ApplicationPolicy: packageInstalledForExternalStorage com.example.fliptest
06-12 15:52:22.570 8747-8747/? I/AppsEdge.Panel: onReceive android.intent.action.PACKAGE_ADDED
06-12 15:52:22.570 6516-6516/? I/CatchNotificationsService: mPackageChangedReceiver : onReceive action = android.intent.action.PACKAGE_ADDED
06-12 15:52:22.571 9931-9931/? D/BeaconManager[8.0.24.0]: BeaconService.PackageReceiver - action:android.intent.action.PACKAGE_ADDED, package:com.example.fliptest
06-12 15:52:22.573 5039-5039/? D/ApplicationPolicy: checkExternalStoragePkg - uid - 1000, key - PackageNameExternalStorageWhiteList, packageName- com.example.fliptest
    checkExternalStoragePkg : Not match found
    checkExternalStoragePkg - uid - 1000, key - PackageNameExternalStorageBlackList, packageName- com.example.fliptest
06-12 15:52:22.574 5039-5039/? D/ApplicationPolicy: checkExternalStoragePkg : Not match found
06-12 15:52:22.574 5039-5039/? D/PackageManager: Shame on you for calling the hidden API queryBroadcastReceivers(). Shame!
06-12 15:52:22.577 5577-26695/? D/API test: getContainerInfo: value is 
06-12 15:52:22.579 5039-5039/? E/SDAgentPackageStateReceiver: Not going to handle 'com.example.fliptest'!
06-12 15:52:22.582 5039-5039/? D/EnterprisePremiumVpnPolicyServiceV2: Vpn Receiver : android.intent.action.PACKAGE_ADDED
06-12 15:52:22.583 5039-5181/? I/InputReader: Reconfiguring input devices.  changes=0x00000010
06-12 15:52:22.588 27573-27613/? I/SystemBroadcastReceiver: [#CMH#] Received broadcast 
06-12 15:52:22.588 27573-27613/? I/ControllerEventHandler: [#CMH#] onPackageAdded  null
06-12 15:52:22.588 27573-27613/? I/SystemBroadcastReceiver: [#CMH#] onReceive completed 
06-12 15:52:22.589 5039-5039/? D/KnoxVpnEngineService: Vpn Receiver : android.intent.action.PACKAGE_ADDED
06-12 15:52:22.591 5039-5343/? I/KnoxVpnEngineService: vpn handle : Message received
06-12 15:52:22.591 5039-5343/? D/KnoxVpnEngineService: vpn handle : Handle MSG package add
06-12 15:52:22.595 5039-5341/? I/EnterprisePremiumVpnPolicyServiceV2: vpn handle : Message received
06-12 15:52:22.595 5039-5341/? D/EnterprisePremiumVpnPolicyServiceV2: vpn handle : Handle MSG package add
06-12 15:52:22.597 6516-6516/? D/CatchNotificationsSupportedAppsDBHelper: Adding new supported packag
06-12 15:52:22.597 6516-6516/? W/CatchNotificationsSupportedAppsDBHelper: Package is not disabled, cannot enable
06-12 15:52:22.610 5039-5053/? D/AccessibilityManagerService: readMagniferWindowEnabledSettingLocked() magniferWindowEnabled = false/ userState.mIsMagniferWindowEnabled = false
06-12 15:52:22.611 5039-5053/? I/AccessibilityManagerService: semIsAccessibilityServiceEnabled()
    accesibilityService is null
06-12 15:52:22.619 5039-5053/? D/EnterpriseDeviceManagerService: Package has changed for user 0
06-12 15:52:22.650 5039-5961/? D/PackageWBlist: dump()
06-12 15:52:22.654 5894-5971/? D/ForegroundUtils: could not check pending caller
06-12 15:52:22.654 28288-28307/? D/GOS:NetworkConnector: sendGet(), Response Code : 200
    {"code":"201001","message":"Success","packages":[{"package_name":"com.example.fliptest","category_code":"no-package","game_genre":"N/A","device_group":"hero2_lsi","game_oracle_cache":false,"cache":false}]}
06-12 15:52:22.655 28288-28307/? D/GOS:NetworkConnector: sendGet(), Response, responseCode 200, URL: https://service.game-mode.net/gamemode/v3/packages/?device_name=hero2lte&type=install&package_names=com.example.fliptest&installer_package_names=null, response: {"code":"201001","message":"Success","packages":[{"package_name":"com.example.fliptest","category_code":"no-package","game_genre":"N/A","device_group":"hero2_lsi","game_oracle_cache":false,"cache":false}]}
    getPkgData(), request: /v3/packages/?device_name=hero2lte&type=install&package_names=com.example.fliptest&installer_package_names=null, response: {"code":"201001","message":"Success","packages":[{"package_name":"com.example.fliptest","category_code":"no-package","game_genre":"N/A","device_group":"hero2_lsi","game_oracle_cache":false,"cache":false}]}
06-12 15:52:22.655 5894-5894/? D/RegisteredServicesCache: invalidate#1, attribute#1
06-12 15:52:22.655 28288-28307/? D/GOS:ResponseParser: parsePkgDataList(), response: {"code":"201001","message":"Success","packages":[{"package_name":"com.example.fliptest","category_code":"no-package","game_genre":"N/A","device_group":"hero2_lsi","game_oracle_cache":false,"cache":false}]}
06-12 15:52:22.656 5894-5894/? D/RoutingNotificationHelper: set : (( 5894true , false)
06-12 15:52:22.656 5894-5894/? D/RegisteredServicesCache: invalidateCache
06-12 15:52:22.656 28288-28307/? D/GOS:ResponseParser: code: 201001
    message: Success
    parsePkgDataList(), pkgArray: [{"package_name":"com.example.fliptest","category_code":"no-package","game_genre":"N\/A","device_group":"hero2_lsi","game_oracle_cache":false,"cache":false}]
    parsePkgDataJsonObj()
    parsePkgDataJsonObj(), packageName: com.example.fliptest
06-12 15:52:22.658 28288-28307/? D/GOS:ResponseParser: server_category: undefined
    category_code: no-package
    categorized_by: 2
    game_genre: N/A
    No value for default_dss
06-12 15:52:22.659 28288-28307/? D/GOS:ResponseParser: No value for default_dfs
    No value for default_dts
    No value for default_odtc
    No value for each_mode_dss
    No value for each_mode_dfs
    No value for each_mode_dts
06-12 15:52:22.660 28288-28307/? D/GOS:ResponseParser: No value for each_mode_odtc
    No value for feature_flag_inst
    No value for aspect_ratio_values
    No value for aspect_ratio_recommended
06-12 15:52:22.663 28288-28307/? D/GOS:ResponseParser: No value for siop_level
    No value for default_cpu_level
    No value for default_gpu_level
    No value for cam_fps
06-12 15:52:22.664 28288-28307/? D/GOS:ResponseParser: No value for cam_binning
    No value for default_target_short_side
    No value for each_mode_target_short_side
    No value for governor_settings
    JSONException. No value for shift_temperature
    JSONException. No value for game_sdk
06-12 15:52:22.665 28288-28307/? D/GOS:ResponseParser: parsePkgDataJsonObj(), pkgName: com.example.fliptest, customFeatureFlag: 22522671065633559
06-12 15:52:22.669 28288-28307/? D/GOS:FeaturePolicyParser: FeaturePolicyParser(), map : {os_sdk_ver=26.0, optimizer_ver=1212.004, manager_ver=80.01, service_ver=10.005}
06-12 15:52:22.669 28288-28307/? D/GOS:ResponseParser: parsePkgDataJsonObj(), serverFeatureFlagPolicy changed by JSON policy : null
06-12 15:52:22.670 28288-28307/? D/GOS:PkgData: PkgData(), pkgName: com.example.fliptest
    setCustomFeatureFlag, pkgName: com.example.fliptest, old featureFlag: 22522671065633559, new featureFlag: 22522671065633559
06-12 15:52:22.675 28288-28307/? D/GOS:FeaturePolicyParser: FeaturePolicyParser(), map : {os_sdk_ver=26.0, optimizer_ver=1212.004, manager_ver=80.01, service_ver=10.005}
06-12 15:52:22.675 28288-28307/? D/GOS:ResponseParser: parsePkgDataJsonObj(), SOS policy : null
06-12 15:52:22.684 5039-5039/? D/KnoxMUMContainerPolicy: packageInstalledForSBAExternalStorage com.example.fliptest
06-12 15:52:22.685 5039-5039/? I/GameManagerService: PkgInstallationReceiver, onReceive(),  begin, action: android.intent.action.PACKAGE_ADDED
06-12 15:52:22.689 28140-28381/? I/AppsEdge.Service: addItem
06-12 15:52:22.689 28140-28381/? I/AppsEdge.Data: getSelectedItems
06-12 15:52:22.690 5039-6750/? W/ActivityManager: Permission Denial: Accessing service ComponentInfo{com.google.android.music/com.google.android.music.dial.DialMediaRouteProviderService} from pid=27849, uid=10130 that is not exported from uid 10128
06-12 15:52:22.703 5577-5577/? D/RecentsAppListLoader: getFrequentlyUsedAppCount - count=0
06-12 15:52:22.710 5894-5894/? D/ApduServiceInfo: seId: 0
06-12 15:52:22.710 5894-5894/? D/RegisteredOthersCache: start invalidate
06-12 15:52:22.710 5894-5894/? D/RegisteredPoliciesCache: invalidate
06-12 15:52:22.710 5894-5894/? D/RegisteredAidCache: onServicePolicyUpdated
06-12 15:52:22.711 5894-5894/? D/RegisteredAidCache: generateAidPolicyMapLocked
06-12 15:52:22.711 5894-5894/? D/AidPolicyManager: print policy
    table size : 0
06-12 15:52:22.711 5894-5894/? D/CardEmulationManager: Not Allow!!!
06-12 15:52:22.719 5039-5053/? W/SearchableInfo: Invalid searchable metadata for com.samsung.android.themestore/.activity.bixby.SearchActivityForBixby: Search label must be a resource reference.
06-12 15:52:22.721 5920-5920/? D/CarrierSvcBindHelper: No carrier app for: 0
06-12 15:52:22.722 5920-5920/? I/CarrierVvmPackageInstalledReceiver.onReceive: intent.getAction() android.intent.action.PACKAGE_ADDED packageName :com.example.fliptest
06-12 15:52:22.725 28288-28307/? D/GOS:DatabaseHelper: updateOrAddPkgData(), add com.example.fliptest
06-12 15:52:22.725 5039-5731/? D/TelecomUtils: isAdditionalPrivilegedDialer: com.android.phone
06-12 15:52:22.726 28288-28307/? D/GOS:DataManager: addPkgDataFromServer(), A package was added : com.example.fliptest as no-package
06-12 15:52:22.727 28288-28307/? D/GOS:PkgData: PkgData(), pkgName: com.example.fliptest
    setCustomFeatureFlag, pkgName: com.example.fliptest, old featureFlag: 22522671065633559, new featureFlag: 22522671065633559
06-12 15:52:22.728 28288-28307/? D/GOS:MainIntentService: there is gamemanger. don't start GameService
06-12 15:52:22.729 28288-28288/? D/GOS:MainIntentService: onDestroy
06-12 15:52:22.729 5920-5920/? E/VvmPkgInstalledRcvr: cannot create TelephonyManager from ComponentInfo{com.android.phone/com.android.services.telephony.TelephonyConnectionService}, [****], UserHandle{0}
06-12 15:52:22.730 5920-5920/? D/CarrierConfigLoader: mHandler: 9 phoneId: 0
06-12 15:52:22.731 28140-28381/? I/AppsEdge.Data: count=8
06-12 15:52:22.732 28140-28381/? I/AppsEdge.Data: type=0 pos=0 id=1
06-12 15:52:22.732 5039-5050/? D/StorageManagerService: getExternalStorageMountMode : 1
06-12 15:52:22.732 5039-5039/? V/EnterpriseBillingAsyncHandler: packageModificationReceiver - onreceive - start - android.intent.action.PACKAGE_ADDED
06-12 15:52:22.732 5039-5050/? D/StorageManagerService: getExternalStorageMountMode : 3
06-12 15:52:22.732 5039-5053/? D/UsbProfileGroupSettingsManager: handlePackageAdded()
06-12 15:52:22.732 5039-5513/? V/EnterpriseBillingPolicyInternal: packageModification -  start - android.intent.action.PACKAGE_ADDED
    uID is 10242
    Removed Packageuid is0
06-12 15:52:22.732 5039-5513/? V/EnterpriseBillingPolicyStorage: getProfileForApplication - enter
06-12 15:52:22.732 5039-5053/? D/UsbProfileGroupSettingsManager: handlePackageAddedLocked()
06-12 15:52:22.733 5039-5053/? I/PrintManagerService: onPackageAdded com.example.fliptest
06-12 15:52:22.732 5039-5053/? I/chatty: uid=1000(system) android.bg identical 2 lines
06-12 15:52:22.732 5039-5053/? D/UsbProfileGroupSettingsManager: handlePackageAddedLocked()
06-12 15:52:22.733 5039-5050/? D/StorageManagerService: getExternalStorageMountMode : final mountMode=1, uid : 1000, packageName : com.samsung.aasaservice
06-12 15:52:22.734 5039-5050/? I/ApplicationPolicy: isApplicationExternalStorageWhitelisted:com.samsung.aasaservice user:0
06-12 15:52:22.734 5039-5050/? D/ApplicationPolicy: isApplicationExternalStorageWhitelisted: DO is not enabled on user 0. Allowed.
06-12 15:52:22.734 5039-5050/? D/ActivityManager: package  com.samsung.aasaservice, user - 0 is SDcard whitelisted
06-12 15:52:22.734 5039-5050/? I/ApplicationPolicy: isApplicationExternalStorageBlacklisted:com.samsung.aasaservice user:0
06-12 15:52:22.734 5039-5050/? D/ApplicationPolicy: isApplicationExternalStorageBlacklisted: DO is not enabled on user 0. Allowed.
06-12 15:52:22.736 5894-5894/? D/AidPolicyManager: There are not service policy for this aid
06-12 15:52:22.736 5894-5894/? I/chatty: uid=1027(nfc) com.android.nfc identical 21 lines
06-12 15:52:22.736 5894-5894/? D/AidPolicyManager: There are not service policy for this aid
06-12 15:52:22.736 5039-5513/? V/EnterpriseBillingPolicyStorage: getProfileForApplication - exit null : containerId = 0
06-12 15:52:22.736 5894-5894/? D/AidPolicyManager: There are not service policy for this aid
    There are not service policy for this aid
06-12 15:52:22.736 1399-1399/? E/adbd: recv: OPEN 00000853 00000000 0006:73 79 6E 63 3A 00 
06-12 15:52:22.736 5039-5513/? V/EnterpriseBillingPolicyInternal: packageModificationReceiver - onreceive - personal application - profile null
06-12 15:52:22.737 5894-5894/? D/AidRoutingManager: Override power table is not changed
06-12 15:52:22.737 1399-1399/? E/adbd: service_to_fd: sync:
06-12 15:52:22.750 28383-28383/? E/Zygote: isWhitelistProcess - Process is Whitelisted
06-12 15:52:22.750 28383-28383/? E/libpersona: scanKnoxPersonas
    Couldn't open the File - /data/system/users/0/personalist.xml - No such file or directory
06-12 15:52:22.751 5039-5050/? I/ActivityManager: Start proc 28383:com.samsung.aasaservice/1000 for broadcast com.samsung.aasaservice/.AASAUpdateReceiver
06-12 15:52:22.752 5039-5039/? I/PersonaManagerService::Proxy: newPackage is com.example.fliptest
06-12 15:52:22.752 28383-28383/? W/SELinux: SELinux selinux_android_compute_policy_index : Policy Index[2],  Con:u:r:zygote:s0 RAM:SEPF_SM-G935F_8.0.0_0007, [-1 -1 -2 -1 0 1]
06-12 15:52:22.753 28383-28383/? I/SELinux: SELinux: seapp_context_lookup: seinfo=platform, pkgname=com.samsung.aasaservice 
06-12 15:52:22.755 1399-1399/? E/adbd: recv: OPEN 00000854 00000000 0092:73 68 65 6C 6C 3A 61 6D 20 73 74 61 72 74 20 2D 6E 20 22 63 6F 6D 2E 65 78 61 6D 70 6C 65 2E 66 6C 69 70 74 65 73 74 2F 63 6F 6D 2E 75 6E 69 74 79 33 64 2E 70 6C 61 79 65 72 2E 55 6E 69 74 79 50 6C 61 79 65 72 41 63 74 69 76 69 74 79 22 20 2D 61 20 61 6E 64 72 6F 69 64 2E 69 6E 74 65 6E 74 2E 61 63 74 69 6F 6E 2E 4D 41 49 4E 20 2D 63 20 61 6E 64 72 6F 69 64 2E 69 6E 74 65 6E 74 2E 63 61 74 65 67 6F 72 79 2E 4C 41 55 4E 43 48 45 52 00 
    service_to_fd: shell:am start -n "com.example.fliptest/com.unity3d.player.UnityPlayerActivity" -a android.intent.action.MAIN -c android.intent.category.LAUNCHER
06-12 15:52:22.755 5039-5039/? D/CocktailBarManagerServiceContainer: onReceive : android.intent.action.PACKAGE_ADDED
06-12 15:52:22.755 5894-5894/? D/RegisteredNfcFServicesCache: Service unchanged, not updating
06-12 15:52:22.757 28383-28383/? I/zygote64: Late-enabling -Xcheck:jni
06-12 15:52:22.759 5039-5059/? V/MARsPolicyManager: onPackageStatusChange packageName = com.example.fliptest, userID = 0
06-12 15:52:22.761 5039-5039/? I/DefaultDialerCache: Refreshing default dialer for user 0: now com.samsung.android.contacts
06-12 15:52:22.761 5039-5039/? D/BackupManagerService: Received broadcast Intent { act=android.intent.action.PACKAGE_ADDED dat=package:com.example.fliptest flg=0x4000010 (has extras) }
06-12 15:52:22.761 5894-5894/? D/RegisteredComponentCache: Collect Tech packages for Knox
06-12 15:52:22.761 28140-28381/? I/AppsEdge.Data: item=SelectedItem : pos = 0 ComponentItem:null
06-12 15:52:22.762 28140-28381/? I/AppsEdge.Data: type=0 pos=1 id=2
06-12 15:52:22.782 28383-28383/? D/TimaKeyStoreProvider: TimaKeyStore is not enabled: cannot add TimaSignature Service and generateKeyPair Service
06-12 15:52:22.782 28383-28383/? D/ActivityThread: Added TimaKeyStore provider
06-12 15:52:22.792 5039-5039/? V/BackupManagerService: addPackageParticipantsLocked: #1
    Examining com.example.fliptest for backup agent
06-12 15:52:22.798 5039-5060/? D/StorageManagerService: getExternalStorageMountMode : 1
06-12 15:52:22.799 5039-5060/? D/StorageManagerService: getExternalStorageMountMode : 3
06-12 15:52:22.799 5039-5039/? D/AccessibilityManagerService: checkUniversalSwitchState start:
    checkUniversalSwitchState universalSwitchEnabled:false
    updateInputFilter universalSwitchState:false
    updateInputFilter userState.mIsUniversalSwitchEnabled:false
06-12 15:52:22.799 5039-5060/? D/StorageManagerService: getExternalStorageMountMode : final mountMode=1, uid : 1000, packageName : com.samsung.android.lool
06-12 15:52:22.800 5039-5060/? I/ApplicationPolicy: isApplicationExternalStorageWhitelisted:com.samsung.android.lool user:0
06-12 15:52:22.800 5039-5060/? D/ApplicationPolicy: isApplicationExternalStorageWhitelisted: DO is not enabled on user 0. Allowed.
06-12 15:52:22.801 5039-5060/? D/ActivityManager: package  com.samsung.android.lool, user - 0 is SDcard whitelisted
06-12 15:52:22.801 5039-5060/? I/ApplicationPolicy: isApplicationExternalStorageBlacklisted:com.samsung.android.lool user:0
06-12 15:52:22.802 5039-5060/? D/ApplicationPolicy: isApplicationExternalStorageBlacklisted: DO is not enabled on user 0. Allowed.
06-12 15:52:22.803 5039-23509/? D/ConnectivityService: filterNetworkStateForUid() uid: 10022 networkInfo: [type: WIFI[] - WIFI, state: CONNECTED/CONNECTED, reason: (unspecified), extra: "Bearwithme", failover: false, available: true, roaming: false, metered: false]
06-12 15:52:22.806 5039-5053/? W/ContextImpl: Calling a method in the system process without a qualified user: android.app.ContextImpl.sendBroadcast:956 com.android.server.execute.SemExecuteManagerService.sendCompleteBroadcast:138 com.android.server.execute.SemExecuteManagerService.updateSemExecutableInfo:131 com.android.server.execute.SemExecuteManagerService.-wrap2:0 com.android.server.execute.SemExecuteManagerService$MyPackageMonitor.onSomePackagesChanged:173 
06-12 15:52:22.818 27777-28380/? I/ProvidersCache: Provider returned no roots. Possibly naughty: com.microsoft.skydrive.content.StorageAccessProvider
06-12 15:52:22.823 5039-5060/? I/ActivityManager: Start proc 28401:com.samsung.android.sm.provider/1000 for content provider com.samsung.android.lool/com.samsung.android.sm.database.SmProvider
06-12 15:52:22.823 5039-5060/? W/ActivityManager: Slow operation: 63ms so far, now at getContentProviderImpl: after start process
    Slow operation: 63ms so far, now at getContentProviderImpl: updating data structures
06-12 15:52:22.824 5039-5060/? W/ActivityManager: Slow operation: 63ms so far, now at getContentProviderImpl: done!
06-12 15:52:22.824 28401-28401/? E/Zygote: isWhitelistProcess - Process is Whitelisted
06-12 15:52:22.824 28401-28401/? E/libpersona: scanKnoxPersonas
    Couldn't open the File - /data/system/users/0/personalist.xml - No such file or directory
06-12 15:52:22.824 5039-5731/? I/ActivityManager: DSS on for com.samsung.aasaservice and scale is 1.0
06-12 15:52:22.825 28401-28401/? W/SELinux: SELinux selinux_android_compute_policy_index : Policy Index[2],  Con:u:r:zygote:s0 RAM:SEPF_SM-G935F_8.0.0_0007, [-1 -1 -2 -1 0 1]
06-12 15:52:22.826 28401-28401/? I/SELinux: SELinux: seapp_context_lookup: seinfo=platform, pkgname=com.samsung.android.sm.provider 
06-12 15:52:22.828 28401-28401/? I/zygote64: Late-enabling -Xcheck:jni
06-12 15:52:22.833 5039-5048/? I/zygote64: Background concurrent copying GC freed 200912(10MB) AllocSpace objects, 59(1328KB) LOS objects, 35% free, 44MB/68MB, paused 847us total 354.016ms
06-12 15:52:22.839 5039-5053/? D/MetaDataCollector: onReceive: begin action=android.intent.action.PACKAGE_ADDED
    onReceive: done pkgName=com.example.fliptest
06-12 15:52:22.848 28401-28401/? D/TimaKeyStoreProvider: TimaKeyStore is not enabled: cannot add TimaSignature Service and generateKeyPair Service
06-12 15:52:22.848 28401-28401/? D/ActivityThread: Added TimaKeyStore provider
06-12 15:52:22.851 5039-17295/? I/ActivityManager: START u0 {act=android.intent.action.MAIN typ=null flg=0x10000000 cmp=ComponentInfo{com.example.fliptest/com.unity3d.player.UnityPlayerActivity}} from uid 2000
06-12 15:52:22.852 5039-17295/? E/ActivityManager: getPackageFromAppProcesses, return null :28399
06-12 15:52:22.881 6498-9839/? D/LauncherApps: onPackageAdded 0,com.example.fliptest
06-12 15:52:22.882 6498-6498/? D/Launcher.Model: onPackageAdded:com.example.fliptest user:UserHandle{0}
    isValidStateInKnoxMode:false user:UserHandle{0}
06-12 15:52:22.882 6498-6578/? D/Launcher.Model: Loader.addPackage com.example.fliptest
06-12 15:52:22.884 28383-28383/? I/zygote64: no shared libraies, dex_files: 1
06-12 15:52:22.893 6498-6578/? D/LauncherApps: getActivityList callingUserId: 0, target user: 0
06-12 15:52:22.895 6498-6578/? V/LauncherApps: Returning activity for profile UserHandle{0} : ComponentInfo{com.example.fliptest/com.unity3d.player.UnityPlayerActivity}
06-12 15:52:22.902 28140-28381/? I/AppsEdge.Data: item=SelectedItem : pos = 1 ComponentItem:null
    type=0 pos=2 id=3
06-12 15:52:22.904 5039-17295/? D/CustomFrequencyManagerService: acquireDVFSLockLocked : type : DVFS_MIN_LIMIT  frequency : 2600000  uid : 1000  pid : 5039  pkgName : AMS_APP_SWITCH@CPU_MIN@31
06-12 15:52:22.905 5039-17295/? D/ActivityManagerPerformance: AMP_acquire() APP_SWITCH
06-12 15:52:22.905 5039-6110/? D/ActivityManagerPerformance: Received MSG_CFMS_HINT_AMS_SWITCH pkgName: com.example.fliptest
06-12 15:52:22.907 5039-5731/? D/PackageManager: getSelectedMetaData : packageName(com.example.fliptest) or Metadata strings {[Ljava.lang.String;@f3a27c7}
06-12 15:52:22.907 6498-6578/? I/ApplicationPackageManager: load=NULL, bg=144-144, dr=384-384, forDefault=true, density=640
06-12 15:52:22.907 4727-8432/? V/APM_AudioPolicyManager: getAudioPolicyConfig: audioParam;outDevice
    getNewOutputDevice() selected device 0
    ### curdevice : 2
06-12 15:52:22.908 4727-8432/? V/APM_AudioPolicyManager: getAudioPolicyConfig: audioParam;outDevice
    getNewOutputDevice() selected device 0
    ### curdevice : 2
    getAudioPolicyConfig: audioParam;outDevice
    getNewOutputDevice() selected device 0
    ### curdevice : 2
06-12 15:52:22.908 6498-6578/? I/ApplicationPackageManager: reset dr=216,216, bg=216,216
06-12 15:52:22.909 6498-6578/? I/ApplicationPackageManager: scaled rate=0.72, size=216, alpha=0, hold=102
06-12 15:52:22.909 6498-6578/? D/ApplicationPackageManager: iconScale: getScale(): 0.72 getAlpha(): 0
06-12 15:52:22.912 4727-8432/? V/APM_AudioPolicyManager: getAudioPolicyConfig: audioParam;activeStream
    ### active stream : 0
06-12 15:52:22.912 5039-16069/? D/AudioService: active stream is 0x0
06-12 15:52:22.913 6498-6578/? I/ApplicationPackageManager: load=NULL-contain, bg=300-300, dr=216-216
06-12 15:52:22.913 6498-6578/? D/LauncherActivityInfo: packageName: com.example.fliptest, supportTheme: false, height: 300, width: 300, density: 640
06-12 15:52:22.916 5039-17295/? I/CustomStartingWindowData: CustomStartingWindow : com.example.fliptest/com.unity3d.player.UnityPlayerActivityisFixedOrientationfalse
06-12 15:52:22.916 8747-8759/? I/TrayUsageStatesWatcher: notePauseComponent : ComponentInfo{com.sec.android.app.launcher/com.android.launcher3.Launcher}
06-12 15:52:22.919 5039-5050/? I/ActivityManager: DSS on for com.samsung.android.lool and scale is 1.0
06-12 15:52:22.919 6498-6498/? V/Launcher: Launcher.onPause()
06-12 15:52:22.920 6498-6498/? D/Launcher: setHotWordDetection : call requestHotWordDetection false
06-12 15:52:22.923 32746-32746/? I/MicroDetector: Keeping mic open: false
06-12 15:52:22.924 32746-431/? I/DeviceStateChecker: DeviceStateChecker cancelled
06-12 15:52:22.924 32746-27156/? I/AudioController: internalShutdown
06-12 15:52:22.926 5039-5050/? D/StorageManagerService: getExternalStorageMountMode : 1
06-12 15:52:22.927 6498-6578/? D/skia: Encode PNG Singlethread processname=com.sec.android.app.launcher :      11396 us, width=174, height=174
06-12 15:52:22.927 5039-5050/? D/StorageManagerService: getExternalStorageMountMode : 3
06-12 15:52:22.927 28383-28383/? D/AASAservice-UpdateReceiver: onReceive() : android.intent.action.PACKAGE_ADDED
06-12 15:52:22.927 5039-5050/? D/StorageManagerService: getExternalStorageMountMode : final mountMode=1, uid : 10242, packageName : com.example.fliptest
06-12 15:52:22.927 6498-6578/? D/skia: Encode PNG Singlethread processname=com.sec.android.app.launcher :        337 us, width=34, height=34
06-12 15:52:22.928 28383-28383/? I/AASAservice-IntentThread: Thread is null
06-12 15:52:22.928 5039-5050/? I/ApplicationPolicy: isApplicationExternalStorageWhitelisted:com.example.fliptest user:0
06-12 15:52:22.928 5039-5050/? D/ApplicationPolicy: isApplicationExternalStorageWhitelisted: DO is not enabled on user 0. Allowed.
06-12 15:52:22.928 5039-5050/? D/ActivityManager: package  com.example.fliptest, user - 0 is SDcard whitelisted
06-12 15:52:22.928 5039-5050/? I/ApplicationPolicy: isApplicationExternalStorageBlacklisted:com.example.fliptest user:0
06-12 15:52:22.928 5039-5050/? D/ApplicationPolicy: isApplicationExternalStorageBlacklisted: DO is not enabled on user 0. Allowed.
06-12 15:52:22.930 6498-6578/? D/LauncherApps: getActivityList callingUserId: 0, target user: 0
06-12 15:52:22.930 32746-430/? I/MicroRecognitionRunner: Stopping hotword detection.
06-12 15:52:22.930 6498-6578/? V/LauncherApps: Returning activity for profile UserHandle{0} : ComponentInfo{com.example.fliptest/com.unity3d.player.UnityPlayerActivity}
06-12 15:52:22.930 6498-6578/? D/DataLoader: updatePackage:com.example.fliptest
06-12 15:52:22.931 32746-7895/? I/MicroRecognitionRunner: Detection finished
06-12 15:52:22.932 6498-6578/? D/ManagedProfileHeuristic: check blockCreateShortcutKey : block_create_shortcut_0 blockCreate : false
06-12 15:52:22.932 6498-6578/? I/AppsModel: addOrUpdater
    addOrUpdater cn = ComponentInfo{com.example.fliptest/com.unity3d.player.UnityPlayerActivity} , UserHandle{0}
06-12 15:52:22.932 5039-5138/? V/WindowManager: rotationForOrientationLw(orient=10, last=0); user=0  sensorRotation=-1 mLidState=-1 mDockMode=0 mHdmiPlugged=false
06-12 15:52:22.933 28383-28383/? I/AASAservice-IntentThread: processIntentLocked() : android.intent.action.PACKAGE_ADDED
06-12 15:52:22.933 5039-5138/? D/ViewRootImpl@6a6a478[fliptest]: setView = DecorView@115bbb6[fliptest] TM=true MM=false
06-12 15:52:22.933 28383-28383/? I/AASAservice-UpdateReceiver: end of onReceive()
06-12 15:52:22.933 5039-5731/? W/BackupManagerService: dataChanged but no participant pkg='com.sec.android.app.launcher' uid=10070
06-12 15:52:22.934 6498-6578/? I/PostPositionController: Not isAvaliableState!
06-12 15:52:22.935 28383-28419/? I/AASAservice-IntentThread: doHandleMessage()
06-12 15:52:22.936 6498-6578/? I/AppsModel: addOrUpdater update item = IconInfo(title=Fliptest intent=Intent { act=android.intent.action.MAIN cat=[android.intent.category.LAUNCHER] flg=0x10200000 cmp=com.example.fliptest/com.unity3d.player.UnityPlayerActivity (has extras) } id=108 type=0 container=-102 screen=-1 cellX=-1 cellY=-1 spanX=1 spanY=1 rank=-1 hidden=0 dropPos=null user=UserHandle{0})
06-12 15:52:22.936 6498-6578/? D/AppsCustomAdapter: notifyUpdate : com.android.launcher3.Launcher@b01e25
06-12 15:52:22.936 6498-6578/? D/AppsDragController: needDeferToBind : true , false
06-12 15:52:22.937 28383-28419/? E/AASAservice-TokenRule: parseToken() : TokenFile is null
06-12 15:52:22.937 6498-6578/? D/WidgetLoader: ignore dirty because widgets are not changed
06-12 15:52:22.938 5039-5050/? I/ActivityManager: Start proc 28420:com.example.fliptest/u0a242 for activity com.example.fliptest/com.unity3d.player.UnityPlayerActivity
06-12 15:52:22.938 28383-28419/? D/AASAservice-IntentThread: AASAIntentThread() : package = com.example.fliptest, uid = -1
06-12 15:52:22.938 28383-28419/? D/AASAservice-AASABinder: notifyUpdateRestrictList()
06-12 15:52:22.938 5039-5961/? E/AASATokenParser: set xml file does not exist
06-12 15:52:22.940 28420-28420/? E/Zygote: isWhitelistProcess - Process is Whitelisted
06-12 15:52:22.940 28420-28420/? E/libpersona: scanKnoxPersonas
    Couldn't open the File - /data/system/users/0/personalist.xml - No such file or directory
06-12 15:52:22.941 5039-5961/? I/AASAASKS: no restricted set matched to DATE
06-12 15:52:22.942 28420-28420/? W/SELinux: SELinux selinux_android_compute_policy_index : Policy Index[2],  Con:u:r:zygote:s0 RAM:SEPF_SM-G935F_8.0.0_0007, [-1 -1 -1 -1 0 1]
06-12 15:52:22.942 28420-28420/? I/SELinux: SELinux: seapp_context_lookup: seinfo=untrusted, level=s0:c512,c768, pkgname=com.example.fliptest 
06-12 15:52:22.944 5039-5039/? D/MdnieScenarioControlService: Listener Real Multi Window State : false
06-12 15:52:22.944 5039-5961/? D/AASAinstall: there is not AASApackages.xml file
06-12 15:52:22.944 5039-5961/? I/AASAdebug:  readUids-end
06-12 15:52:22.944 28383-28419/? D/AASAservice-AASABinder: getManagedSharedPkgList() : packageName - com.example.fliptest, uid - -1
06-12 15:52:22.946 5039-5053/? E/memtrack: Couldn't load memtrack module
06-12 15:52:22.946 5039-5053/? W/android.os.Debug: failed to get memory consumption info: -1
06-12 15:52:22.946 5039-5138/? D/ViewRootImpl@6a6a478[fliptest]: dispatchAttachedToWindow
06-12 15:52:22.946 28420-28420/? I/zygote: Late-enabling -Xcheck:jni
06-12 15:52:22.947 5039-5138/? V/WindowManager: Relayout Window{7e0c751 u0 Splash Screen com.example.fliptest}: viewVisibility=0 req=1080x1848 WM.LayoutParams{(0,0)(fillxfill) sim=#20 ty=3 fl=#81830518 pfl=0x20011 wanim=0x10302fd vsysui=0x600 needsMenuKey=2 colorMode=0 naviIconColor=0}
06-12 15:52:22.949 28383-28419/? D/AASAservice-IntentThread: AASAIntentThread : check SharedUID package.
06-12 15:52:22.949 28383-28419/? I/AASAservice-IntentThread: AASAIntentThread() : BLOCK BY PACKAGE
06-12 15:52:22.949 28383-28419/? E/AASAservice-IntentThread: AASAIntentThread : myrule is null.
06-12 15:52:22.949 5039-5946/? D/StorageManagerService: getExternalStorageMountMode : 1
06-12 15:52:22.950 5039-5946/? D/StorageManagerService: getExternalStorageMountMode : 3
06-12 15:52:22.950 28140-28381/? I/AppsEdge.Data: item=SelectedItem : pos = 2 ComponentItem:null
    type=0 pos=3 id=4
06-12 15:52:22.950 5039-5946/? D/StorageManagerService: getExternalStorageMountMode : final mountMode=1, uid : 1000, packageName : com.samsung.android.app.mirrorlink
06-12 15:52:22.950 5039-5946/? I/ApplicationPolicy: isApplicationExternalStorageWhitelisted:com.samsung.android.app.mirrorlink user:0
