06-12 15:52:27.996 28815-28815/? W/SELinux: SELinux selinux_android_compute_policy_index : Policy Index[2],  Con:u:r:zygote:s0 RAM:SEPF_SM-G935F_8.0.0_0007, [-1 -1 -1 -1 0 1]
06-12 15:52:27.997 28815-28815/? I/SELinux: SELinux: seapp_context_lookup: seinfo=untrusted, level=s0:c512,c768, pkgname=com.google.android.packageinstaller 
06-12 15:52:27.998 28815-28815/? I/zygote64: Late-enabling -Xcheck:jni
06-12 15:52:27.999 5039-5838/? D/StorageManagerService: getExternalStorageMountMode : 3
06-12 15:52:28.001 5039-5838/? D/StorageManagerService: getExternalStorageMountMode : 3
    getExternalStorageMountMode : final mountMode=3, uid : 10044, packageName : com.samsung.android.svoice
06-12 15:52:28.002 5039-5838/? I/ApplicationPolicy: isApplicationExternalStorageWhitelisted:com.samsung.android.svoice user:0
06-12 15:52:28.002 5039-5838/? D/ApplicationPolicy: isApplicationExternalStorageWhitelisted: DO is not enabled on user 0. Allowed.
06-12 15:52:28.002 5039-5838/? D/ActivityManager: package  com.samsung.android.svoice, user - 0 is SDcard whitelisted
06-12 15:52:28.002 5039-5838/? I/ApplicationPolicy: isApplicationExternalStorageBlacklisted:com.samsung.android.svoice user:0
06-12 15:52:28.002 5039-5838/? D/ApplicationPolicy: isApplicationExternalStorageBlacklisted: DO is not enabled on user 0. Allowed.
06-12 15:52:28.009 28815-28815/? D/TimaKeyStoreProvider: TimaKeyStore is not enabled: cannot add TimaSignature Service and generateKeyPair Service
06-12 15:52:28.009 28815-28815/? D/ActivityThread: Added TimaKeyStore provider
06-12 15:52:28.012 28828-28828/? E/Zygote: isWhitelistProcess - Process is Whitelisted
06-12 15:52:28.012 5039-5838/? I/ActivityManager: Start proc 28828:com.samsung.android.svoice/u0a44 for content provider com.samsung.android.svoice/com.samsung.vsf.core.database.SettingsValuesDBProvider
06-12 15:52:28.012 28828-28828/? E/libpersona: scanKnoxPersonas
    Couldn't open the File - /data/system/users/0/personalist.xml - No such file or directory
06-12 15:52:28.013 5039-16346/? I/ActivityManager: DSS on for com.google.android.packageinstaller and scale is 1.0
06-12 15:52:28.014 28828-28828/? W/SELinux: SELinux selinux_android_compute_policy_index : Policy Index[2],  Con:u:r:zygote:s0 RAM:SEPF_SM-G935F_8.0.0_0007, [-1 -1 -1 -1 0 1]
06-12 15:52:28.014 28828-28828/? I/SELinux: SELinux: seapp_context_lookup: seinfo=samsung, level=s0:c512,c768, pkgname=com.samsung.android.svoice 
06-12 15:52:28.015 28828-28828/? I/zygote64: Late-enabling -Xcheck:jni
06-12 15:52:28.019 5039-16346/? D/PersonaManagerService: Current focused persona service handled id set to : 0
06-12 15:52:28.020 5039-16346/? D/InputDispatcher: Focused application set to: xxxx
    Focus left window: 28420
06-12 15:52:28.021 28420-28420/? D/ViewRootImpl@9b1c497[UnityPlayerActivity]: MSG_WINDOW_FOCUS_CHANGED 0
06-12 15:52:28.021 5039-5468/? D/GameManagerService: handleForegroundChange(). pkgName: com.google.android.packageinstaller, clsName: com.android.packageinstaller.permission.ui.GrantPermissionsActivity,FgActivityName:com.google.android.packageinstaller/com.android.packageinstaller.permission.ui.GrantPermissionsActivity
    sem_perfomance_mode: 0
    notifyResumePause(). pkg: com.google.android.packageinstaller, type: 4, isMinimized: false, isTunableApp: false
      notifyResumePause(). unexpected mPrevNotiType: -1
06-12 15:52:28.022 5039-16346/? D/MARsPolicyManager: onPackageResumedFG pkgName = com.google.android.packageinstaller, userId = 0
06-12 15:52:28.022 8747-8759/? I/TrayUsageStatesWatcher: noteResumeComponent : ComponentInfo{com.google.android.packageinstaller/com.android.packageinstaller.permission.ui.GrantPermissionsActivity}
06-12 15:52:28.025 5894-5971/? D/ForegroundUtils: could not check pending caller
06-12 15:52:28.025 5039-16069/? D/GamePkgDataHelper: getGamePkgDataIncServer(). com.google.android.packageinstaller
06-12 15:52:28.025 5039-16069/? D/GameManagerService: identifyGamePackage. com.google.android.packageinstaller
06-12 15:52:28.025 5039-16069/? D/GamePkgDataHelper: getGamePkgData(). com.google.android.packageinstaller
06-12 15:52:28.026 5039-16069/? D/GameManagerService: identifyGamePackage. com.google.android.packageinstaller
06-12 15:52:28.026 5039-16069/? D/GamePkgDataHelper: getGamePkgData(). com.google.android.packageinstaller
06-12 15:52:28.026 28828-28828/? D/TimaKeyStoreProvider: TimaKeyStore is not enabled: cannot add TimaSignature Service and generateKeyPair Service
06-12 15:52:28.027 28828-28828/? D/ActivityThread: Added TimaKeyStore provider
06-12 15:52:28.028 4727-4727/? V/APM_AudioPolicyManager: getAudioPolicyConfig: audioParam;outDevice
06-12 15:52:28.028 5039-16346/? I/ActivityManager: DSS on for com.samsung.android.svoice and scale is 1.0
06-12 15:52:28.028 4727-4727/? V/APM_AudioPolicyManager: getNewOutputDevice() selected device 0
    ### curdevice : 2
06-12 15:52:28.029 4727-4727/? V/APM_AudioPolicyManager: getAudioPolicyConfig: audioParam;outDevice
    getNewOutputDevice() selected device 0
    ### curdevice : 2
    getAudioPolicyConfig: audioParam;outDevice
    getNewOutputDevice() selected device 0
    ### curdevice : 2
06-12 15:52:28.032 28815-28815/? I/zygote64: no shared libraies, dex_files: 1
06-12 15:52:28.033 4727-4727/? V/APM_AudioPolicyManager: getAudioPolicyConfig: audioParam;activeStream
    ### active stream : 0
06-12 15:52:28.033 5039-16069/? D/AudioService: active stream is 0x0
06-12 15:52:28.034 5039-16069/? D/GameManagerService: identifyGamePackage. com.google.android.packageinstaller
06-12 15:52:28.034 5039-16069/? D/GamePkgDataHelper: getGamePkgData(). com.google.android.packageinstaller
06-12 15:52:28.035 5039-16069/? D/GameManagerService: identifyGamePackage. com.google.android.packageinstaller
06-12 15:52:28.035 5039-16069/? D/GamePkgDataHelper: getGamePkgData(). com.google.android.packageinstaller
06-12 15:52:28.038 5039-16069/? D/SSRM:i: SIOP:: AP = 380, PST = 366 (W:6), BAT = 297, CHG = 339, CP = 288
06-12 15:52:28.052 28828-28828/? I/zygote64: find the special shared library, skip check
06-12 15:52:28.061 28815-28820/? I/zygote64: Do partial code cache collection, code=0B, data=0B
    After code cache collection, code=0B, data=0B
    Increasing code cache capacity to 128KB
06-12 15:52:28.062 28815-28820/? I/zygote64: Do partial code cache collection, code=0B, data=0B
    After code cache collection, code=0B, data=0B
    Increasing code cache capacity to 256KB
06-12 15:52:28.064 28815-28820/? I/zygote64: Method exceeds compiler instruction limit: 25337 in void org.ccil.cowan.tagsoup.HTMLSchema.<init>()
06-12 15:52:28.089 28828-28828/? I/VSF ::  VSF App (main) :: Oncreate()
06-12 15:52:28.089 28828-28841/? D/VSF :: SettingsDBProvider(Binder:28828_3) :: URI obtained is  content://com.samsung.vsf.core.database.SettingsValuesDBProvider/language
06-12 15:52:28.089 28828-28828/? I/VSF ::  VSF App (main) :: Oncreate()
06-12 15:52:28.093 28815-28815/? D/ScrollView: initGoToTop
06-12 15:52:28.094 28828-28841/? D/VSF :: VSFServiceUtils (Binder:28828_3) :: return service locale : en_GB
06-12 15:52:28.098 5577-11559/? D/SystemServicesProxy: updateOverviewLastStackActiveTimeAsync: newTime=1528807948020
06-12 15:52:28.098 5039-5838/? D/SecContentProvider: query(), uri = 17 selection = isSettingsChangesAllowed
06-12 15:52:28.099 5039-5838/? D/SecContentProvider: called from android.uid.systemui:10066
06-12 15:52:28.099 5577-5748/? D/SystemServicesProxy: updateOverviewLastStackActiveTimeAsync: done.
06-12 15:52:28.101 28778-28778/? I/SVoiceAppUtils:main:  : VSP::updateApplocaleConfig en_GB
06-12 15:52:28.106 28778-28778/? I/AppSessionManager:main:  : VSP::init() Update from sharedpref
     : VSP::init() Update from sharedpref
06-12 15:52:28.107 28778-28778/? D/MusicHelper: Default package not installed
06-12 15:52:28.115 28778-28778/? D/GoogleMusicUtils: Found media browser: [Google Play Music, ComponentInfo{com.google.android.music/com.google.android.music.browse.MediaBrowserService}]
06-12 15:52:28.117 28778-28778/? D/DeviceInfo::main:  : VSP::DefaultPlayer should be: GPM
06-12 15:52:28.117 28778-28778/? I/GoogleMusicUtils:main:  : VSP::Package is : com.google.android.music
06-12 15:52:28.119 28778-28778/? D/GoogleMusicUtils: Status of initGoogleMediaBrowser : true
06-12 15:52:28.119 28778-28778/? I/System.out: mBrowser.connect()
06-12 15:52:28.122 28778-28778/? I/SV_TTSPlayer: inside TTSDownloadReceiver
06-12 15:52:28.123 5039-5838/? W/BroadcastQueue: Background execution not allowed: receiving Intent { act=android.intent.action.PACKAGE_ADDED dat=package:com.example.fliptest flg=0x4000010 (has extras) } to com.sec.android.app.samsungapps/.MyPackageReplacedReceiver
06-12 15:52:28.123 5039-5961/? I/ActivityManager: KPU : put [com.android.printspooler] : 0 K
    Killing 27238:com.android.printspooler/u0a145 (adj 906): DHA:empty #25
06-12 15:52:28.124 5039-5054/? W/BroadcastQueue: Background execution not allowed: receiving Intent { act=android.intent.action.PACKAGE_ADDED dat=package:com.example.fliptest flg=0x4000010 (has extras) } to com.sec.android.app.sbrowser/.webcontentsprovider.WebContentsProviderReceiver
06-12 15:52:28.126 5039-5838/? D/StorageManagerService: getExternalStorageMountMode : 3
    getExternalStorageMountMode : 3
    getExternalStorageMountMode : final mountMode=3, uid : 10128, packageName : com.google.android.music
06-12 15:52:28.126 5039-5838/? I/ApplicationPolicy: isApplicationExternalStorageWhitelisted:com.google.android.music user:0
06-12 15:52:28.126 5039-5838/? D/ApplicationPolicy: isApplicationExternalStorageWhitelisted: DO is not enabled on user 0. Allowed.
06-12 15:52:28.126 5039-5838/? D/ActivityManager: package  com.google.android.music, user - 0 is SDcard whitelisted
06-12 15:52:28.126 5039-5838/? I/ApplicationPolicy: isApplicationExternalStorageBlacklisted:com.google.android.music user:0
06-12 15:52:28.126 5039-5838/? D/ApplicationPolicy: isApplicationExternalStorageBlacklisted: DO is not enabled on user 0. Allowed.
06-12 15:52:28.137 5039-5838/? I/ActivityManager: Start proc 28848:com.google.android.music:main/u0a128 for service com.google.android.music/.browse.MediaBrowserService
06-12 15:52:28.138 28848-28848/? E/Zygote: isWhitelistProcess - Process is Whitelisted
06-12 15:52:28.138 28848-28848/? E/libpersona: scanKnoxPersonas
    Couldn't open the File - /data/system/users/0/personalist.xml - No such file or directory
06-12 15:52:28.138 5039-5961/? D/StorageManagerService: getExternalStorageMountMode : 1
    getExternalStorageMountMode : 3
    getExternalStorageMountMode : final mountMode=1, uid : 10110, packageName : com.sec.android.widgetapp.samsungapps
06-12 15:52:28.138 5039-5961/? I/ApplicationPolicy: isApplicationExternalStorageWhitelisted:com.sec.android.widgetapp.samsungapps user:0
06-12 15:52:28.139 5039-5961/? D/ApplicationPolicy: isApplicationExternalStorageWhitelisted: DO is not enabled on user 0. Allowed.
06-12 15:52:28.139 5039-5961/? D/ActivityManager: package  com.sec.android.widgetapp.samsungapps, user - 0 is SDcard whitelisted
06-12 15:52:28.139 5039-5961/? I/ApplicationPolicy: isApplicationExternalStorageBlacklisted:com.sec.android.widgetapp.samsungapps user:0
06-12 15:52:28.139 5039-5961/? D/ApplicationPolicy: isApplicationExternalStorageBlacklisted: DO is not enabled on user 0. Allowed.
06-12 15:52:28.139 28848-28848/? W/SELinux: SELinux selinux_android_compute_policy_index : Policy Index[2],  Con:u:r:zygote:s0 RAM:SEPF_SM-G935F_8.0.0_0007, [-1 -1 -1 -1 0 1]
06-12 15:52:28.140 28848-28848/? I/SELinux: SELinux: seapp_context_lookup: seinfo=untrusted, level=s0:c512,c768, pkgname=com.google.android.music:main 
06-12 15:52:28.141 28848-28848/? I/zygote64: Late-enabling -Xcheck:jni
06-12 15:52:28.149 5039-5961/? I/ActivityManager: Start proc 28861:com.sec.android.widgetapp.samsungapps/u0a110 for broadcast com.sec.android.widgetapp.samsungapps/.PackageChangeReceiver
06-12 15:52:28.149 28861-28861/? E/Zygote: isWhitelistProcess - Process is Whitelisted
06-12 15:52:28.150 28861-28861/? E/libpersona: scanKnoxPersonas
    Couldn't open the File - /data/system/users/0/personalist.xml - No such file or directory
06-12 15:52:28.151 28861-28861/? W/SELinux: SELinux selinux_android_compute_policy_index : Policy Index[2],  Con:u:r:zygote:s0 RAM:SEPF_SM-G935F_8.0.0_0007, [-1 -1 -1 -1 0 1]
06-12 15:52:28.151 28861-28861/? I/SELinux: SELinux: seapp_context_lookup: seinfo=samsung, level=s0:c512,c768, pkgname=com.sec.android.widgetapp.samsungapps 
06-12 15:52:28.152 28848-28848/? D/TimaKeyStoreProvider: TimaKeyStore is not enabled: cannot add TimaSignature Service and generateKeyPair Service
06-12 15:52:28.152 28861-28861/? I/zygote64: Late-enabling -Xcheck:jni
06-12 15:52:28.152 28848-28848/? D/ActivityThread: Added TimaKeyStore provider
06-12 15:52:28.154 5894-5971/? D/ForegroundUtils: could not check pending caller
06-12 15:52:28.154 5039-5838/? I/ActivityManager: DSS on for com.google.android.music and scale is 1.0
06-12 15:52:28.161 5039-5185/? D/MdnieScenarioControlService:  packageName : com.google.android.packageinstaller    className : com.android.packageinstaller.permission.ui.GrantPermissionsActivity
06-12 15:52:28.161 5039-5185/? V/MdnieScenarioControlService: setUIMode from UI function(3)
06-12 15:52:28.166 28861-28861/? D/TimaKeyStoreProvider: TimaKeyStore is not enabled: cannot add TimaSignature Service and generateKeyPair Service
06-12 15:52:28.166 28861-28861/? D/ActivityThread: Added TimaKeyStore provider
06-12 15:52:28.168 5039-5946/? I/ActivityManager: DSS on for com.sec.android.widgetapp.samsungapps and scale is 1.0
06-12 15:52:28.172 28815-28875/? D/OpenGLRenderer: HWUI GL Pipeline
06-12 15:52:28.176 5039-5063/? D/WindowManager: setKeyguardOccluded occluded=true force = false showing = false
06-12 15:52:28.176 5039-5063/? V/KeyguardServiceDelegate: setOccluded(true) animate=false
06-12 15:52:28.176 28815-28815/? D/ViewRootImpl@47bfea3[GrantPermissionsActivity]: setView = DecorView@57345a0[GrantPermissionsActivity] TM=true MM=false
06-12 15:52:28.178 5039-5946/? D/ActivityManager: post active user change for 0 fullscreen false isHomeActivity() false
06-12 15:52:28.178 5577-11559/? D/KeyguardViewMediator: setOccluded true
06-12 15:52:28.179 5577-5577/? D/KeyguardWallpaperController: mShowing=false, mOccluded=true, mFadingAway=false, match_parent=false
06-12 15:52:28.179 5577-5577/? D/KeyguardViewMediator: adjustStatusBarLocked: mShowing=false mOccluded=true isSecure=true --> flags=0x0
06-12 15:52:28.180 5039-5838/? D/PowerManagerService: [api] [s] userActivity : event: 0 flags: 0 (uid: 10066 pid: 5577) eventTime = 119633877
06-12 15:52:28.185 28848-28848/? I/zygote64: no shared libraies, dex_files: 1
06-12 15:52:28.188 28861-28861/? I/zygote64: find the special shared library, skip check
06-12 15:52:28.190 28815-28815/? D/ViewRootImpl@47bfea3[GrantPermissionsActivity]: dispatchAttachedToWindow
06-12 15:52:28.198 5039-5838/? V/WindowManager: Relayout Window{8621ac2 u0 com.google.android.packageinstaller/com.android.packageinstaller.permission.ui.GrantPermissionsActivity}: viewVisibility=0 req=1015x1848 WM.LayoutParams{(0,0)(wrapxwrap) sim=#120 ty=1 fl=#1a80002 pfl=0x80000 fmt=-2 wanim=0x10302ec surfaceInsets=Rect(6, 6 - 6, 6) needsMenuKey=2 colorMode=0 naviIconColor=0}
06-12 15:52:28.200 3194-3194/? I/SurfaceFlinger: id=2928 createSurf (1027x1860),1 flag=4, com.google.android.packageinstaller/com.android.packageinstaller.permission.ui.GrantPermissionsActivity#0
06-12 15:52:28.201 5039-5838/? V/Surface: sf_framedrop debug : 0x4f4c, game : false, logging : 0
06-12 15:52:28.202 5039-5055/? D/WindowManager: set systemUiVisibility : systemUiFlags= 0x8 fullscreenStackSysUiFlags= 0x0
06-12 15:52:28.204 5039-5838/? D/InputDispatcher: Focus entered window: 28815
06-12 15:52:28.205 5039-5946/? D/WindowManager: adjustSystemUiVisibilityLw : vis= 0x8
06-12 15:52:28.205 28815-28815/? V/Surface: sf_framedrop debug : 0x4f4c, game : false, logging : 0
06-12 15:52:28.205 28815-28815/? D/ViewRootImpl@47bfea3[GrantPermissionsActivity]: Relayout returned: old=[0,0][0,0] new=[32,36][1047,1884] result=0x7 surface={valid=true 499345760256} changed=true
06-12 15:52:28.207 5039-5838/? V/WindowManager: Relayout Window{1d56543 u0 com.example.fliptest/com.unity3d.player.UnityPlayerActivity}: viewVisibility=0 req=1080x1920 WM.LayoutParams{(0,0)(fillxfill) sim=#20 ty=1 fl=#80810500 pfl=0x20000 fmt=-3 wanim=0x10302fd vsysui=0x1700 sysuil=true needsMenuKey=2 colorMode=0 naviIconColor=0}
06-12 15:52:28.208 28815-28875/? I/OpenGLRenderer: Initialized EGL, version 1.4
06-12 15:52:28.208 28815-28875/? D/OpenGLRenderer: Swap behavior 2
06-12 15:52:28.209 28420-28420/? D/ViewRootImpl@9b1c497[UnityPlayerActivity]: Relayout returned: old=[0,0][1080,1920] new=[0,0][1080,1920] result=0x1 surface={valid=true 3666814976} changed=false
06-12 15:52:28.212 28815-28875/? D/libGLESv1: STS_GLApi : DTS, ODTC are not allowed for Package : com.google.android.packageinstaller
06-12 15:52:28.213 28815-28815/? D/ScrollView:  onsize change changed 
06-12 15:52:28.214 28815-28815/? D/ViewRootImpl@47bfea3[GrantPermissionsActivity]: MSG_RESIZED_REPORT: frame=Rect(32, 36 - 1047, 1884) ci=Rect(0, 0 - 0, 0) vi=Rect(0, 0 - 0, 0) or=1
    MSG_WINDOW_FOCUS_CHANGED 1
06-12 15:52:28.214 28815-28875/? D/mali_winsys: EGLint new_window_surface(egl_winsys_display *, void *, EGLSurface, EGLConfig, egl_winsys_surface **, egl_color_buffer_format *, EGLBoolean) returns 0x3000,  [1027x1860]-format:1
06-12 15:52:28.214 28815-28875/? D/OpenGLRenderer: eglCreateWindowSurface = 0x7443559870
06-12 15:52:28.215 28815-28815/? V/InputMethodManager: Starting input: tba=android.view.inputmethod.EditorInfo@7bf0ffc nm : com.google.android.packageinstaller ic=null
06-12 15:52:28.215 28815-28815/? I/InputMethodManager: startInputInner - mService.startInputOrWindowGainedFocus
06-12 15:52:28.215 5039-5946/? D/InputMethodManagerService: startInputOrWindowGainedFocus : windowGainedFocus 
    windowGainedFocus: destinationUserId (getCallingUid) = 0
    windowGainedFocus: currentUserId=0
    windowGainedFocus: mCurrentFocusedUserId=0
    windowGainedFocus : lock - currentUserId = 0 destinationUserId = 0
    windowGainedFocus : mCurrentFocusedUserId - 0 and mSecureKeypadEnabled - false, userSwitched - false
06-12 15:52:28.215 5039-5946/? V/InputMethodManagerService: windowGainedFocus : reason=WINDOW_FOCUS_GAIN client=android.os.BinderProxy@2c531a4 inputContext=null missingMethods= attribute=android.view.inputmethod.EditorInfo@af5c410 nm = com.google.android.packageinstaller controlFlags=#104 softInputMode=#120 windowFlags=#1a80002
    hideCurrentInputLocked : shouldHideSoftInput is false
06-12 15:52:28.215 5039-5946/? D/InputMethodManagerService: isImeSwitcherDisabledPackage : false
06-12 15:52:28.216 5039-5946/? V/InputMethodManagerService: Creating new session for client ClientState{c18b09 uid 10025 pid 28815}
06-12 15:52:28.218 5039-5946/? D/InputMethodManagerService: setCurrentInputInfo - inputContext : null eidtorInfo : android.view.inputmethod.EditorInfo@af5c410 missingMethods : 0
06-12 15:52:28.218 5564-5564/? I/InputMethodWrapper:  call dispatchStartInputWithToken
06-12 15:52:28.218 5564-5564/? I/InputMethodService: dispatchStartInputWithToken
06-12 15:52:28.219 5564-5564/? I/SKBD: SamsungKeypad [IMI] onStartInput - caller pid : 28815, caller uid : 10025
06-12 15:52:28.232 28848-28848/? I/MultiDex: VM with version 2.1.0 has multidex support
    install
    VM has multidex support, MultiDex support library is disabled.
06-12 15:52:28.240 28848-28848/? D/MusicLifecycle: com.google.android.music.store.ConfigContentProvider generated event: Content provider created
06-12 15:52:28.241 28861-28861/? D/b: WidgetDataManager
06-12 15:52:28.241 28848-28848/? D/MusicLifecycle: com.google.android.music.api.MusicPublicContentProvider generated event: Content provider created
06-12 15:52:28.241 28861-28861/? D/b: addWidgetData() 18
06-12 15:52:28.242 28861-28861/? D/PacakageChanageReceiver: Action: android.intent.action.PACKAGE_ADDED
    The DATA: package:com.example.fliptest
    Parsed package name : com.example.fliptest
06-12 15:52:28.242 5039-5838/? V/WindowManager: finishDrawingLocked: mDrawState=COMMIT_DRAW_PENDING Window{8621ac2 u0 com.google.android.packageinstaller/com.android.packageinstaller.permission.ui.GrantPermissionsActivity} in Surface(name=com.google.android.packageinstaller/com.android.packageinstaller.permission.ui.GrantPermissionsActivity)
06-12 15:52:28.243 28815-28815/? V/InputMethodManager: Starting input: tba=android.view.inputmethod.EditorInfo@42c4601 nm : com.google.android.packageinstaller ic=null
06-12 15:52:28.243 28861-28861/? I/[SAW]: reloadWidgetData4x1forZero
06-12 15:52:28.243 28815-28815/? V/InputMethodManager: Starting input: tba=android.view.inputmethod.EditorInfo@42c4601 nm : com.google.android.packageinstaller ic=null
06-12 15:52:28.244 28861-28861/? D/a: widget type : 1
06-12 15:52:28.255 5039-5063/? I/ActivityManager: Displayed com.google.android.packageinstaller/com.android.packageinstaller.permission.ui.GrantPermissionsActivity: +262ms
06-12 15:52:28.260 5039-5138/? D/SamsungPhoneWindowManager: Turning screen on : com.google.android.packageinstaller uid = 10025
06-12 15:52:28.260 5039-5138/? D/EdgeLightingManager: showForWakeUpByWindow : packageName = com.google.android.packageinstaller, screenOn = true
06-12 15:52:28.260 5039-5138/? D/PowerManagerService: [api] [s] wakeUpWithReason (uid: 1000 pid: 5039) eventTime = 119633956 event = 17
06-12 15:52:28.261 28848-28848/? D/MusicLifecycle: com.google.android.music.store.MusicContentProvider generated event: Content provider created
06-12 15:52:28.271 28848-28848/? D/MusicLifecycle: com.google.android.music.ui.PhoneMusicApplication generated event: Application created
06-12 15:52:28.291 3194-3194/? D/SurfaceFlinger:   Display[0] configurations (* current):
        * 0: 1440x2560, xdpi=537.882019, ydpi=532.982971, refresh=16949152
      numHwLayers=4, flags=00000000
        type   |  handle  | hint | flag | tr | blnd |   format    |     source crop (l,t,r,b)      |          frame         | name 
    -----------+----------+------+------+----+------+-------------+--------------------------------+------------------------+------
           HWC | 700fc27900 | 0000 | 0000 | 00 | 0100 | RGB_565     |    0.0,    0.0, 1080.0, 1920.0 |    0,    0, 1080, 1920 | SurfaceView - com.example.fliptest/com.unity3d.player.UnityPlayerActivity@bce0aa2@0#0
           HWC | 700bb07240 | 0000 | 0000 | 00 | 0105 | RGBA_8888   |    0.0,    0.0, 1027.0, 1860.0 |   66,  104, 1011, 1816 | com.google.android.packageinstaller/com.android.packageinstaller.permission.ui.GrantPermissionsActivity#0
           HWC | 700bb09100 | 0000 | 0000 | 00 | 0105 | RGBA_8888   |    0.0,    0.0,   67.0,  359.0 | 1013,  423, 1080,  782 | com.samsung.android.app.cocktailbarservice/com.samsung.andr
    oid.app.cocktailbarservice.CocktailBarService#0
     FB TARGET | 700bdf5d80 | 0000 | 0000 | 00 | 0105 | RGBA_8888   |    0.0,    0.0, 1440.0, 2560.0 |    0,    0, 1440, 2560 | HWC_FRAMEBUFFER_TARGET
06-12 15:52:28.309 3194-3194/? D/SurfaceFlinger:   Display[0] configurations (* current):
        * 0: 1440x2560, xdpi=537.882019, ydpi=532.982971, refresh=16949152
      numHwLayers=5, flags=00000000
        type   |  handle  | hint | flag | tr | blnd |   format    |     source crop (l,t,r,b)      |          frame         | name 
    -----------+----------+------+------+----+------+-------------+--------------------------------+------------------------+------
           HWC | 700fc27900 | 0000 | 0000 | 00 | 0100 | RGB_565     |    0.0,    0.0, 1080.0, 1920.0 |    0,    0, 1080, 1920 | SurfaceView - com.example.fliptest/com.unity3d.player.UnityPlayerActivity@bce0aa2@0#0
          GLES | 00000000 | 0000 | 0200 | 00 | 0105 | ? ffffffff  |   -0.2,   -0.2,   -0.8,   -0.8 |    0,    0, 1080, 1920 | DimLayerController/Stack=0#0
           HWC | 700bb07240 | 0000 | 0000 | 00 | 0105 | RGBA_8888   |    0.0,    0.0, 1027.0, 1860.0 |   57,   86, 1022, 1834 | com.google.android.packageinstaller/com.android.packageinstaller.permission.ui.GrantPermissionsActivity#0
           HWC | 700bb09100 | 0000 |
     0000 | 00 | 0105 | RGBA_8888   |    0.0,    0.0,   67.0,  359.0 | 1013,  423, 1080,  782 | com.samsung.android.app.cocktailbarservice/com.samsung.android.app.cocktailbarservice.CocktailBarService#0
     FB TARGET | 700bdf5f00 | 0000 | 0000 | 00 | 0105 | RGBA_8888   |    0.0,    0.0, 1440.0, 2560.0 |    0,    0, 1440, 2560 | HWC_FRAMEBUFFER_TARGET
06-12 15:52:28.322 5039-5946/? W/BroadcastQueue: Background execution not allowed: receiving Intent { act=android.intent.action.PACKAGE_ADDED dat=package:com.example.fliptest flg=0x4000010 (has extras) } to com.sec.imsservice/com.sec.internal.tapi.service.receiver.PackageEventReceiver
06-12 15:52:28.323 5039-5946/? I/ActivityManager: KPU : put [com.google.android.apps.photos] : 0 K
    Killing 28163:com.google.android.apps.photos/u0a135 (adj 906): DHA:empty #25
06-12 15:52:28.324 5039-5054/? W/BroadcastQueue: Background execution not allowed: receiving Intent { act=android.intent.action.PACKAGE_ADDED dat=package:com.example.fliptest flg=0x4000010 (has extras) } to com.wssnps/.stubdownload.smlNpsPackageReceiver
06-12 15:52:28.325 8747-8747/? I/Utils: isCurrentUser current = 0, ownerId = 0
06-12 15:52:28.325 8747-8747/? I/TrayVisibilityController: getComputedTrayVisible : keyguardState = 1
    updateTrayVisible: State=1 visible=1 mCurrentVisible=1 specificMode=0
06-12 15:52:28.325 8747-8747/? D/TrayStateController: onNotifyUpdateTray: 0 to need to visible? true
06-12 15:52:28.331 5577-5844/? D/NetworkController.MobileSignalController(0/-2): onSignalStrengthsChanged signalStrength=SignalStrength: 17 99 -17 -200 -17 -200 -1 99 2147483647 2147483647 2147483647 2147483647 0 2147483647 0x4 P gsm|lte level=4
    getMobileIconGroup(): 0
06-12 15:52:28.351 5894-5971/? D/ForegroundUtils: could not check pending caller
06-12 15:52:28.369 28848-28848/? D/MusicLifecycle: com.google.android.music.store.ConfigContentProvider generated event: initializing
06-12 15:52:28.369 28848-28848/? I/BaseStore: ConfigStore database version: 1
06-12 15:52:28.404 5039-5039/? D/AppWidgetServiceImpl: handleNotifyUpdateAppWidget, appWidgetId = 3
06-12 15:52:28.405 6498-6498/? I/LauncherAppWidgetHostView: updateLastInflationOrientation, orientation: 1, widget: AppWidgetProviderInfo(UserHandle{0}/ComponentInfo{com.google.android.googlequicksearchbox/com.google.android.googlequicksearchbox.SearchWidgetProvider})
06-12 15:52:28.435 28848-28848/? I/zygote64: find the special shared library, skip check
06-12 15:52:28.437 28848-28848/? I/zygote64: find the special shared library, skip check
06-12 15:52:28.470 28848-28848/? W/linker: "/data/app/com.google.android.gms-1/lib/arm64/libconscrypt_gmscore_jni.so" unused DT entry: type 0xf arg 0x8a
06-12 15:52:28.475 28848-28848/? V/NativeCrypto: Registering com/google/android/gms/org/conscrypt/NativeCrypto's 280 native methods...
06-12 15:52:28.532 28848-28848/? D/NetworkSecurityConfig: No Network Security Config specified, using platform default
06-12 15:52:28.535 28848-28848/? I/ProviderInstaller: Installed default security provider GmsCore_OpenSSL
06-12 15:52:28.535 28848-28848/? D/AndroidMusic: GMSCore installation verified
06-12 15:52:28.553 5039-5329/? W/StorageManager: getStorageLowBytes lowPercent : 5, lowBytes : 1332964147, maxLowBytes : 524288000
06-12 15:52:28.567 5039-5329/? I/chatty: uid=1000(system) Binder:5039_3 identical 9 lines
06-12 15:52:28.568 5039-5329/? W/StorageManager: getStorageLowBytes lowPercent : 5, lowBytes : 1332964147, maxLowBytes : 524288000
06-12 15:52:28.573 5039-5063/? D/CustomFrequencyManagerService: acquireDVFSLockLocked : type : DVFS_MIN_LIMIT  frequency : 1768000  uid : 1000  pid : 5039  pkgName : AMS_RESUME_TAIL@CPU_MIN@22
06-12 15:52:28.573 5039-5063/? D/ActivityManagerPerformance: AMP_acquire() TAIL
06-12 15:52:28.573 5039-5063/? D/CustomFrequencyManagerService: FrequencyrequestList.getNextMaxCPUCoreRequest, index: 3
    releaseDVFSLockLocked : Getting Lock type frm List : DVFS_MIN_LIMIT  frequency : 2600000  uid : 1000  pid : 5039  tag : AMS_APP_SWITCH@CPU_MIN@31
06-12 15:52:28.573 5039-5063/? D/ActivityManagerPerformance: AMP_release() APP_SWITCH
06-12 15:52:28.655 28848-28848/? I/MusicExperimentManager: Received config change, experiments list is 12600335,12600357,12600366,12600390,12600394,12600397,12600426,12600428,12600430,12600444,12600465,12600466,12600467,12600506,12600526,12600530,12600536,12602068,12611176,12611729,12612247,12616614,12616615,12617467,12619023,12619033,12619127,12620830,12625361,12625500,12625941,12626008,12626945,12627951,12628654,12629142,12629604,12629667,12630065,12630168,12630209,12631091,12631414,12631643,12632064,12632720,12633320,12634000,12635213,12636020,12641074,12641834,12641838,12642809,12643537,12648954,12649047,12650240,12650284,12652170,12653224,12653567,12655169,12655808,12656072,12656350,12656556,12656567,12656997
06-12 15:52:28.691 28848-28848/? I/BaseStore: Store database version: 146
06-12 15:52:28.702 5039-28909/? D/TspStateManagerInternal: update cmd=set_grip_data,1,60,10,32,768
06-12 15:52:28.731 6048-6048/? I/WearableService: Wearable Services stopping
06-12 15:52:28.750 28848-28848/? I/PlaybackClient: init: Initializing
06-12 15:52:28.776 5039-17295/? D/ConnectivityService: filterNetworkStateForUid() uid: 10128 networkInfo: [type: WIFI[] - WIFI, state: DISCONNECTED/BLOCKED, reason: (unspecified), extra: (none), failover: false, available: true, roaming: false, metered: false]
06-12 15:52:28.836 5039-5048/? I/zygote64: Background concurrent copying GC freed 51067(3MB) AllocSpace objects, 17(356KB) LOS objects, 36% free, 42MB/66MB, paused 688us total 148.659ms
06-12 15:52:28.854 28848-28848/? D/MusicLifecycle: com.google.android.music.browse.MediaBrowserService generated event: Service created
06-12 15:52:28.866 5039-17295/? I/chatty: uid=1000(system) Binder:5039_1B identical 4 lines
06-12 15:52:28.870 5039-17295/? D/ConnectivityService: filterNetworkStateForUid() uid: 10128 networkInfo: [type: WIFI[] - WIFI, state: DISCONNECTED/BLOCKED, reason: (unspecified), extra: (none), failover: false, available: true, roaming: false, metered: false]
06-12 15:52:28.877 5039-5039/? D/CustomFrequencyManagerService: releaseDVFSLockLocked : Getting Lock type frm List : DVFS_MIN_LIMIT  frequency : 1768000  uid : 1000  pid : 5039  tag : AMS_RESUME_TAIL@CPU_MIN@22
06-12 15:52:28.892 28848-28848/? D/MusicLifecycle: com.google.android.music.net.NetworkConnectivityMonitor$NetworkChangedReceiver generated event: Broadcast received with context com.google.android.music.ui.PhoneMusicApplication@dd7bc4e and intent Intent { act=android.net.conn.CONNECTIVITY_CHANGE flg=0x4000010 (has extras) }
06-12 15:52:28.893 5039-17295/? D/ConnectivityService: filterNetworkStateForUid() uid: 10128 networkInfo: [type: WIFI[] - WIFI, state: DISCONNECTED/BLOCKED, reason: (unspecified), extra: (none), failover: false, available: true, roaming: false, metered: false]
06-12 15:52:28.894 28848-28848/? I/NetworkConnectivity: Network state changed: [type: WIFI[] - WIFI, state: DISCONNECTED/BLOCKED, reason: (unspecified), extra: (none), failover: false, available: true, roaming: false, metered: false]
06-12 15:52:28.897 5039-13974/? D/ConnectivityService: filterNetworkStateForUid() uid: 10128 networkInfo: [type: WIFI[] - WIFI, state: DISCONNECTED/BLOCKED, reason: (unspecified), extra: (none), failover: false, available: true, roaming: false, metered: false]
06-12 15:52:28.915 28848-28848/? D/MusicLifecycle: com.google.android.music.download.EncapsulatedBroadcastReceiver$1 generated event: Broadcast received with context com.google.android.music.ui.PhoneMusicApplication@dd7bc4e and intent Intent { act=com.google.android.music.ResumeStorageMigration flg=0x10 (has extras) }
06-12 15:52:28.919 28848-28848/? D/MusicLifecycle: com.google.android.music.download.artwork.ArtDownloadService generated event: Service created
06-12 15:52:28.924 5039-17295/? W/StorageManager: getStorageLowBytes lowPercent : 5, lowBytes : 1332964147, maxLowBytes : 524288000
06-12 15:52:28.926 5039-13974/? W/StorageManager: getStorageLowBytes lowPercent : 5, lowBytes : 1332964147, maxLowBytes : 524288000
06-12 15:52:28.927 5039-5329/? D/ConnectivityService: filterNetworkStateForUid() uid: 10128 networkInfo: [type: WIFI[] - WIFI, state: DISCONNECTED/BLOCKED, reason: (unspecified), extra: (none), failover: false, available: true, roaming: false, metered: false]
06-12 15:52:28.929 5039-5329/? D/ConnectivityService: filterNetworkStateForUid() uid: 10128 networkInfo: [type: WIFI[] - WIFI, state: DISCONNECTED/BLOCKED, reason: (unspecified), extra: (none), failover: false, available: true, roaming: false, metered: false]
06-12 15:52:28.930 5039-13974/? D/ConnectivityService: filterNetworkStateForUid() uid: 10128 networkInfo: [type: WIFI[] - WIFI, state: DISCONNECTED/BLOCKED, reason: (unspecified), extra: (none), failover: false, available: true, roaming: false, metered: false]
06-12 15:52:28.934 5039-5329/? D/ConnectivityService: filterNetworkStateForUid() uid: 10128 networkInfo: [type: WIFI[] - WIFI, state: DISCONNECTED/BLOCKED, reason: (unspecified), extra: (none), failover: false, available: true, roaming: false, metered: false]
06-12 15:52:28.953 28848-28897/? W/AdvertisingIdClient: Error while reading from SharedPreferences 
    java.lang.SecurityException: MODE_WORLD_READABLE no longer supported
        at android.app.ContextImpl.checkMode(ContextImpl.java:2453)
        at android.app.ContextImpl.getSharedPreferences(ContextImpl.java:389)
        at android.app.ContextImpl.getSharedPreferences(ContextImpl.java:376)
        at com.google.android.gms.ads.identifier.AdvertisingIdClient.getAdvertisingIdInfo(Unknown Source:12)
        at com.google.android.music.preferences.MusicPreferences.getAdvertisingIdInfo(MusicPreferences.java:2476)
        at com.google.android.music.preferences.MusicPreferences.access$1000(MusicPreferences.java:83)
        at com.google.android.music.preferences.MusicPreferences$7.run(MusicPreferences.java:2457)
        at com.google.android.music.utils.async.TraceableRunnable.runLogged(TraceableRunnable.java:21)
        at com.google.android.music.utils.async.LoggedRunnable.run(LoggedRunnable.java:30)
        at android.os.Handler.handleCallback(Handler.java:789)
        at android.os.Handler.dispatchMessage(Handler.java:98)
        at com.google.android.music.utils.LoggableHandler.dispatchMessage(LoggableHandler.java:74)
        at android.os.Looper.loop(Looper.java:164)
        at android.os.HandlerThread.run(HandlerThread.java:65)
06-12 15:52:28.986 28848-28848/? D/MusicLifecycle: com.google.android.music.playback2.MusicPlaybackService generated event: Service created
06-12 15:52:28.986 28848-28848/? I/MusicPlaybackService: v2 onCreate
06-12 15:52:29.002 28848-28848/? V/MediaRouter: Adding route: RouteInfo{ name=Phone, description=null, status=null, category=RouteCategory{ name=System types=ROUTE_TYPE_LIVE_AUDIO ROUTE_TYPE_LIVE_VIDEO  groupable=false }, supportedTypes=ROUTE_TYPE_LIVE_AUDIO ROUTE_TYPE_LIVE_VIDEO , presentationDisplay=null }
06-12 15:52:29.003 5039-13974/? V/WifiDisplayAdapter: getWifiDisplayStatusLocked: result=WifiDisplayStatus{featureState=2, scanState=0, activeDisplayState=0, activeDisplay=null, displays=[], sessionInfo=WifiDisplaySessionInfo: Client/Owner: Client GroupId:  Passphrase:  SessionId: 0 IP Address: , connectedState=-1}
06-12 15:52:29.013 28848-28848/? V/MediaRouter: Selecting route: RouteInfo{ name=Phone, description=null, status=null, category=RouteCategory{ name=System types=ROUTE_TYPE_LIVE_AUDIO ROUTE_TYPE_LIVE_VIDEO  groupable=false }, supportedTypes=ROUTE_TYPE_LIVE_AUDIO ROUTE_TYPE_LIVE_VIDEO , presentationDisplay=null }
06-12 15:52:29.014 5039-5329/? V/WifiDisplayAdapter: getWifiDisplayStatusLocked: result=WifiDisplayStatus{featureState=2, scanState=0, activeDisplayState=0, activeDisplay=null, displays=[], sessionInfo=WifiDisplaySessionInfo: Client/Owner: Client GroupId:  Passphrase:  SessionId: 0 IP Address: , connectedState=-1}
06-12 15:52:29.018 5039-5329/? D/AudioService: GetAppDevice, uid=10128
06-12 15:52:29.019 5039-5329/? D/AudioService: getStreamVolume 3 index 0
06-12 15:52:29.022 28848-28848/? I/MediaRouter: Found default route: MediaRouter.RouteInfo{ uniqueId=android/.support.v7.media.SystemMediaRouteProvider:DEFAULT_ROUTE, name=Phone, description=null, iconUri=null, enabled=true, connecting=false, connectionState=0, canDisconnect=false, playbackType=0, playbackStream=3, deviceType=0, volumeHandling=1, volume=0, volumeMax=15, presentationDisplayId=-1, extras=null, settingsIntent=null, providerPackageName=android }
06-12 15:52:29.023 28848-28848/? I/MediaRouter: Unselecting the current route because it is no longer selectable: null
06-12 15:52:29.048 28848-28848/? V/MediaRouterClient: setCallback
06-12 15:52:29.084 5039-5329/? W/StorageManager: getStorageLowBytes lowPercent : 5, lowBytes : 1332964147, maxLowBytes : 524288000
06-12 15:52:29.087 5039-13974/? W/StorageManager: getStorageLowBytes lowPercent : 5, lowBytes : 1332964147, maxLowBytes : 524288000
06-12 15:52:29.143 5039-5329/? D/MediaSessionStack: updateMediaButtonSessionIfNeeded, callers=com.android.server.media.MediaSessionStack.addSession:117 com.android.server.media.MediaSessionService.createSessionLocked:578 
06-12 15:52:29.143 5039-5329/? D/MediaSessionService: Created session for com.google.android.music with tag com.google.android.music
06-12 15:52:29.144 5577-5847/? D/vol.MediaSessions: updateRemoteControllerH null
    onActiveSessionsUpdatedH n=0
06-12 15:52:29.145 5577-5847/? D/vol.MediaSessions: onActiveSessionsUpdatedH n=0
06-12 15:52:29.146 5577-5577/? D/PlaybackStateMonitor_LOCK: onActiveSessionsChanged() controllers: Size: 0
    updateController: , current controller = 
06-12 15:52:29.146 5577-5577/? D/MusicController_LOCK: onSessionEnabled() enabled = true, mEnabled = true, lastSession = null, activeSession = null
06-12 15:52:29.153 28848-28848/? I/MediaSessionManager: MediaSessionManager created
06-12 15:52:29.162 28848-28848/? V/MediaSessionManager: MediaSessionManager being initialized
06-12 15:52:29.165 5577-5847/? D/vol.MediaSessions: updateRemoteControllerH null
06-12 15:52:29.166 5577-5847/? D/vol.MediaSessions: onActiveSessionsUpdatedH n=1
06-12 15:52:29.167 5039-5329/? D/AudioService: GetAppDevice, uid=10066
06-12 15:52:29.168 5039-5329/? D/AudioService: getStreamVolume 3 index 0
06-12 15:52:29.168 5577-5577/? D/PlaybackStateMonitor_LOCK: onActiveSessionsChanged() controllers: Size: 1 Package: com.google.android.music Flags: 3 State: null Metadata: null ButtonReceiver: PendingIntent{1a5097b: android.os.BinderProxy@c4ab398}
06-12 15:52:29.170 5577-5577/? D/PlaybackStateMonitor_LOCK: updateController: , current controller = 
06-12 15:52:29.170 5577-5577/? D/MusicController_LOCK: onSessionEnabled() enabled = false, mEnabled = true, lastSession = null, activeSession = com.google.android.music
06-12 15:52:29.171 5039-5329/? D/SecContentProvider: query(), uri = 17 selection = isSettingsChangesAllowed
06-12 15:52:29.173 5039-5329/? D/SecContentProvider: called from android.uid.systemui:10066
06-12 15:52:29.180 5577-5847/? D/vol.MediaSessions: onActiveSessionsUpdatedH n=1
06-12 15:52:29.180 5039-5329/? D/AudioService: GetAppDevice, uid=10066
06-12 15:52:29.181 5039-5329/? D/AudioService: getStreamVolume 3 index 0
06-12 15:52:29.207 28848-28848/? D/MusicServiceTask: ReloadStateTask ReloadStateTask
06-12 15:52:29.209 28848-28848/? I/MusicPlaybackService: v2 onBind received with intent Intent { cmp=com.google.android.music/.playback2.MusicPlaybackService }
06-12 15:52:29.214 5039-17295/? I/ActivityManager: KPU : put [com.samsung.android.securitylogagent] : 0 K
    Killing 28251:com.samsung.android.securitylogagent/1000 (adj 906): DHA:empty #25
06-12 15:52:29.225 5039-17295/? V/WindowManager: Relayout Window{1d56543 u0 com.example.fliptest/com.unity3d.player.UnityPlayerActivity}: viewVisibility=0 req=1080x1920 WM.LayoutParams{(0,0)(fillxfill) sim=#20 ty=1 fl=#80810500 pfl=0x20000 fmt=-3 wanim=0x10302fd vsysui=0x1706 sysuil=true needsMenuKey=2 colorMode=0 naviIconColor=0}
06-12 15:52:29.234 28420-28420/? D/ViewRootImpl@9b1c497[UnityPlayerActivity]: Relayout returned: old=[0,0][1080,1920] new=[0,0][1080,1920] result=0x1 surface={valid=true 3666814976} changed=false
06-12 15:52:29.244 5894-5971/? D/ForegroundUtils: could not check pending caller
06-12 15:52:29.249 28848-28848/? W/DynamiteModule: Local module descriptor class for com.google.android.gms.googlecertificates not found.
06-12 15:52:29.272 28848-28848/? I/DynamiteModule: Considering local module com.google.android.gms.googlecertificates:0 and remote module com.google.android.gms.googlecertificates:4
06-12 15:52:29.273 28848-28848/? I/DynamiteModule: Selected remote version of com.google.android.gms.googlecertificates, version >= 4
06-12 15:52:29.307 28848-28848/? W/zygote64: Skipping duplicate class check due to unrecognized classloader
06-12 15:52:29.325 28848-28848/? D/GoogleCertificates: com.google.android.gms.googlecertificates module is loaded
06-12 15:52:29.336 28848-28848/? D/GoogleSignatureVerifier: Cert not in list. atk=false
06-12 15:52:29.339 28848-28848/? D/GoogleSignatureVerifier: Cert not in list. atk=true
06-12 15:52:29.371 28848-28848/? D/MusicLifecycle: com.google.android.music.download.EncapsulatedBroadcastReceiver$1 generated event: Broadcast received with context com.google.android.music.ui.PhoneMusicApplication@dd7bc4e and intent Intent { act=com.google.android.music.download.keepon.KeeponSchedulingService.START_DOWNLOAD flg=0x10 }
06-12 15:52:29.372 5039-13974/? D/ConnectivityService: filterNetworkStateForUid() uid: 10128 networkInfo: [type: WIFI[] - WIFI, state: DISCONNECTED/BLOCKED, reason: (unspecified), extra: (none), failover: false, available: true, roaming: false, metered: false]
06-12 15:52:29.384 28848-28848/? V/MediaRouter: Selecting route: RouteInfo{ name=Phone, description=null, status=null, category=RouteCategory{ name=System types=ROUTE_TYPE_LIVE_AUDIO ROUTE_TYPE_LIVE_VIDEO  groupable=false }, supportedTypes=ROUTE_TYPE_LIVE_AUDIO ROUTE_TYPE_LIVE_VIDEO , presentationDisplay=null }
06-12 15:52:29.386 5039-13974/? V/WifiDisplayAdapter: getWifiDisplayStatusLocked: result=WifiDisplayStatus{featureState=2, scanState=0, activeDisplayState=0, activeDisplay=null, displays=[], sessionInfo=WifiDisplaySessionInfo: Client/Owner: Client GroupId:  Passphrase:  SessionId: 0 IP Address: , connectedState=-1}
06-12 15:52:29.392 28848-28848/? V/MediaRouterClient: MAIN: synchronize
06-12 15:52:29.393 28848-28848/? I/TaskManagerImpl: onStartNextTask current task: null
    starting next task: com.google.android.music.playback2.tasks.ReloadStateTask@c73c741 at time 611680592
06-12 15:52:29.395 28848-28848/? D/MusicServiceTask: ReloadStateTask submitToBackground: callable=com.google.android.music.playback2.callables.ReloadStateCallable@147d4e6
06-12 15:52:29.399 28848-28930/? D/CallableWrapper: Calling callable=com.google.android.music.playback2.callables.ReloadStateCallable@147d4e6
06-12 15:52:29.407 28848-28848/? D/MusicLifecycle: com.google.android.music.eventlog.PlayLogsService generated event: Service created
06-12 15:52:29.423 28848-28848/? I/MusicPlaybackService: v2 handle message with intent Intent { act=com.google.android.music.musicservicecommand.requestmediasessiontoken (has extras) }
06-12 15:52:29.424 28848-28848/? I/MusicPlaybackService: v2 Queuing intent Intent { act=com.google.android.music.musicservicecommand.requestmediasessiontoken (has extras) }
06-12 15:52:29.424 28848-28848/? D/MusicLifecycle: com.google.android.music.store.MusicContentProvider generated event: initializing
06-12 15:52:29.430 28848-28910/? D/AwarenessRouter: 0 new fences
06-12 15:52:29.441 28848-28910/? D/AwarenessRouter: 0 fences already registered
06-12 15:52:29.449 28848-28910/? D/AwarenessRouter: Successfully removed 0 context fences
06-12 15:52:29.459 28848-28930/? W/PlaybackServiceState: reload: Can't reload mix descriptor. No valid ID found.
06-12 15:52:29.459 28848-28930/? D/PlaybackServiceState: reload: no mix descriptor found
06-12 15:52:29.467 28848-28930/? D/CallableWrapper: Finished callable=com.google.android.music.playback2.callables.ReloadStateCallable@147d4e6
06-12 15:52:29.467 5039-5716/? D/ConnectivityService: filterNetworkStateForUid() uid: 10022 networkInfo: [type: WIFI[] - WIFI, state: CONNECTED/CONNECTED, reason: (unspecified), extra: "Bearwithme", failover: false, available: true, roaming: false, metered: false]
06-12 15:52:29.468 28848-28930/? D/MusicProfiler: callable: duration=0070ms name=ReloadStateCallable
06-12 15:52:29.525 5039-13974/? D/BatteryService: !@BatteryListener : batteryPropertiesChanged!
    level:100, scale:100, status:5, health:2, present:true, voltage: 4301, temperature: 296, technology: Li-ion, AC powered:false, USB powered:true, POGO powered:false, Wireless powered:false, icon:17303851, invalid charger:0, maxChargingCurrent:0, maxChargingVoltage:0, chargeCounter:0
    online:4, current avg:-121, charge type:2, power sharing:false, high voltage charger:false, capacity:280000, batterySWSelfDischarging:false, misc_event:0, current_event:0, current_now:-1
06-12 15:52:29.525 5039-5039/? D/BatteryService: Sending ACTION_BATTERY_CHANGED.
06-12 15:52:29.527 5039-5039/? I/MotionRecognitionService: Plugged
06-12 15:52:29.528 5039-5039/? D/MotionRecognitionService:   mCableConnection= 1
    setPowerConnected : mGripEnabled = false
06-12 15:52:29.528 5039-5039/? D/SamsungPhoneWindowManager: ACTION_BATTERY_CHANGED - Level :: 100, battStatus :: 5
06-12 15:52:29.529 5039-5061/? D/UsbDeviceManager: handleMessage -> MSG_UPDATE_CHARGING_STATE = 1
06-12 15:52:29.529 5577-5577/? D/KeyguardUpdateMonitor: received broadcast android.intent.action.BATTERY_CHANGED
06-12 15:52:29.531 5577-5577/? D/BatteryController: onReceive-ACTION_BATTERY_CHANGED : mLevel=100, mBatteryStatus=5
06-12 15:52:29.539 5577-5577/? D/PowerUI: priorPlugType = 2 mPlugType =  2
06-12 15:52:29.552 28848-28848/? D/MusicServiceTask: ReloadStateTask Deliver message: taskMessage=[STATE_RELOADED, com.google.android.music.store.LocalPlayQueue@4b91d79]
06-12 15:52:29.553 28848-28848/? D/MusicServiceTask: ReloadStateTask submitToMainThread: message=[STATE_RELOADED, com.google.android.music.store.LocalPlayQueue@4b91d79]
    ReloadStateTask submitToMainThread: message=[FINISHED, null]
06-12 15:52:29.555 5577-5847/? D/vol.MediaSessions: onQueueChanged com.google.android.music []
06-12 15:52:29.557 28848-28848/? I/MusicPlaybackService: v2 State reloaded PlaybackServiceState {mQueuePosition=0, mQueueLength=0, mQueueItem=null, mPlayerState=0, mElapsedPlayPosition=0, mMix=null, mRepeatMode=0, mShuffleMode=0, mAdReason=0, mAudioSessionId=-1, mRouteType=0, mIsCurrentTrackFullyBuffered=false, mCastNotificationState=[INACTIVE, Optional.absent(), false], mTrackDownloadProgress=null, mIsSystemGaplessEnabled=true}
06-12 15:52:29.558 28848-28848/? D/NowPlayingArt: loadArt called for null
06-12 15:52:29.570 28848-28848/? I/MusicPlaybackService: v2 processing queued intent Intent { act=com.google.android.music.musicservicecommand.requestmediasessiontoken (has extras) }
    v2 onStartCommand: intent=Intent { act=com.google.android.music.musicservicecommand.requestmediasessiontoken (has extras) } extras=Bundle[{com.google.android.music.UI_MODE=1}]
06-12 15:52:29.571 28848-28848/? I/TaskManagerImpl: Task finished: com.google.android.music.playback2.tasks.ReloadStateTask@c73c741
06-12 15:52:29.571 28848-28848/? D/MusicProfiler: TaskManagerImpl duration=0178ms task=com.google.android.music.playback2.tasks.ReloadStateTask@c73c741
06-12 15:52:29.572 28848-28848/? I/TaskManagerImpl: onStartNextTask current task: null
06-12 15:52:29.575 28848-28848/? D/MusicLifecycle: com.google.android.music.playback.NowPlayingHomeWidgetProvider generated event: Broadcast received with context com.google.android.music.ui.PhoneMusicApplication@dd7bc4e and intent Intent { act=com.google.android.music.playback.FORCE_WIDGET_PROVIDER_REFRESH flg=0x10 }
06-12 15:52:29.577 28848-28848/? V/BroadcastManager: v2 com.google.android.music.mediasessiontokenresponse
06-12 15:52:29.580 28848-28848/? D/MediaSessionManager: Current track is null
06-12 15:52:29.581 5577-5847/? D/vol.MediaSessions: onMetadataChanged com.google.android.music null
06-12 15:52:29.583 28848-28848/? D/MediaSessionManager: new playback state: PlaybackState {state=0, position=0, buffered position=0, speed=0.0, updated=611680781, actions=2506679, error code=0, error message=null, custom actions=[], active item id=-1}
06-12 15:52:29.584 5039-5716/? D/MediaSessionRecord: setPlaybackState oldState:0, newState:0, packageName:com.google.android.music
06-12 15:52:29.585 5577-5847/? D/vol.MediaSessions: onPlaybackStateChanged com.google.android.music STATE_NONE PlaybackState {state=0, position=0, buffered position=0, speed=0.0, updated=611680781, actions=2506679, custom actions=[], active item id=-1, error=null}
06-12 15:52:29.586 28848-28848/? D/MusicLifecycle: com.google.android.music.browse.MediaBrowserService$1 generated event: Broadcast received with context com.google.android.music.browse.MediaBrowserService@3fe1a73 and intent Intent { act=com.google.android.music.mediasessiontokenresponse flg=0x10000010 (has extras) }
06-12 15:52:29.589 28778-28778/? D/GoogleMusicUtils: MediaBrowser connected
06-12 15:52:29.591 28778-28778/? D/GoogleMusicUtils: mTransportControls : connection callbackandroid.media.session.MediaController$TransportControls@a023c4a
06-12 15:52:29.832 5039-5181/? D/InputReader: Input event(3): value=1 when=119635529006000
06-12 15:52:29.833 5039-5181/? D/InputReader: Input event(3): value=1 when=119635529006000
06-12 15:52:29.833 5039-5181/? I/InputReader: Touch event's action is 0x0 (deviceType=0) [pCnt=1, s=1.4701 ] when=119635529006000
